2026/08/31 16:52:44 - __main__ - INFO - 73 - main - Namespace(dataset='amazon_beauty', log_file='log/', random_seed=1997, max_len=50, device='cuda', num_gpu=1, batch_size=512, hidden_size=128, dropout=0.1, emb_dropout=0.3, hidden_act='gelu', num_blocks=4, epochs=500, decay_step=100, gamma=0.1, metric_ks=[5, 10, 20], optimizer='Adam', lr=0.001, weight_decay=0, momentum=None, lambda_uncertainty=0.001, eval_interval=20, patience=5, eps=0.001, sample_N=30, lambda_t=0.001, dropout_c=0.1, eps_reverse=0.001, m_logNorm=1.0, s_logNorm=0.6, s_modsamp=1.0, last=2, mask_ratio=1.0, sampling_method='mode', Loss_Alpha=0.0, Loss_Beta=0.0)
2026/08/31 16:52:45 - __main__ - INFO - 117 - trainer - Epoch: 0
2026/08/31 16:52:45 - __main__ - INFO - 162 - trainer - [0/257] Loss: 1.9920
2026/08/31 16:52:53 - __main__ - INFO - 162 - trainer - [52/257] Loss: 1.7847
2026/08/31 16:53:00 - __main__ - INFO - 162 - trainer - [104/257] Loss: 1.6074
2026/08/31 16:53:07 - __main__ - INFO - 162 - trainer - [156/257] Loss: 1.4345
2026/08/31 16:53:14 - __main__ - INFO - 162 - trainer - [208/257] Loss: 1.2853
2026/08/31 16:53:21 - __main__ - INFO - 167 - trainer - Average loss in epoch 0: 1.5450
2026/08/31 16:53:21 - __main__ - INFO - 117 - trainer - Epoch: 1
2026/08/31 16:53:21 - __main__ - INFO - 162 - trainer - [0/257] Loss: 1.1724
2026/08/31 16:53:29 - __main__ - INFO - 162 - trainer - [52/257] Loss: 1.0642
2026/08/31 16:53:36 - __main__ - INFO - 162 - trainer - [104/257] Loss: 0.9863
2026/08/31 16:53:43 - __main__ - INFO - 162 - trainer - [156/257] Loss: 0.9134
2026/08/31 16:53:50 - __main__ - INFO - 162 - trainer - [208/257] Loss: 0.8817
2026/08/31 16:53:57 - __main__ - INFO - 167 - trainer - Average loss in epoch 1: 0.9782
2026/08/31 16:53:57 - __main__ - INFO - 117 - trainer - Epoch: 2
2026/08/31 16:53:57 - __main__ - INFO - 162 - trainer - [0/257] Loss: 0.8643
2026/08/31 16:54:05 - __main__ - INFO - 162 - trainer - [52/257] Loss: 0.8392
2026/08/31 16:54:12 - __main__ - INFO - 162 - trainer - [104/257] Loss: 0.8179
2026/08/31 16:54:19 - __main__ - INFO - 162 - trainer - [156/257] Loss: 0.7955
2026/08/31 16:54:27 - __main__ - INFO - 162 - trainer - [208/257] Loss: 0.7719
2026/08/31 16:54:34 - __main__ - INFO - 167 - trainer - Average loss in epoch 2: 0.8025
2026/08/31 16:54:34 - __main__ - INFO - 117 - trainer - Epoch: 3
2026/08/31 16:54:34 - __main__ - INFO - 162 - trainer - [0/257] Loss: 0.7326
2026/08/31 16:54:41 - __main__ - INFO - 162 - trainer - [52/257] Loss: 0.7251
2026/08/31 16:54:48 - __main__ - INFO - 162 - trainer - [104/257] Loss: 0.7191
2026/08/31 16:54:56 - __main__ - INFO - 162 - trainer - [156/257] Loss: 0.7169
2026/08/31 16:55:03 - __main__ - INFO - 162 - trainer - [208/257] Loss: 0.6889
2026/08/31 16:55:09 - __main__ - INFO - 167 - trainer - Average loss in epoch 3: 0.7093
2026/08/31 16:55:09 - __main__ - INFO - 117 - trainer - Epoch: 4
2026/08/31 16:55:10 - __main__ - INFO - 162 - trainer - [0/257] Loss: 0.6694
2026/08/31 16:55:17 - __main__ - INFO - 162 - trainer - [52/257] Loss: 0.6703
2026/08/31 16:55:24 - __main__ - INFO - 162 - trainer - [104/257] Loss: 0.6426
2026/08/31 16:55:32 - __main__ - INFO - 162 - trainer - [156/257] Loss: 0.6338
2026/08/31 16:55:39 - __main__ - INFO - 162 - trainer - [208/257] Loss: 0.6098
2026/08/31 16:55:46 - __main__ - INFO - 167 - trainer - Average loss in epoch 4: 0.6366
2026/08/31 16:55:46 - __main__ - INFO - 117 - trainer - Epoch: 5
2026/08/31 16:55:46 - __main__ - INFO - 162 - trainer - [0/257] Loss: 0.5990
2026/08/31 16:55:53 - __main__ - INFO - 162 - trainer - [52/257] Loss: 0.5898
2026/08/31 16:56:00 - __main__ - INFO - 162 - trainer - [104/257] Loss: 0.5715
2026/08/31 16:56:07 - __main__ - INFO - 162 - trainer - [156/257] Loss: 0.5645
2026/08/31 16:56:15 - __main__ - INFO - 162 - trainer - [208/257] Loss: 0.5627
2026/08/31 16:56:21 - __main__ - INFO - 167 - trainer - Average loss in epoch 5: 0.5733
2026/08/31 16:56:21 - __main__ - INFO - 117 - trainer - Epoch: 6
2026/08/31 16:56:21 - __main__ - INFO - 162 - trainer - [0/257] Loss: 0.5400
2026/08/31 16:56:29 - __main__ - INFO - 162 - trainer - [52/257] Loss: 0.5230
2026/08/31 16:56:36 - __main__ - INFO - 162 - trainer - [104/257] Loss: 0.5216
2026/08/31 16:56:43 - __main__ - INFO - 162 - trainer - [156/257] Loss: 0.5018
2026/08/31 16:56:51 - __main__ - INFO - 162 - trainer - [208/257] Loss: 0.5007
2026/08/31 16:56:57 - __main__ - INFO - 167 - trainer - Average loss in epoch 6: 0.5176
2026/08/31 16:56:57 - __main__ - INFO - 117 - trainer - Epoch: 7
2026/08/31 16:56:57 - __main__ - INFO - 162 - trainer - [0/257] Loss: 0.4846
2026/08/31 16:57:05 - __main__ - INFO - 162 - trainer - [52/257] Loss: 0.4761
2026/08/31 16:57:12 - __main__ - INFO - 162 - trainer - [104/257] Loss: 0.4770
2026/08/31 16:57:19 - __main__ - INFO - 162 - trainer - [156/257] Loss: 0.4534
2026/08/31 16:57:27 - __main__ - INFO - 162 - trainer - [208/257] Loss: 0.4480
2026/08/31 16:57:33 - __main__ - INFO - 167 - trainer - Average loss in epoch 7: 0.4681
2026/08/31 16:57:33 - __main__ - INFO - 117 - trainer - Epoch: 8
2026/08/31 16:57:34 - __main__ - INFO - 162 - trainer - [0/257] Loss: 0.4507
2026/08/31 16:57:41 - __main__ - INFO - 162 - trainer - [52/257] Loss: 0.4340
2026/08/31 16:57:48 - __main__ - INFO - 162 - trainer - [104/257] Loss: 0.4215
2026/08/31 16:57:56 - __main__ - INFO - 162 - trainer - [156/257] Loss: 0.4375
2026/08/31 16:58:03 - __main__ - INFO - 162 - trainer - [208/257] Loss: 0.4086
2026/08/31 16:58:10 - __main__ - INFO - 167 - trainer - Average loss in epoch 8: 0.4241
2026/08/31 16:58:10 - __main__ - INFO - 117 - trainer - Epoch: 9
2026/08/31 16:58:10 - __main__ - INFO - 162 - trainer - [0/257] Loss: 0.3937
2026/08/31 16:58:17 - __main__ - INFO - 162 - trainer - [52/257] Loss: 0.3962
2026/08/31 16:58:25 - __main__ - INFO - 162 - trainer - [104/257] Loss: 0.3795
2026/08/31 16:58:32 - __main__ - INFO - 162 - trainer - [156/257] Loss: 0.3937
2026/08/31 16:58:39 - __main__ - INFO - 162 - trainer - [208/257] Loss: 0.3820
2026/08/31 16:58:46 - __main__ - INFO - 167 - trainer - Average loss in epoch 9: 0.3847
2026/08/31 16:58:46 - __main__ - INFO - 117 - trainer - Epoch: 10
2026/08/31 16:58:46 - __main__ - INFO - 162 - trainer - [0/257] Loss: 0.3650
2026/08/31 16:58:53 - __main__ - INFO - 162 - trainer - [52/257] Loss: 0.3586
2026/08/31 16:59:01 - __main__ - INFO - 162 - trainer - [104/257] Loss: 0.3642
2026/08/31 16:59:08 - __main__ - INFO - 162 - trainer - [156/257] Loss: 0.3503
2026/08/31 16:59:16 - __main__ - INFO - 162 - trainer - [208/257] Loss: 0.3402
2026/08/31 16:59:22 - __main__ - INFO - 167 - trainer - Average loss in epoch 10: 0.3496
2026/08/31 16:59:22 - __main__ - INFO - 117 - trainer - Epoch: 11
2026/08/31 16:59:22 - __main__ - INFO - 162 - trainer - [0/257] Loss: 0.3426
2026/08/31 16:59:30 - __main__ - INFO - 162 - trainer - [52/257] Loss: 0.3269
2026/08/31 16:59:37 - __main__ - INFO - 162 - trainer - [104/257] Loss: 0.3212
2026/08/31 16:59:44 - __main__ - INFO - 162 - trainer - [156/257] Loss: 0.3336
2026/08/31 16:59:52 - __main__ - INFO - 162 - trainer - [208/257] Loss: 0.3144
2026/08/31 16:59:58 - __main__ - INFO - 167 - trainer - Average loss in epoch 11: 0.3182
2026/08/31 16:59:58 - __main__ - INFO - 117 - trainer - Epoch: 12
2026/08/31 16:59:59 - __main__ - INFO - 162 - trainer - [0/257] Loss: 0.3073
2026/08/31 17:00:06 - __main__ - INFO - 162 - trainer - [52/257] Loss: 0.3118
2026/08/31 17:00:13 - __main__ - INFO - 162 - trainer - [104/257] Loss: 0.3000
2026/08/31 17:00:21 - __main__ - INFO - 162 - trainer - [156/257] Loss: 0.2793
2026/08/31 17:00:28 - __main__ - INFO - 162 - trainer - [208/257] Loss: 0.2947
2026/08/31 17:00:34 - __main__ - INFO - 167 - trainer - Average loss in epoch 12: 0.2899
2026/08/31 17:00:34 - __main__ - INFO - 117 - trainer - Epoch: 13
2026/08/31 17:00:34 - __main__ - INFO - 162 - trainer - [0/257] Loss: 0.2971
2026/08/31 17:00:41 - __main__ - INFO - 162 - trainer - [52/257] Loss: 0.2701
2026/08/31 17:00:49 - __main__ - INFO - 162 - trainer - [104/257] Loss: 0.2694
2026/08/31 17:00:56 - __main__ - INFO - 162 - trainer - [156/257] Loss: 0.2648
2026/08/31 17:01:03 - __main__ - INFO - 162 - trainer - [208/257] Loss: 0.2629
2026/08/31 17:01:10 - __main__ - INFO - 167 - trainer - Average loss in epoch 13: 0.2645
2026/08/31 17:01:10 - __main__ - INFO - 117 - trainer - Epoch: 14
2026/08/31 17:01:10 - __main__ - INFO - 162 - trainer - [0/257] Loss: 0.2568
2026/08/31 17:01:18 - __main__ - INFO - 162 - trainer - [52/257] Loss: 0.2562
2026/08/31 17:01:25 - __main__ - INFO - 162 - trainer - [104/257] Loss: 0.2459
2026/08/31 17:01:32 - __main__ - INFO - 162 - trainer - [156/257] Loss: 0.2497
2026/08/31 17:01:39 - __main__ - INFO - 162 - trainer - [208/257] Loss: 0.2210
2026/08/31 17:01:46 - __main__ - INFO - 167 - trainer - Average loss in epoch 14: 0.2417
2026/08/31 17:01:46 - __main__ - INFO - 117 - trainer - Epoch: 15
2026/08/31 17:01:46 - __main__ - INFO - 162 - trainer - [0/257] Loss: 0.2441
2026/08/31 17:01:54 - __main__ - INFO - 162 - trainer - [52/257] Loss: 0.2350
2026/08/31 17:02:01 - __main__ - INFO - 162 - trainer - [104/257] Loss: 0.2396
2026/08/31 17:02:08 - __main__ - INFO - 162 - trainer - [156/257] Loss: 0.2197
2026/08/31 17:02:16 - __main__ - INFO - 162 - trainer - [208/257] Loss: 0.2221
2026/08/31 17:02:22 - __main__ - INFO - 167 - trainer - Average loss in epoch 15: 0.2210
2026/08/31 17:02:22 - __main__ - INFO - 117 - trainer - Epoch: 16
2026/08/31 17:02:22 - __main__ - INFO - 162 - trainer - [0/257] Loss: 0.2023
2026/08/31 17:02:30 - __main__ - INFO - 162 - trainer - [52/257] Loss: 0.2110
2026/08/31 17:02:37 - __main__ - INFO - 162 - trainer - [104/257] Loss: 0.2041
2026/08/31 17:02:45 - __main__ - INFO - 162 - trainer - [156/257] Loss: 0.2033
2026/08/31 17:02:52 - __main__ - INFO - 162 - trainer - [208/257] Loss: 0.2043
2026/08/31 17:02:59 - __main__ - INFO - 167 - trainer - Average loss in epoch 16: 0.2021
2026/08/31 17:02:59 - __main__ - INFO - 117 - trainer - Epoch: 17
2026/08/31 17:02:59 - __main__ - INFO - 162 - trainer - [0/257] Loss: 0.1879
2026/08/31 17:03:06 - __main__ - INFO - 162 - trainer - [52/257] Loss: 0.1953
2026/08/31 17:03:13 - __main__ - INFO - 162 - trainer - [104/257] Loss: 0.1879
2026/08/31 17:03:21 - __main__ - INFO - 162 - trainer - [156/257] Loss: 0.1827
2026/08/31 17:03:28 - __main__ - INFO - 162 - trainer - [208/257] Loss: 0.1772
2026/08/31 17:03:35 - __main__ - INFO - 167 - trainer - Average loss in epoch 17: 0.1851
2026/08/31 17:03:35 - __main__ - INFO - 117 - trainer - Epoch: 18
2026/08/31 17:03:35 - __main__ - INFO - 162 - trainer - [0/257] Loss: 0.1754
2026/08/31 17:03:43 - __main__ - INFO - 162 - trainer - [52/257] Loss: 0.1696
2026/08/31 17:03:50 - __main__ - INFO - 162 - trainer - [104/257] Loss: 0.1718
2026/08/31 17:03:58 - __main__ - INFO - 162 - trainer - [156/257] Loss: 0.1788
2026/08/31 17:04:05 - __main__ - INFO - 162 - trainer - [208/257] Loss: 0.1701
2026/08/31 17:04:12 - __main__ - INFO - 167 - trainer - Average loss in epoch 18: 0.1697
2026/08/31 17:04:12 - __main__ - INFO - 117 - trainer - Epoch: 19
2026/08/31 17:04:12 - __main__ - INFO - 162 - trainer - [0/257] Loss: 0.1552
2026/08/31 17:04:20 - __main__ - INFO - 162 - trainer - [52/257] Loss: 0.1560
2026/08/31 17:04:27 - __main__ - INFO - 162 - trainer - [104/257] Loss: 0.1587
2026/08/31 17:04:34 - __main__ - INFO - 162 - trainer - [156/257] Loss: 0.1599
2026/08/31 17:04:42 - __main__ - INFO - 162 - trainer - [208/257] Loss: 0.1579
2026/08/31 17:04:49 - __main__ - INFO - 167 - trainer - Average loss in epoch 19: 0.1557
2026/08/31 17:04:49 - __main__ - INFO - 117 - trainer - Epoch: 20
2026/08/31 17:04:49 - __main__ - INFO - 162 - trainer - [0/257] Loss: 0.1424
2026/08/31 17:04:57 - __main__ - INFO - 162 - trainer - [52/257] Loss: 0.1460
2026/08/31 17:05:05 - __main__ - INFO - 162 - trainer - [104/257] Loss: 0.1486
2026/08/31 17:05:12 - __main__ - INFO - 162 - trainer - [156/257] Loss: 0.1465
2026/08/31 17:05:20 - __main__ - INFO - 162 - trainer - [208/257] Loss: 0.1345
2026/08/31 17:05:27 - __main__ - INFO - 167 - trainer - Average loss in epoch 20: 0.1429
2026/08/31 17:05:27 - __main__ - INFO - 173 - trainer - start predicting: 2026-08-31 17:05:27.533834
2026/08/31 17:06:35 - __main__ - INFO - 203 - trainer - {'Best_HR@5': np.float64(0.0222), 'Best_HR@10': np.float64(0.0355), 'Best_HR@20': np.float64(0.0909), 'Best_NDCG@5': np.float64(0.0114), 'Best_NDCG@10': np.float64(0.0155), 'Best_NDCG@20': np.float64(0.0292)}
2026/08/31 17:06:35 - __main__ - INFO - 204 - trainer - {'Best_epoch_HR@5': 20, 'Best_epoch_HR@10': 20, 'Best_epoch_HR@20': 20, 'Best_epoch_NDCG@5': 20, 'Best_epoch_NDCG@10': 20, 'Best_epoch_NDCG@20': 20}
2026/08/31 17:06:35 - __main__ - INFO - 117 - trainer - Epoch: 21
2026/08/31 17:06:35 - __main__ - INFO - 162 - trainer - [0/257] Loss: 0.1407
2026/08/31 17:06:43 - __main__ - INFO - 162 - trainer - [52/257] Loss: 0.1390
2026/08/31 17:06:51 - __main__ - INFO - 162 - trainer - [104/257] Loss: 0.1229
2026/08/31 17:06:59 - __main__ - INFO - 162 - trainer - [156/257] Loss: 0.1268
2026/08/31 17:07:07 - __main__ - INFO - 162 - trainer - [208/257] Loss: 0.1256
2026/08/31 17:07:14 - __main__ - INFO - 167 - trainer - Average loss in epoch 21: 0.1313
2026/08/31 17:07:14 - __main__ - INFO - 117 - trainer - Epoch: 22
2026/08/31 17:07:15 - __main__ - INFO - 162 - trainer - [0/257] Loss: 0.1205
2026/08/31 17:07:23 - __main__ - INFO - 162 - trainer - [52/257] Loss: 0.1148
2026/08/31 17:07:31 - __main__ - INFO - 162 - trainer - [104/257] Loss: 0.1118
2026/08/31 17:07:38 - __main__ - INFO - 162 - trainer - [156/257] Loss: 0.1258
2026/08/31 17:07:46 - __main__ - INFO - 162 - trainer - [208/257] Loss: 0.1196
2026/08/31 17:07:54 - __main__ - INFO - 167 - trainer - Average loss in epoch 22: 0.1207
2026/08/31 17:07:54 - __main__ - INFO - 117 - trainer - Epoch: 23
2026/08/31 17:07:54 - __main__ - INFO - 162 - trainer - [0/257] Loss: 0.1048
2026/08/31 17:08:02 - __main__ - INFO - 162 - trainer - [52/257] Loss: 0.1133
2026/08/31 17:08:09 - __main__ - INFO - 162 - trainer - [104/257] Loss: 0.1031
2026/08/31 17:08:17 - __main__ - INFO - 162 - trainer - [156/257] Loss: 0.1019
2026/08/31 17:08:25 - __main__ - INFO - 162 - trainer - [208/257] Loss: 0.1080
2026/08/31 17:08:32 - __main__ - INFO - 167 - trainer - Average loss in epoch 23: 0.1111
2026/08/31 17:08:32 - __main__ - INFO - 117 - trainer - Epoch: 24
2026/08/31 17:08:32 - __main__ - INFO - 162 - trainer - [0/257] Loss: 0.1018
2026/08/31 17:08:40 - __main__ - INFO - 162 - trainer - [52/257] Loss: 0.1016
2026/08/31 17:08:48 - __main__ - INFO - 162 - trainer - [104/257] Loss: 0.1012
2026/08/31 17:08:56 - __main__ - INFO - 162 - trainer - [156/257] Loss: 0.0982
2026/08/31 17:09:04 - __main__ - INFO - 162 - trainer - [208/257] Loss: 0.1013
2026/08/31 17:09:11 - __main__ - INFO - 167 - trainer - Average loss in epoch 24: 0.1023
2026/08/31 17:09:11 - __main__ - INFO - 117 - trainer - Epoch: 25
2026/08/31 17:09:11 - __main__ - INFO - 162 - trainer - [0/257] Loss: 0.0940
2026/08/31 17:09:19 - __main__ - INFO - 162 - trainer - [52/257] Loss: 0.0943
2026/08/31 17:09:26 - __main__ - INFO - 162 - trainer - [104/257] Loss: 0.1019
2026/08/31 17:09:34 - __main__ - INFO - 162 - trainer - [156/257] Loss: 0.0871
2026/08/31 17:09:42 - __main__ - INFO - 162 - trainer - [208/257] Loss: 0.0871
2026/08/31 17:09:49 - __main__ - INFO - 167 - trainer - Average loss in epoch 25: 0.0943
2026/08/31 17:09:49 - __main__ - INFO - 117 - trainer - Epoch: 26
2026/08/31 17:09:49 - __main__ - INFO - 162 - trainer - [0/257] Loss: 0.0916
2026/08/31 17:09:57 - __main__ - INFO - 162 - trainer - [52/257] Loss: 0.0976
2026/08/31 17:10:05 - __main__ - INFO - 162 - trainer - [104/257] Loss: 0.0853
2026/08/31 17:10:13 - __main__ - INFO - 162 - trainer - [156/257] Loss: 0.0834
2026/08/31 17:10:21 - __main__ - INFO - 162 - trainer - [208/257] Loss: 0.0807
2026/08/31 17:10:28 - __main__ - INFO - 167 - trainer - Average loss in epoch 26: 0.0869
2026/08/31 17:10:28 - __main__ - INFO - 117 - trainer - Epoch: 27
2026/08/31 17:10:28 - __main__ - INFO - 162 - trainer - [0/257] Loss: 0.0830
2026/08/31 17:10:36 - __main__ - INFO - 162 - trainer - [52/257] Loss: 0.0782
2026/08/31 17:10:44 - __main__ - INFO - 162 - trainer - [104/257] Loss: 0.0790
2026/08/31 17:10:51 - __main__ - INFO - 162 - trainer - [156/257] Loss: 0.0777
2026/08/31 17:10:59 - __main__ - INFO - 162 - trainer - [208/257] Loss: 0.0803
2026/08/31 17:11:06 - __main__ - INFO - 167 - trainer - Average loss in epoch 27: 0.0802
2026/08/31 17:11:06 - __main__ - INFO - 117 - trainer - Epoch: 28
2026/08/31 17:11:07 - __main__ - INFO - 162 - trainer - [0/257] Loss: 0.0765
2026/08/31 17:11:14 - __main__ - INFO - 162 - trainer - [52/257] Loss: 0.0787
2026/08/31 17:11:22 - __main__ - INFO - 162 - trainer - [104/257] Loss: 0.0788
2026/08/31 17:11:30 - __main__ - INFO - 162 - trainer - [156/257] Loss: 0.0742
2026/08/31 17:11:38 - __main__ - INFO - 162 - trainer - [208/257] Loss: 0.0695
2026/08/31 17:11:46 - __main__ - INFO - 167 - trainer - Average loss in epoch 28: 0.0740
2026/08/31 17:11:46 - __main__ - INFO - 117 - trainer - Epoch: 29
2026/08/31 17:11:46 - __main__ - INFO - 162 - trainer - [0/257] Loss: 0.0770
2026/08/31 17:11:54 - __main__ - INFO - 162 - trainer - [52/257] Loss: 0.0734
2026/08/31 17:12:01 - __main__ - INFO - 162 - trainer - [104/257] Loss: 0.0709
2026/08/31 17:12:09 - __main__ - INFO - 162 - trainer - [156/257] Loss: 0.0684
2026/08/31 17:12:17 - __main__ - INFO - 162 - trainer - [208/257] Loss: 0.0697
2026/08/31 17:12:24 - __main__ - INFO - 167 - trainer - Average loss in epoch 29: 0.0683
2026/08/31 17:12:24 - __main__ - INFO - 117 - trainer - Epoch: 30
2026/08/31 17:12:24 - __main__ - INFO - 162 - trainer - [0/257] Loss: 0.0744
2026/08/31 17:12:32 - __main__ - INFO - 162 - trainer - [52/257] Loss: 0.0691
2026/08/31 17:12:40 - __main__ - INFO - 162 - trainer - [104/257] Loss: 0.0639
2026/08/31 17:12:48 - __main__ - INFO - 162 - trainer - [156/257] Loss: 0.0619
2026/08/31 17:12:55 - __main__ - INFO - 162 - trainer - [208/257] Loss: 0.0668
2026/08/31 17:13:02 - __main__ - INFO - 167 - trainer - Average loss in epoch 30: 0.0631
2026/08/31 17:13:02 - __main__ - INFO - 117 - trainer - Epoch: 31
2026/08/31 17:13:02 - __main__ - INFO - 162 - trainer - [0/257] Loss: 0.0630
2026/08/31 17:13:10 - __main__ - INFO - 162 - trainer - [52/257] Loss: 0.0574
2026/08/31 17:13:18 - __main__ - INFO - 162 - trainer - [104/257] Loss: 0.0604
2026/08/31 17:13:26 - __main__ - INFO - 162 - trainer - [156/257] Loss: 0.0594
2026/08/31 17:13:33 - __main__ - INFO - 162 - trainer - [208/257] Loss: 0.0602
2026/08/31 17:13:41 - __main__ - INFO - 167 - trainer - Average loss in epoch 31: 0.0583
2026/08/31 17:13:41 - __main__ - INFO - 117 - trainer - Epoch: 32
2026/08/31 17:13:41 - __main__ - INFO - 162 - trainer - [0/257] Loss: 0.0507
2026/08/31 17:13:49 - __main__ - INFO - 162 - trainer - [52/257] Loss: 0.0534
2026/08/31 17:13:56 - __main__ - INFO - 162 - trainer - [104/257] Loss: 0.0503
2026/08/31 17:14:04 - __main__ - INFO - 162 - trainer - [156/257] Loss: 0.0512
2026/08/31 17:14:12 - __main__ - INFO - 162 - trainer - [208/257] Loss: 0.0567
2026/08/31 17:14:19 - __main__ - INFO - 167 - trainer - Average loss in epoch 32: 0.0538
2026/08/31 17:14:19 - __main__ - INFO - 117 - trainer - Epoch: 33
2026/08/31 17:14:19 - __main__ - INFO - 162 - trainer - [0/257] Loss: 0.0509
2026/08/31 17:14:27 - __main__ - INFO - 162 - trainer - [52/257] Loss: 0.0487
2026/08/31 17:14:35 - __main__ - INFO - 162 - trainer - [104/257] Loss: 0.0466
2026/08/31 17:14:42 - __main__ - INFO - 162 - trainer - [156/257] Loss: 0.0449
2026/08/31 17:14:50 - __main__ - INFO - 162 - trainer - [208/257] Loss: 0.0499
2026/08/31 17:14:57 - __main__ - INFO - 167 - trainer - Average loss in epoch 33: 0.0498
2026/08/31 17:14:57 - __main__ - INFO - 117 - trainer - Epoch: 34
2026/08/31 17:14:57 - __main__ - INFO - 162 - trainer - [0/257] Loss: 0.0501
2026/08/31 17:15:05 - __main__ - INFO - 162 - trainer - [52/257] Loss: 0.0478
2026/08/31 17:15:12 - __main__ - INFO - 162 - trainer - [104/257] Loss: 0.0515
2026/08/31 17:15:20 - __main__ - INFO - 162 - trainer - [156/257] Loss: 0.0468
2026/08/31 17:15:28 - __main__ - INFO - 162 - trainer - [208/257] Loss: 0.0489
2026/08/31 17:15:34 - __main__ - INFO - 167 - trainer - Average loss in epoch 34: 0.0460
2026/08/31 17:15:34 - __main__ - INFO - 117 - trainer - Epoch: 35
2026/08/31 17:15:35 - __main__ - INFO - 162 - trainer - [0/257] Loss: 0.0458
2026/08/31 17:15:42 - __main__ - INFO - 162 - trainer - [52/257] Loss: 0.0424
2026/08/31 17:15:50 - __main__ - INFO - 162 - trainer - [104/257] Loss: 0.0442
2026/08/31 17:15:58 - __main__ - INFO - 162 - trainer - [156/257] Loss: 0.0430
2026/08/31 17:16:06 - __main__ - INFO - 162 - trainer - [208/257] Loss: 0.0412
2026/08/31 17:16:13 - __main__ - INFO - 167 - trainer - Average loss in epoch 35: 0.0426
2026/08/31 17:16:13 - __main__ - INFO - 117 - trainer - Epoch: 36
2026/08/31 17:16:13 - __main__ - INFO - 162 - trainer - [0/257] Loss: 0.0436
2026/08/31 17:16:21 - __main__ - INFO - 162 - trainer - [52/257] Loss: 0.0375
2026/08/31 17:16:28 - __main__ - INFO - 162 - trainer - [104/257] Loss: 0.0351
2026/08/31 17:16:36 - __main__ - INFO - 162 - trainer - [156/257] Loss: 0.0383
2026/08/31 17:16:44 - __main__ - INFO - 162 - trainer - [208/257] Loss: 0.0362
2026/08/31 17:16:51 - __main__ - INFO - 167 - trainer - Average loss in epoch 36: 0.0394
2026/08/31 17:16:51 - __main__ - INFO - 117 - trainer - Epoch: 37
2026/08/31 17:16:51 - __main__ - INFO - 162 - trainer - [0/257] Loss: 0.0373
2026/08/31 17:16:59 - __main__ - INFO - 162 - trainer - [52/257] Loss: 0.0329
2026/08/31 17:17:06 - __main__ - INFO - 162 - trainer - [104/257] Loss: 0.0380
2026/08/31 17:17:14 - __main__ - INFO - 162 - trainer - [156/257] Loss: 0.0337
2026/08/31 17:17:22 - __main__ - INFO - 162 - trainer - [208/257] Loss: 0.0355
2026/08/31 17:17:29 - __main__ - INFO - 167 - trainer - Average loss in epoch 37: 0.0364
2026/08/31 17:17:29 - __main__ - INFO - 117 - trainer - Epoch: 38
2026/08/31 17:17:29 - __main__ - INFO - 162 - trainer - [0/257] Loss: 0.0360
2026/08/31 17:17:37 - __main__ - INFO - 162 - trainer - [52/257] Loss: 0.0354
2026/08/31 17:17:45 - __main__ - INFO - 162 - trainer - [104/257] Loss: 0.0288
2026/08/31 17:17:53 - __main__ - INFO - 162 - trainer - [156/257] Loss: 0.0327
2026/08/31 17:18:00 - __main__ - INFO - 162 - trainer - [208/257] Loss: 0.0352
2026/08/31 17:18:07 - __main__ - INFO - 167 - trainer - Average loss in epoch 38: 0.0337
2026/08/31 17:18:07 - __main__ - INFO - 117 - trainer - Epoch: 39
2026/08/31 17:18:07 - __main__ - INFO - 162 - trainer - [0/257] Loss: 0.0289
2026/08/31 17:18:15 - __main__ - INFO - 162 - trainer - [52/257] Loss: 0.0333
2026/08/31 17:18:23 - __main__ - INFO - 162 - trainer - [104/257] Loss: 0.0328
2026/08/31 17:18:30 - __main__ - INFO - 162 - trainer - [156/257] Loss: 0.0301
2026/08/31 17:18:38 - __main__ - INFO - 162 - trainer - [208/257] Loss: 0.0288
2026/08/31 17:18:45 - __main__ - INFO - 167 - trainer - Average loss in epoch 39: 0.0312
2026/08/31 17:18:45 - __main__ - INFO - 117 - trainer - Epoch: 40
2026/08/31 17:18:45 - __main__ - INFO - 162 - trainer - [0/257] Loss: 0.0308
2026/08/31 17:18:52 - __main__ - INFO - 162 - trainer - [52/257] Loss: 0.0303
2026/08/31 17:19:00 - __main__ - INFO - 162 - trainer - [104/257] Loss: 0.0276
2026/08/31 17:19:08 - __main__ - INFO - 162 - trainer - [156/257] Loss: 0.0298
2026/08/31 17:19:15 - __main__ - INFO - 162 - trainer - [208/257] Loss: 0.0289
2026/08/31 17:19:22 - __main__ - INFO - 167 - trainer - Average loss in epoch 40: 0.0288
2026/08/31 17:19:22 - __main__ - INFO - 173 - trainer - start predicting: 2026-08-31 17:19:22.947518
2026/08/31 17:20:32 - __main__ - INFO - 203 - trainer - {'Best_HR@5': np.float64(0.0222), 'Best_HR@10': np.float64(0.0444), 'Best_HR@20': np.float64(0.1287), 'Best_NDCG@5': np.float64(0.0123), 'Best_NDCG@10': np.float64(0.0193), 'Best_NDCG@20': np.float64(0.0404)}
2026/08/31 17:20:32 - __main__ - INFO - 204 - trainer - {'Best_epoch_HR@5': 20, 'Best_epoch_HR@10': 40, 'Best_epoch_HR@20': 40, 'Best_epoch_NDCG@5': 40, 'Best_epoch_NDCG@10': 40, 'Best_epoch_NDCG@20': 40}
2026/08/31 17:20:32 - __main__ - INFO - 117 - trainer - Epoch: 41
2026/08/31 17:20:32 - __main__ - INFO - 162 - trainer - [0/257] Loss: 0.0270
2026/08/31 17:20:39 - __main__ - INFO - 162 - trainer - [52/257] Loss: 0.0295
2026/08/31 17:20:46 - __main__ - INFO - 162 - trainer - [104/257] Loss: 0.0254
2026/08/31 17:20:54 - __main__ - INFO - 162 - trainer - [156/257] Loss: 0.0293
2026/08/31 17:21:01 - __main__ - INFO - 162 - trainer - [208/257] Loss: 0.0238
2026/08/31 17:21:08 - __main__ - INFO - 167 - trainer - Average loss in epoch 41: 0.0267
2026/08/31 17:21:08 - __main__ - INFO - 117 - trainer - Epoch: 42
2026/08/31 17:21:08 - __main__ - INFO - 162 - trainer - [0/257] Loss: 0.0271
2026/08/31 17:21:15 - __main__ - INFO - 162 - trainer - [52/257] Loss: 0.0265
2026/08/31 17:21:23 - __main__ - INFO - 162 - trainer - [104/257] Loss: 0.0263
2026/08/31 17:21:30 - __main__ - INFO - 162 - trainer - [156/257] Loss: 0.0211
2026/08/31 17:21:37 - __main__ - INFO - 162 - trainer - [208/257] Loss: 0.0231
2026/08/31 17:21:44 - __main__ - INFO - 167 - trainer - Average loss in epoch 42: 0.0247
2026/08/31 17:21:44 - __main__ - INFO - 117 - trainer - Epoch: 43
2026/08/31 17:21:44 - __main__ - INFO - 162 - trainer - [0/257] Loss: 0.0241
2026/08/31 17:21:51 - __main__ - INFO - 162 - trainer - [52/257] Loss: 0.0228
2026/08/31 17:21:59 - __main__ - INFO - 162 - trainer - [104/257] Loss: 0.0222
2026/08/31 17:22:06 - __main__ - INFO - 162 - trainer - [156/257] Loss: 0.0210
2026/08/31 17:22:13 - __main__ - INFO - 162 - trainer - [208/257] Loss: 0.0225
2026/08/31 17:22:20 - __main__ - INFO - 167 - trainer - Average loss in epoch 43: 0.0229
2026/08/31 17:22:20 - __main__ - INFO - 117 - trainer - Epoch: 44
2026/08/31 17:22:20 - __main__ - INFO - 162 - trainer - [0/257] Loss: 0.0186
2026/08/31 17:22:27 - __main__ - INFO - 162 - trainer - [52/257] Loss: 0.0207
2026/08/31 17:22:35 - __main__ - INFO - 162 - trainer - [104/257] Loss: 0.0239
2026/08/31 17:22:42 - __main__ - INFO - 162 - trainer - [156/257] Loss: 0.0200
2026/08/31 17:22:49 - __main__ - INFO - 162 - trainer - [208/257] Loss: 0.0210
2026/08/31 17:22:56 - __main__ - INFO - 167 - trainer - Average loss in epoch 44: 0.0212
2026/08/31 17:22:56 - __main__ - INFO - 117 - trainer - Epoch: 45
2026/08/31 17:22:56 - __main__ - INFO - 162 - trainer - [0/257] Loss: 0.0213
2026/08/31 17:23:03 - __main__ - INFO - 162 - trainer - [52/257] Loss: 0.0173
2026/08/31 17:23:10 - __main__ - INFO - 162 - trainer - [104/257] Loss: 0.0204
2026/08/31 17:23:17 - __main__ - INFO - 162 - trainer - [156/257] Loss: 0.0204
2026/08/31 17:23:25 - __main__ - INFO - 162 - trainer - [208/257] Loss: 0.0190
2026/08/31 17:23:31 - __main__ - INFO - 167 - trainer - Average loss in epoch 45: 0.0196
2026/08/31 17:23:31 - __main__ - INFO - 117 - trainer - Epoch: 46
2026/08/31 17:23:32 - __main__ - INFO - 162 - trainer - [0/257] Loss: 0.0175
2026/08/31 17:23:39 - __main__ - INFO - 162 - trainer - [52/257] Loss: 0.0179
2026/08/31 17:23:46 - __main__ - INFO - 162 - trainer - [104/257] Loss: 0.0194
2026/08/31 17:23:54 - __main__ - INFO - 162 - trainer - [156/257] Loss: 0.0195
2026/08/31 17:24:01 - __main__ - INFO - 162 - trainer - [208/257] Loss: 0.0190
2026/08/31 17:24:07 - __main__ - INFO - 167 - trainer - Average loss in epoch 46: 0.0182
2026/08/31 17:24:07 - __main__ - INFO - 117 - trainer - Epoch: 47
2026/08/31 17:24:08 - __main__ - INFO - 162 - trainer - [0/257] Loss: 0.0156
2026/08/31 17:24:15 - __main__ - INFO - 162 - trainer - [52/257] Loss: 0.0207
2026/08/31 17:24:22 - __main__ - INFO - 162 - trainer - [104/257] Loss: 0.0197
2026/08/31 17:24:29 - __main__ - INFO - 162 - trainer - [156/257] Loss: 0.0152
2026/08/31 17:24:37 - __main__ - INFO - 162 - trainer - [208/257] Loss: 0.0173
2026/08/31 17:24:43 - __main__ - INFO - 167 - trainer - Average loss in epoch 47: 0.0168
2026/08/31 17:24:43 - __main__ - INFO - 117 - trainer - Epoch: 48
2026/08/31 17:24:43 - __main__ - INFO - 162 - trainer - [0/257] Loss: 0.0130
2026/08/31 17:24:51 - __main__ - INFO - 162 - trainer - [52/257] Loss: 0.0159
2026/08/31 17:24:58 - __main__ - INFO - 162 - trainer - [104/257] Loss: 0.0154
2026/08/31 17:25:05 - __main__ - INFO - 162 - trainer - [156/257] Loss: 0.0161
2026/08/31 17:25:12 - __main__ - INFO - 162 - trainer - [208/257] Loss: 0.0153
2026/08/31 17:25:19 - __main__ - INFO - 167 - trainer - Average loss in epoch 48: 0.0156
2026/08/31 17:25:19 - __main__ - INFO - 117 - trainer - Epoch: 49
2026/08/31 17:25:19 - __main__ - INFO - 162 - trainer - [0/257] Loss: 0.0146
2026/08/31 17:25:26 - __main__ - INFO - 162 - trainer - [52/257] Loss: 0.0154
2026/08/31 17:25:34 - __main__ - INFO - 162 - trainer - [104/257] Loss: 0.0160
2026/08/31 17:25:41 - __main__ - INFO - 162 - trainer - [156/257] Loss: 0.0125
2026/08/31 17:25:48 - __main__ - INFO - 162 - trainer - [208/257] Loss: 0.0144
2026/08/31 17:25:55 - __main__ - INFO - 167 - trainer - Average loss in epoch 49: 0.0144
2026/08/31 17:25:55 - __main__ - INFO - 117 - trainer - Epoch: 50
2026/08/31 17:25:55 - __main__ - INFO - 162 - trainer - [0/257] Loss: 0.0130
2026/08/31 17:26:03 - __main__ - INFO - 162 - trainer - [52/257] Loss: 0.0112
2026/08/31 17:26:10 - __main__ - INFO - 162 - trainer - [104/257] Loss: 0.0127
2026/08/31 17:26:17 - __main__ - INFO - 162 - trainer - [156/257] Loss: 0.0125
2026/08/31 17:26:24 - __main__ - INFO - 162 - trainer - [208/257] Loss: 0.0151
2026/08/31 17:26:31 - __main__ - INFO - 167 - trainer - Average loss in epoch 50: 0.0134
2026/08/31 17:26:31 - __main__ - INFO - 117 - trainer - Epoch: 51
2026/08/31 17:26:31 - __main__ - INFO - 162 - trainer - [0/257] Loss: 0.0099
2026/08/31 17:26:38 - __main__ - INFO - 162 - trainer - [52/257] Loss: 0.0123
2026/08/31 17:26:45 - __main__ - INFO - 162 - trainer - [104/257] Loss: 0.0150
2026/08/31 17:26:53 - __main__ - INFO - 162 - trainer - [156/257] Loss: 0.0129
2026/08/31 17:27:00 - __main__ - INFO - 162 - trainer - [208/257] Loss: 0.0127
2026/08/31 17:27:07 - __main__ - INFO - 167 - trainer - Average loss in epoch 51: 0.0124
2026/08/31 17:27:07 - __main__ - INFO - 117 - trainer - Epoch: 52
2026/08/31 17:27:07 - __main__ - INFO - 162 - trainer - [0/257] Loss: 0.0122
2026/08/31 17:27:14 - __main__ - INFO - 162 - trainer - [52/257] Loss: 0.0122
2026/08/31 17:27:22 - __main__ - INFO - 162 - trainer - [104/257] Loss: 0.0114
2026/08/31 17:27:29 - __main__ - INFO - 162 - trainer - [156/257] Loss: 0.0108
2026/08/31 17:27:36 - __main__ - INFO - 162 - trainer - [208/257] Loss: 0.0118
2026/08/31 17:27:43 - __main__ - INFO - 167 - trainer - Average loss in epoch 52: 0.0115
2026/08/31 17:27:43 - __main__ - INFO - 117 - trainer - Epoch: 53
2026/08/31 17:27:43 - __main__ - INFO - 162 - trainer - [0/257] Loss: 0.0117
2026/08/31 17:27:50 - __main__ - INFO - 162 - trainer - [52/257] Loss: 0.0100
2026/08/31 17:27:58 - __main__ - INFO - 162 - trainer - [104/257] Loss: 0.0126
2026/08/31 17:28:05 - __main__ - INFO - 162 - trainer - [156/257] Loss: 0.0092
2026/08/31 17:28:12 - __main__ - INFO - 162 - trainer - [208/257] Loss: 0.0102
2026/08/31 17:28:19 - __main__ - INFO - 167 - trainer - Average loss in epoch 53: 0.0106
2026/08/31 17:28:19 - __main__ - INFO - 117 - trainer - Epoch: 54
2026/08/31 17:28:19 - __main__ - INFO - 162 - trainer - [0/257] Loss: 0.0108
2026/08/31 17:28:26 - __main__ - INFO - 162 - trainer - [52/257] Loss: 0.0089
2026/08/31 17:28:34 - __main__ - INFO - 162 - trainer - [104/257] Loss: 0.0102
2026/08/31 17:28:41 - __main__ - INFO - 162 - trainer - [156/257] Loss: 0.0107
2026/08/31 17:28:48 - __main__ - INFO - 162 - trainer - [208/257] Loss: 0.0097
2026/08/31 17:28:55 - __main__ - INFO - 167 - trainer - Average loss in epoch 54: 0.0099
2026/08/31 17:28:55 - __main__ - INFO - 117 - trainer - Epoch: 55
2026/08/31 17:28:55 - __main__ - INFO - 162 - trainer - [0/257] Loss: 0.0093
2026/08/31 17:29:02 - __main__ - INFO - 162 - trainer - [52/257] Loss: 0.0085
2026/08/31 17:29:10 - __main__ - INFO - 162 - trainer - [104/257] Loss: 0.0066
2026/08/31 17:29:17 - __main__ - INFO - 162 - trainer - [156/257] Loss: 0.0075
2026/08/31 17:29:24 - __main__ - INFO - 162 - trainer - [208/257] Loss: 0.0102
2026/08/31 17:29:31 - __main__ - INFO - 167 - trainer - Average loss in epoch 55: 0.0091
2026/08/31 17:29:31 - __main__ - INFO - 117 - trainer - Epoch: 56
2026/08/31 17:29:31 - __main__ - INFO - 162 - trainer - [0/257] Loss: 0.0084
2026/08/31 17:29:39 - __main__ - INFO - 162 - trainer - [52/257] Loss: 0.0090
2026/08/31 17:29:46 - __main__ - INFO - 162 - trainer - [104/257] Loss: 0.0073
2026/08/31 17:29:53 - __main__ - INFO - 162 - trainer - [156/257] Loss: 0.0089
2026/08/31 17:30:01 - __main__ - INFO - 162 - trainer - [208/257] Loss: 0.0082
2026/08/31 17:30:07 - __main__ - INFO - 167 - trainer - Average loss in epoch 56: 0.0085
2026/08/31 17:30:07 - __main__ - INFO - 117 - trainer - Epoch: 57
2026/08/31 17:30:07 - __main__ - INFO - 162 - trainer - [0/257] Loss: 0.0069
2026/08/31 17:30:15 - __main__ - INFO - 162 - trainer - [52/257] Loss: 0.0103
2026/08/31 17:30:22 - __main__ - INFO - 162 - trainer - [104/257] Loss: 0.0073
2026/08/31 17:30:29 - __main__ - INFO - 162 - trainer - [156/257] Loss: 0.0081
2026/08/31 17:30:36 - __main__ - INFO - 162 - trainer - [208/257] Loss: 0.0059
2026/08/31 17:30:43 - __main__ - INFO - 167 - trainer - Average loss in epoch 57: 0.0079
2026/08/31 17:30:43 - __main__ - INFO - 117 - trainer - Epoch: 58
2026/08/31 17:30:43 - __main__ - INFO - 162 - trainer - [0/257] Loss: 0.0081
2026/08/31 17:30:50 - __main__ - INFO - 162 - trainer - [52/257] Loss: 0.0068
2026/08/31 17:30:58 - __main__ - INFO - 162 - trainer - [104/257] Loss: 0.0074
2026/08/31 17:31:05 - __main__ - INFO - 162 - trainer - [156/257] Loss: 0.0066
2026/08/31 17:31:13 - __main__ - INFO - 162 - trainer - [208/257] Loss: 0.0085
2026/08/31 17:31:20 - __main__ - INFO - 167 - trainer - Average loss in epoch 58: 0.0073
2026/08/31 17:31:20 - __main__ - INFO - 117 - trainer - Epoch: 59
2026/08/31 17:31:20 - __main__ - INFO - 162 - trainer - [0/257] Loss: 0.0066
2026/08/31 17:31:27 - __main__ - INFO - 162 - trainer - [52/257] Loss: 0.0085
2026/08/31 17:31:34 - __main__ - INFO - 162 - trainer - [104/257] Loss: 0.0072
2026/08/31 17:31:41 - __main__ - INFO - 162 - trainer - [156/257] Loss: 0.0078
2026/08/31 17:31:49 - __main__ - INFO - 162 - trainer - [208/257] Loss: 0.0058
2026/08/31 17:31:55 - __main__ - INFO - 167 - trainer - Average loss in epoch 59: 0.0068
2026/08/31 17:31:55 - __main__ - INFO - 117 - trainer - Epoch: 60
2026/08/31 17:31:56 - __main__ - INFO - 162 - trainer - [0/257] Loss: 0.0066
2026/08/31 17:32:03 - __main__ - INFO - 162 - trainer - [52/257] Loss: 0.0075
2026/08/31 17:32:10 - __main__ - INFO - 162 - trainer - [104/257] Loss: 0.0068
2026/08/31 17:32:18 - __main__ - INFO - 162 - trainer - [156/257] Loss: 0.0069
2026/08/31 17:32:25 - __main__ - INFO - 162 - trainer - [208/257] Loss: 0.0063
2026/08/31 17:32:31 - __main__ - INFO - 167 - trainer - Average loss in epoch 60: 0.0063
2026/08/31 17:32:31 - __main__ - INFO - 173 - trainer - start predicting: 2026-08-31 17:32:31.864077
2026/08/31 17:33:35 - __main__ - INFO - 203 - trainer - {'Best_HR@5': np.float64(0.04), 'Best_HR@10': np.float64(0.0577), 'Best_HR@20': np.float64(0.1287), 'Best_NDCG@5': np.float64(0.0208), 'Best_NDCG@10': np.float64(0.0263), 'Best_NDCG@20': np.float64(0.0405)}
2026/08/31 17:33:35 - __main__ - INFO - 204 - trainer - {'Best_epoch_HR@5': 60, 'Best_epoch_HR@10': 60, 'Best_epoch_HR@20': 40, 'Best_epoch_NDCG@5': 60, 'Best_epoch_NDCG@10': 60, 'Best_epoch_NDCG@20': 60}
2026/08/31 17:33:35 - __main__ - INFO - 117 - trainer - Epoch: 61
2026/08/31 17:33:36 - __main__ - INFO - 162 - trainer - [0/257] Loss: 0.0065
2026/08/31 17:33:43 - __main__ - INFO - 162 - trainer - [52/257] Loss: 0.0053
2026/08/31 17:33:50 - __main__ - INFO - 162 - trainer - [104/257] Loss: 0.0064
2026/08/31 17:33:57 - __main__ - INFO - 162 - trainer - [156/257] Loss: 0.0064
2026/08/31 17:34:04 - __main__ - INFO - 162 - trainer - [208/257] Loss: 0.0070
2026/08/31 17:34:10 - __main__ - INFO - 167 - trainer - Average loss in epoch 61: 0.0058
2026/08/31 17:34:10 - __main__ - INFO - 117 - trainer - Epoch: 62
2026/08/31 17:34:11 - __main__ - INFO - 162 - trainer - [0/257] Loss: 0.0065
2026/08/31 17:34:19 - __main__ - INFO - 162 - trainer - [52/257] Loss: 0.0058
2026/08/31 17:34:26 - __main__ - INFO - 162 - trainer - [104/257] Loss: 0.0039
2026/08/31 17:34:34 - __main__ - INFO - 162 - trainer - [156/257] Loss: 0.0044
2026/08/31 17:34:42 - __main__ - INFO - 162 - trainer - [208/257] Loss: 0.0050
2026/08/31 17:34:49 - __main__ - INFO - 167 - trainer - Average loss in epoch 62: 0.0054
2026/08/31 17:34:49 - __main__ - INFO - 117 - trainer - Epoch: 63
2026/08/31 17:34:49 - __main__ - INFO - 162 - trainer - [0/257] Loss: 0.0058
2026/08/31 17:34:57 - __main__ - INFO - 162 - trainer - [52/257] Loss: 0.0055
2026/08/31 17:35:04 - __main__ - INFO - 162 - trainer - [104/257] Loss: 0.0044
2026/08/31 17:35:12 - __main__ - INFO - 162 - trainer - [156/257] Loss: 0.0053
2026/08/31 17:35:20 - __main__ - INFO - 162 - trainer - [208/257] Loss: 0.0062
2026/08/31 17:35:26 - __main__ - INFO - 167 - trainer - Average loss in epoch 63: 0.0050
2026/08/31 17:35:26 - __main__ - INFO - 117 - trainer - Epoch: 64
2026/08/31 17:35:27 - __main__ - INFO - 162 - trainer - [0/257] Loss: 0.0045
2026/08/31 17:35:34 - __main__ - INFO - 162 - trainer - [52/257] Loss: 0.0045
2026/08/31 17:35:42 - __main__ - INFO - 162 - trainer - [104/257] Loss: 0.0053
2026/08/31 17:35:50 - __main__ - INFO - 162 - trainer - [156/257] Loss: 0.0040
2026/08/31 17:35:58 - __main__ - INFO - 162 - trainer - [208/257] Loss: 0.0046
2026/08/31 17:36:05 - __main__ - INFO - 167 - trainer - Average loss in epoch 64: 0.0047
2026/08/31 17:36:05 - __main__ - INFO - 117 - trainer - Epoch: 65
2026/08/31 17:36:05 - __main__ - INFO - 162 - trainer - [0/257] Loss: 0.0039
2026/08/31 17:36:13 - __main__ - INFO - 162 - trainer - [52/257] Loss: 0.0031
2026/08/31 17:36:20 - __main__ - INFO - 162 - trainer - [104/257] Loss: 0.0041
2026/08/31 17:36:28 - __main__ - INFO - 162 - trainer - [156/257] Loss: 0.0052
2026/08/31 17:36:35 - __main__ - INFO - 162 - trainer - [208/257] Loss: 0.0041
2026/08/31 17:36:42 - __main__ - INFO - 167 - trainer - Average loss in epoch 65: 0.0043
2026/08/31 17:36:42 - __main__ - INFO - 117 - trainer - Epoch: 66
2026/08/31 17:36:42 - __main__ - INFO - 162 - trainer - [0/257] Loss: 0.0043
2026/08/31 17:36:50 - __main__ - INFO - 162 - trainer - [52/257] Loss: 0.0033
2026/08/31 17:36:58 - __main__ - INFO - 162 - trainer - [104/257] Loss: 0.0036
2026/08/31 17:37:05 - __main__ - INFO - 162 - trainer - [156/257] Loss: 0.0040
2026/08/31 17:37:13 - __main__ - INFO - 162 - trainer - [208/257] Loss: 0.0039
2026/08/31 17:37:20 - __main__ - INFO - 167 - trainer - Average loss in epoch 66: 0.0040
2026/08/31 17:37:20 - __main__ - INFO - 117 - trainer - Epoch: 67
2026/08/31 17:37:20 - __main__ - INFO - 162 - trainer - [0/257] Loss: 0.0041
2026/08/31 17:37:27 - __main__ - INFO - 162 - trainer - [52/257] Loss: 0.0032
2026/08/31 17:37:35 - __main__ - INFO - 162 - trainer - [104/257] Loss: 0.0035
2026/08/31 17:37:42 - __main__ - INFO - 162 - trainer - [156/257] Loss: 0.0031
2026/08/31 17:37:50 - __main__ - INFO - 162 - trainer - [208/257] Loss: 0.0036
2026/08/31 17:37:57 - __main__ - INFO - 167 - trainer - Average loss in epoch 67: 0.0037
2026/08/31 17:37:57 - __main__ - INFO - 117 - trainer - Epoch: 68
2026/08/31 17:37:57 - __main__ - INFO - 162 - trainer - [0/257] Loss: 0.0050
2026/08/31 17:38:04 - __main__ - INFO - 162 - trainer - [52/257] Loss: 0.0037
2026/08/31 17:38:11 - __main__ - INFO - 162 - trainer - [104/257] Loss: 0.0034
2026/08/31 17:38:19 - __main__ - INFO - 162 - trainer - [156/257] Loss: 0.0027
2026/08/31 17:38:26 - __main__ - INFO - 162 - trainer - [208/257] Loss: 0.0038
2026/08/31 17:38:33 - __main__ - INFO - 167 - trainer - Average loss in epoch 68: 0.0035
2026/08/31 17:38:33 - __main__ - INFO - 117 - trainer - Epoch: 69
2026/08/31 17:38:33 - __main__ - INFO - 162 - trainer - [0/257] Loss: 0.0043
2026/08/31 17:38:41 - __main__ - INFO - 162 - trainer - [52/257] Loss: 0.0031
2026/08/31 17:38:48 - __main__ - INFO - 162 - trainer - [104/257] Loss: 0.0038
2026/08/31 17:38:55 - __main__ - INFO - 162 - trainer - [156/257] Loss: 0.0031
2026/08/31 17:39:03 - __main__ - INFO - 162 - trainer - [208/257] Loss: 0.0028
2026/08/31 17:39:10 - __main__ - INFO - 167 - trainer - Average loss in epoch 69: 0.0032
2026/08/31 17:39:10 - __main__ - INFO - 117 - trainer - Epoch: 70
2026/08/31 17:39:10 - __main__ - INFO - 162 - trainer - [0/257] Loss: 0.0030
2026/08/31 17:39:18 - __main__ - INFO - 162 - trainer - [52/257] Loss: 0.0028
2026/08/31 17:39:25 - __main__ - INFO - 162 - trainer - [104/257] Loss: 0.0023
2026/08/31 17:39:33 - __main__ - INFO - 162 - trainer - [156/257] Loss: 0.0028
2026/08/31 17:39:40 - __main__ - INFO - 162 - trainer - [208/257] Loss: 0.0026
2026/08/31 17:39:47 - __main__ - INFO - 167 - trainer - Average loss in epoch 70: 0.0030
2026/08/31 17:39:47 - __main__ - INFO - 117 - trainer - Epoch: 71
2026/08/31 17:39:48 - __main__ - INFO - 162 - trainer - [0/257] Loss: 0.0029
2026/08/31 17:39:55 - __main__ - INFO - 162 - trainer - [52/257] Loss: 0.0031
2026/08/31 17:40:02 - __main__ - INFO - 162 - trainer - [104/257] Loss: 0.0024
2026/08/31 17:40:10 - __main__ - INFO - 162 - trainer - [156/257] Loss: 0.0032
2026/08/31 17:40:17 - __main__ - INFO - 162 - trainer - [208/257] Loss: 0.0031
2026/08/31 17:40:24 - __main__ - INFO - 167 - trainer - Average loss in epoch 71: 0.0028
2026/08/31 17:40:24 - __main__ - INFO - 117 - trainer - Epoch: 72
2026/08/31 17:40:24 - __main__ - INFO - 162 - trainer - [0/257] Loss: 0.0033
2026/08/31 17:40:32 - __main__ - INFO - 162 - trainer - [52/257] Loss: 0.0028
2026/08/31 17:40:39 - __main__ - INFO - 162 - trainer - [104/257] Loss: 0.0028
2026/08/31 17:40:47 - __main__ - INFO - 162 - trainer - [156/257] Loss: 0.0028
2026/08/31 17:40:54 - __main__ - INFO - 162 - trainer - [208/257] Loss: 0.0024
2026/08/31 17:41:01 - __main__ - INFO - 167 - trainer - Average loss in epoch 72: 0.0026
2026/08/31 17:41:01 - __main__ - INFO - 117 - trainer - Epoch: 73
2026/08/31 17:41:01 - __main__ - INFO - 162 - trainer - [0/257] Loss: 0.0025
2026/08/31 17:41:09 - __main__ - INFO - 162 - trainer - [52/257] Loss: 0.0022
2026/08/31 17:41:16 - __main__ - INFO - 162 - trainer - [104/257] Loss: 0.0027
2026/08/31 17:41:24 - __main__ - INFO - 162 - trainer - [156/257] Loss: 0.0028
2026/08/31 17:41:31 - __main__ - INFO - 162 - trainer - [208/257] Loss: 0.0033
2026/08/31 17:41:37 - __main__ - INFO - 167 - trainer - Average loss in epoch 73: 0.0024
2026/08/31 17:41:37 - __main__ - INFO - 117 - trainer - Epoch: 74
2026/08/31 17:41:38 - __main__ - INFO - 162 - trainer - [0/257] Loss: 0.0029
2026/08/31 17:41:45 - __main__ - INFO - 162 - trainer - [52/257] Loss: 0.0022
2026/08/31 17:41:52 - __main__ - INFO - 162 - trainer - [104/257] Loss: 0.0024
2026/08/31 17:42:00 - __main__ - INFO - 162 - trainer - [156/257] Loss: 0.0024
2026/08/31 17:42:07 - __main__ - INFO - 162 - trainer - [208/257] Loss: 0.0019
2026/08/31 17:42:14 - __main__ - INFO - 167 - trainer - Average loss in epoch 74: 0.0022
2026/08/31 17:42:14 - __main__ - INFO - 117 - trainer - Epoch: 75
2026/08/31 17:42:14 - __main__ - INFO - 162 - trainer - [0/257] Loss: 0.0019
2026/08/31 17:42:21 - __main__ - INFO - 162 - trainer - [52/257] Loss: 0.0021
2026/08/31 17:42:29 - __main__ - INFO - 162 - trainer - [104/257] Loss: 0.0017
2026/08/31 17:42:36 - __main__ - INFO - 162 - trainer - [156/257] Loss: 0.0022
2026/08/31 17:42:43 - __main__ - INFO - 162 - trainer - [208/257] Loss: 0.0021
2026/08/31 17:42:50 - __main__ - INFO - 167 - trainer - Average loss in epoch 75: 0.0021
2026/08/31 17:42:50 - __main__ - INFO - 117 - trainer - Epoch: 76
2026/08/31 17:42:50 - __main__ - INFO - 162 - trainer - [0/257] Loss: 0.0028
2026/08/31 17:42:58 - __main__ - INFO - 162 - trainer - [52/257] Loss: 0.0026
2026/08/31 17:43:06 - __main__ - INFO - 162 - trainer - [104/257] Loss: 0.0035
2026/08/31 17:43:13 - __main__ - INFO - 162 - trainer - [156/257] Loss: 0.0016
2026/08/31 17:43:21 - __main__ - INFO - 162 - trainer - [208/257] Loss: 0.0024
2026/08/31 17:43:28 - __main__ - INFO - 167 - trainer - Average loss in epoch 76: 0.0019
2026/08/31 17:43:28 - __main__ - INFO - 117 - trainer - Epoch: 77
2026/08/31 17:43:28 - __main__ - INFO - 162 - trainer - [0/257] Loss: 0.0023
2026/08/31 17:43:35 - __main__ - INFO - 162 - trainer - [52/257] Loss: 0.0018
2026/08/31 17:43:43 - __main__ - INFO - 162 - trainer - [104/257] Loss: 0.0021
2026/08/31 17:43:50 - __main__ - INFO - 162 - trainer - [156/257] Loss: 0.0013
2026/08/31 17:43:58 - __main__ - INFO - 162 - trainer - [208/257] Loss: 0.0016
2026/08/31 17:44:05 - __main__ - INFO - 167 - trainer - Average loss in epoch 77: 0.0018
2026/08/31 17:44:05 - __main__ - INFO - 117 - trainer - Epoch: 78
2026/08/31 17:44:05 - __main__ - INFO - 162 - trainer - [0/257] Loss: 0.0016
2026/08/31 17:44:13 - __main__ - INFO - 162 - trainer - [52/257] Loss: 0.0018
2026/08/31 17:44:20 - __main__ - INFO - 162 - trainer - [104/257] Loss: 0.0015
2026/08/31 17:44:28 - __main__ - INFO - 162 - trainer - [156/257] Loss: 0.0023
2026/08/31 17:44:35 - __main__ - INFO - 162 - trainer - [208/257] Loss: 0.0019
2026/08/31 17:44:42 - __main__ - INFO - 167 - trainer - Average loss in epoch 78: 0.0017
2026/08/31 17:44:42 - __main__ - INFO - 117 - trainer - Epoch: 79
2026/08/31 17:44:42 - __main__ - INFO - 162 - trainer - [0/257] Loss: 0.0015
2026/08/31 17:44:49 - __main__ - INFO - 162 - trainer - [52/257] Loss: 0.0021
2026/08/31 17:44:57 - __main__ - INFO - 162 - trainer - [104/257] Loss: 0.0011
2026/08/31 17:45:04 - __main__ - INFO - 162 - trainer - [156/257] Loss: 0.0018
2026/08/31 17:45:12 - __main__ - INFO - 162 - trainer - [208/257] Loss: 0.0016
2026/08/31 17:45:19 - __main__ - INFO - 167 - trainer - Average loss in epoch 79: 0.0016
2026/08/31 17:45:19 - __main__ - INFO - 117 - trainer - Epoch: 80
2026/08/31 17:45:19 - __main__ - INFO - 162 - trainer - [0/257] Loss: 0.0010
2026/08/31 17:45:26 - __main__ - INFO - 162 - trainer - [52/257] Loss: 0.0013
2026/08/31 17:45:34 - __main__ - INFO - 162 - trainer - [104/257] Loss: 0.0016
2026/08/31 17:45:42 - __main__ - INFO - 162 - trainer - [156/257] Loss: 0.0013
2026/08/31 17:45:49 - __main__ - INFO - 162 - trainer - [208/257] Loss: 0.0016
2026/08/31 17:45:56 - __main__ - INFO - 167 - trainer - Average loss in epoch 80: 0.0014
2026/08/31 17:45:56 - __main__ - INFO - 173 - trainer - start predicting: 2026-08-31 17:45:56.373216
2026/08/31 17:47:04 - __main__ - INFO - 203 - trainer - {'Best_HR@5': np.float64(0.04), 'Best_HR@10': np.float64(0.0577), 'Best_HR@20': np.float64(0.1287), 'Best_NDCG@5': np.float64(0.0208), 'Best_NDCG@10': np.float64(0.0271), 'Best_NDCG@20': np.float64(0.0422)}
2026/08/31 17:47:04 - __main__ - INFO - 204 - trainer - {'Best_epoch_HR@5': 60, 'Best_epoch_HR@10': 60, 'Best_epoch_HR@20': 40, 'Best_epoch_NDCG@5': 60, 'Best_epoch_NDCG@10': 80, 'Best_epoch_NDCG@20': 80}
2026/08/31 17:47:04 - __main__ - INFO - 117 - trainer - Epoch: 81
2026/08/31 17:47:05 - __main__ - INFO - 162 - trainer - [0/257] Loss: 0.0013
2026/08/31 17:47:12 - __main__ - INFO - 162 - trainer - [52/257] Loss: 0.0018
2026/08/31 17:47:19 - __main__ - INFO - 162 - trainer - [104/257] Loss: 0.0006
2026/08/31 17:47:27 - __main__ - INFO - 162 - trainer - [156/257] Loss: 0.0015
2026/08/31 17:47:34 - __main__ - INFO - 162 - trainer - [208/257] Loss: 0.0015
2026/08/31 17:47:41 - __main__ - INFO - 167 - trainer - Average loss in epoch 81: 0.0013
2026/08/31 17:47:41 - __main__ - INFO - 117 - trainer - Epoch: 82
2026/08/31 17:47:41 - __main__ - INFO - 162 - trainer - [0/257] Loss: 0.0013
2026/08/31 17:47:48 - __main__ - INFO - 162 - trainer - [52/257] Loss: 0.0015
2026/08/31 17:47:55 - __main__ - INFO - 162 - trainer - [104/257] Loss: 0.0008
2026/08/31 17:48:02 - __main__ - INFO - 162 - trainer - [156/257] Loss: 0.0010
2026/08/31 17:48:09 - __main__ - INFO - 162 - trainer - [208/257] Loss: 0.0011
2026/08/31 17:48:16 - __main__ - INFO - 167 - trainer - Average loss in epoch 82: 0.0013
2026/08/31 17:48:16 - __main__ - INFO - 117 - trainer - Epoch: 83
2026/08/31 17:48:16 - __main__ - INFO - 162 - trainer - [0/257] Loss: 0.0010
2026/08/31 17:48:23 - __main__ - INFO - 162 - trainer - [52/257] Loss: 0.0011
2026/08/31 17:48:30 - __main__ - INFO - 162 - trainer - [104/257] Loss: 0.0014
2026/08/31 17:48:38 - __main__ - INFO - 162 - trainer - [156/257] Loss: 0.0016
2026/08/31 17:48:45 - __main__ - INFO - 162 - trainer - [208/257] Loss: 0.0010
2026/08/31 17:48:52 - __main__ - INFO - 167 - trainer - Average loss in epoch 83: 0.0012
2026/08/31 17:48:52 - __main__ - INFO - 117 - trainer - Epoch: 84
2026/08/31 17:48:52 - __main__ - INFO - 162 - trainer - [0/257] Loss: 0.0009
2026/08/31 17:48:59 - __main__ - INFO - 162 - trainer - [52/257] Loss: 0.0010
2026/08/31 17:49:06 - __main__ - INFO - 162 - trainer - [104/257] Loss: 0.0010
2026/08/31 17:49:13 - __main__ - INFO - 162 - trainer - [156/257] Loss: 0.0011
2026/08/31 17:49:20 - __main__ - INFO - 162 - trainer - [208/257] Loss: 0.0009
2026/08/31 17:49:26 - __main__ - INFO - 167 - trainer - Average loss in epoch 84: 0.0011
2026/08/31 17:49:26 - __main__ - INFO - 117 - trainer - Epoch: 85
2026/08/31 17:49:26 - __main__ - INFO - 162 - trainer - [0/257] Loss: 0.0011
2026/08/31 17:49:33 - __main__ - INFO - 162 - trainer - [52/257] Loss: 0.0008
2026/08/31 17:49:40 - __main__ - INFO - 162 - trainer - [104/257] Loss: 0.0007
2026/08/31 17:49:47 - __main__ - INFO - 162 - trainer - [156/257] Loss: 0.0007
2026/08/31 17:49:54 - __main__ - INFO - 162 - trainer - [208/257] Loss: 0.0007
2026/08/31 17:50:01 - __main__ - INFO - 167 - trainer - Average loss in epoch 85: 0.0010
2026/08/31 17:50:01 - __main__ - INFO - 117 - trainer - Epoch: 86
2026/08/31 17:50:01 - __main__ - INFO - 162 - trainer - [0/257] Loss: 0.0010
2026/08/31 17:50:08 - __main__ - INFO - 162 - trainer - [52/257] Loss: 0.0010
2026/08/31 17:50:15 - __main__ - INFO - 162 - trainer - [104/257] Loss: 0.0009
2026/08/31 17:50:23 - __main__ - INFO - 162 - trainer - [156/257] Loss: 0.0013
2026/08/31 17:50:30 - __main__ - INFO - 162 - trainer - [208/257] Loss: 0.0008
2026/08/31 17:50:37 - __main__ - INFO - 167 - trainer - Average loss in epoch 86: 0.0009
2026/08/31 17:50:37 - __main__ - INFO - 117 - trainer - Epoch: 87
2026/08/31 17:50:37 - __main__ - INFO - 162 - trainer - [0/257] Loss: 0.0006
2026/08/31 17:50:44 - __main__ - INFO - 162 - trainer - [52/257] Loss: 0.0009
2026/08/31 17:50:51 - __main__ - INFO - 162 - trainer - [104/257] Loss: 0.0008
2026/08/31 17:50:58 - __main__ - INFO - 162 - trainer - [156/257] Loss: 0.0007
2026/08/31 17:51:05 - __main__ - INFO - 162 - trainer - [208/257] Loss: 0.0008
2026/08/31 17:51:11 - __main__ - INFO - 167 - trainer - Average loss in epoch 87: 0.0009
2026/08/31 17:51:11 - __main__ - INFO - 117 - trainer - Epoch: 88
2026/08/31 17:51:12 - __main__ - INFO - 162 - trainer - [0/257] Loss: 0.0008
2026/08/31 17:51:19 - __main__ - INFO - 162 - trainer - [52/257] Loss: 0.0009
2026/08/31 17:51:26 - __main__ - INFO - 162 - trainer - [104/257] Loss: 0.0007
2026/08/31 17:51:33 - __main__ - INFO - 162 - trainer - [156/257] Loss: 0.0005
2026/08/31 17:51:40 - __main__ - INFO - 162 - trainer - [208/257] Loss: 0.0008
2026/08/31 17:51:46 - __main__ - INFO - 167 - trainer - Average loss in epoch 88: 0.0008
2026/08/31 17:51:46 - __main__ - INFO - 117 - trainer - Epoch: 89
2026/08/31 17:51:46 - __main__ - INFO - 162 - trainer - [0/257] Loss: 0.0012
2026/08/31 17:51:53 - __main__ - INFO - 162 - trainer - [52/257] Loss: 0.0009
2026/08/31 17:52:00 - __main__ - INFO - 162 - trainer - [104/257] Loss: 0.0004
2026/08/31 17:52:07 - __main__ - INFO - 162 - trainer - [156/257] Loss: 0.0004
2026/08/31 17:52:14 - __main__ - INFO - 162 - trainer - [208/257] Loss: 0.0010
2026/08/31 17:52:20 - __main__ - INFO - 167 - trainer - Average loss in epoch 89: 0.0008
2026/08/31 17:52:20 - __main__ - INFO - 117 - trainer - Epoch: 90
2026/08/31 17:52:20 - __main__ - INFO - 162 - trainer - [0/257] Loss: 0.0009
2026/08/31 17:52:27 - __main__ - INFO - 162 - trainer - [52/257] Loss: 0.0009
2026/08/31 17:52:34 - __main__ - INFO - 162 - trainer - [104/257] Loss: 0.0007
2026/08/31 17:52:41 - __main__ - INFO - 162 - trainer - [156/257] Loss: 0.0007
2026/08/31 17:52:48 - __main__ - INFO - 162 - trainer - [208/257] Loss: 0.0012
2026/08/31 17:52:55 - __main__ - INFO - 167 - trainer - Average loss in epoch 90: 0.0007
2026/08/31 17:52:55 - __main__ - INFO - 117 - trainer - Epoch: 91
2026/08/31 17:52:55 - __main__ - INFO - 162 - trainer - [0/257] Loss: 0.0005
2026/08/31 17:53:02 - __main__ - INFO - 162 - trainer - [52/257] Loss: 0.0011
2026/08/31 17:53:09 - __main__ - INFO - 162 - trainer - [104/257] Loss: 0.0009
2026/08/31 17:53:16 - __main__ - INFO - 162 - trainer - [156/257] Loss: 0.0006
2026/08/31 17:53:23 - __main__ - INFO - 162 - trainer - [208/257] Loss: 0.0007
2026/08/31 17:53:29 - __main__ - INFO - 167 - trainer - Average loss in epoch 91: 0.0007
2026/08/31 17:53:29 - __main__ - INFO - 117 - trainer - Epoch: 92
2026/08/31 17:53:29 - __main__ - INFO - 162 - trainer - [0/257] Loss: 0.0008
2026/08/31 17:53:37 - __main__ - INFO - 162 - trainer - [52/257] Loss: 0.0006
2026/08/31 17:53:44 - __main__ - INFO - 162 - trainer - [104/257] Loss: 0.0009
2026/08/31 17:53:52 - __main__ - INFO - 162 - trainer - [156/257] Loss: 0.0010
2026/08/31 17:53:59 - __main__ - INFO - 162 - trainer - [208/257] Loss: 0.0007
2026/08/31 17:54:06 - __main__ - INFO - 167 - trainer - Average loss in epoch 92: 0.0006
2026/08/31 17:54:06 - __main__ - INFO - 117 - trainer - Epoch: 93
2026/08/31 17:54:06 - __main__ - INFO - 162 - trainer - [0/257] Loss: 0.0007
2026/08/31 17:54:13 - __main__ - INFO - 162 - trainer - [52/257] Loss: 0.0007
2026/08/31 17:54:21 - __main__ - INFO - 162 - trainer - [104/257] Loss: 0.0006
2026/08/31 17:54:28 - __main__ - INFO - 162 - trainer - [156/257] Loss: 0.0005
2026/08/31 17:54:35 - __main__ - INFO - 162 - trainer - [208/257] Loss: 0.0005
2026/08/31 17:54:42 - __main__ - INFO - 167 - trainer - Average loss in epoch 93: 0.0006
2026/08/31 17:54:42 - __main__ - INFO - 117 - trainer - Epoch: 94
2026/08/31 17:54:42 - __main__ - INFO - 162 - trainer - [0/257] Loss: 0.0003
2026/08/31 17:54:49 - __main__ - INFO - 162 - trainer - [52/257] Loss: 0.0005
2026/08/31 17:54:57 - __main__ - INFO - 162 - trainer - [104/257] Loss: 0.0006
2026/08/31 17:55:04 - __main__ - INFO - 162 - trainer - [156/257] Loss: 0.0009
2026/08/31 17:55:10 - __main__ - INFO - 162 - trainer - [208/257] Loss: 0.0006
2026/08/31 17:55:17 - __main__ - INFO - 167 - trainer - Average loss in epoch 94: 0.0005
2026/08/31 17:55:17 - __main__ - INFO - 117 - trainer - Epoch: 95
2026/08/31 17:55:17 - __main__ - INFO - 162 - trainer - [0/257] Loss: 0.0003
2026/08/31 17:55:24 - __main__ - INFO - 162 - trainer - [52/257] Loss: 0.0005
2026/08/31 17:55:31 - __main__ - INFO - 162 - trainer - [104/257] Loss: 0.0006
2026/08/31 17:55:38 - __main__ - INFO - 162 - trainer - [156/257] Loss: 0.0003
2026/08/31 17:55:45 - __main__ - INFO - 162 - trainer - [208/257] Loss: 0.0006
2026/08/31 17:55:51 - __main__ - INFO - 167 - trainer - Average loss in epoch 95: 0.0005
2026/08/31 17:55:51 - __main__ - INFO - 117 - trainer - Epoch: 96
2026/08/31 17:55:52 - __main__ - INFO - 162 - trainer - [0/257] Loss: 0.0003
2026/08/31 17:55:59 - __main__ - INFO - 162 - trainer - [52/257] Loss: 0.0004
2026/08/31 17:56:06 - __main__ - INFO - 162 - trainer - [104/257] Loss: 0.0006
2026/08/31 17:56:13 - __main__ - INFO - 162 - trainer - [156/257] Loss: 0.0004
2026/08/31 17:56:20 - __main__ - INFO - 162 - trainer - [208/257] Loss: 0.0004
2026/08/31 17:56:26 - __main__ - INFO - 167 - trainer - Average loss in epoch 96: 0.0005
2026/08/31 17:56:26 - __main__ - INFO - 117 - trainer - Epoch: 97
2026/08/31 17:56:26 - __main__ - INFO - 162 - trainer - [0/257] Loss: 0.0004
2026/08/31 17:56:33 - __main__ - INFO - 162 - trainer - [52/257] Loss: 0.0005
2026/08/31 17:56:40 - __main__ - INFO - 162 - trainer - [104/257] Loss: 0.0004
2026/08/31 17:56:47 - __main__ - INFO - 162 - trainer - [156/257] Loss: 0.0006
2026/08/31 17:56:54 - __main__ - INFO - 162 - trainer - [208/257] Loss: 0.0006
2026/08/31 17:57:01 - __main__ - INFO - 167 - trainer - Average loss in epoch 97: 0.0004
2026/08/31 17:57:01 - __main__ - INFO - 117 - trainer - Epoch: 98
2026/08/31 17:57:01 - __main__ - INFO - 162 - trainer - [0/257] Loss: 0.0004
2026/08/31 17:57:08 - __main__ - INFO - 162 - trainer - [52/257] Loss: 0.0006
2026/08/31 17:57:15 - __main__ - INFO - 162 - trainer - [104/257] Loss: 0.0006
2026/08/31 17:57:22 - __main__ - INFO - 162 - trainer - [156/257] Loss: 0.0003
2026/08/31 17:57:29 - __main__ - INFO - 162 - trainer - [208/257] Loss: 0.0003
2026/08/31 17:57:36 - __main__ - INFO - 167 - trainer - Average loss in epoch 98: 0.0004
2026/08/31 17:57:36 - __main__ - INFO - 117 - trainer - Epoch: 99
2026/08/31 17:57:36 - __main__ - INFO - 162 - trainer - [0/257] Loss: 0.0003
2026/08/31 17:57:43 - __main__ - INFO - 162 - trainer - [52/257] Loss: 0.0003
2026/08/31 17:57:50 - __main__ - INFO - 162 - trainer - [104/257] Loss: 0.0002
2026/08/31 17:57:58 - __main__ - INFO - 162 - trainer - [156/257] Loss: 0.0002
2026/08/31 17:58:05 - __main__ - INFO - 162 - trainer - [208/257] Loss: 0.0003
2026/08/31 17:58:11 - __main__ - INFO - 167 - trainer - Average loss in epoch 99: 0.0004
2026/08/31 17:58:11 - __main__ - INFO - 117 - trainer - Epoch: 100
2026/08/31 17:58:11 - __main__ - INFO - 162 - trainer - [0/257] Loss: 0.0004
2026/08/31 17:58:18 - __main__ - INFO - 162 - trainer - [52/257] Loss: 0.0002
2026/08/31 17:58:25 - __main__ - INFO - 162 - trainer - [104/257] Loss: 0.0003
2026/08/31 17:58:32 - __main__ - INFO - 162 - trainer - [156/257] Loss: 0.0004
2026/08/31 17:58:39 - __main__ - INFO - 162 - trainer - [208/257] Loss: 0.0002
2026/08/31 17:58:45 - __main__ - INFO - 167 - trainer - Average loss in epoch 100: 0.0004
2026/08/31 17:58:45 - __main__ - INFO - 173 - trainer - start predicting: 2026-08-31 17:58:45.971936
2026/08/31 17:59:47 - __main__ - INFO - 203 - trainer - {'Best_HR@5': np.float64(0.04), 'Best_HR@10': np.float64(0.0577), 'Best_HR@20': np.float64(0.1287), 'Best_NDCG@5': np.float64(0.0262), 'Best_NDCG@10': np.float64(0.0319), 'Best_NDCG@20': np.float64(0.0484)}
2026/08/31 17:59:47 - __main__ - INFO - 204 - trainer - {'Best_epoch_HR@5': 60, 'Best_epoch_HR@10': 60, 'Best_epoch_HR@20': 40, 'Best_epoch_NDCG@5': 100, 'Best_epoch_NDCG@10': 100, 'Best_epoch_NDCG@20': 100}
2026/08/31 17:59:47 - __main__ - INFO - 117 - trainer - Epoch: 101
2026/08/31 17:59:48 - __main__ - INFO - 162 - trainer - [0/257] Loss: 0.0007
2026/08/31 17:59:55 - __main__ - INFO - 162 - trainer - [52/257] Loss: 0.0003
2026/08/31 18:00:02 - __main__ - INFO - 162 - trainer - [104/257] Loss: 0.0004
2026/08/31 18:00:09 - __main__ - INFO - 162 - trainer - [156/257] Loss: 0.0004
2026/08/31 18:00:16 - __main__ - INFO - 162 - trainer - [208/257] Loss: 0.0005
2026/08/31 18:00:23 - __main__ - INFO - 167 - trainer - Average loss in epoch 101: 0.0004
2026/08/31 18:00:23 - __main__ - INFO - 117 - trainer - Epoch: 102
2026/08/31 18:00:23 - __main__ - INFO - 162 - trainer - [0/257] Loss: 0.0011
2026/08/31 18:00:30 - __main__ - INFO - 162 - trainer - [52/257] Loss: 0.0003
2026/08/31 18:00:37 - __main__ - INFO - 162 - trainer - [104/257] Loss: 0.0002
2026/08/31 18:00:44 - __main__ - INFO - 162 - trainer - [156/257] Loss: 0.0003
2026/08/31 18:00:52 - __main__ - INFO - 162 - trainer - [208/257] Loss: 0.0001
2026/08/31 18:00:58 - __main__ - INFO - 167 - trainer - Average loss in epoch 102: 0.0004
2026/08/31 18:00:58 - __main__ - INFO - 117 - trainer - Epoch: 103
2026/08/31 18:00:58 - __main__ - INFO - 162 - trainer - [0/257] Loss: 0.0003
2026/08/31 18:01:05 - __main__ - INFO - 162 - trainer - [52/257] Loss: 0.0005
2026/08/31 18:01:12 - __main__ - INFO - 162 - trainer - [104/257] Loss: 0.0002
2026/08/31 18:01:19 - __main__ - INFO - 162 - trainer - [156/257] Loss: 0.0005
2026/08/31 18:01:26 - __main__ - INFO - 162 - trainer - [208/257] Loss: 0.0001
2026/08/31 18:01:33 - __main__ - INFO - 167 - trainer - Average loss in epoch 103: 0.0004
2026/08/31 18:01:33 - __main__ - INFO - 117 - trainer - Epoch: 104
2026/08/31 18:01:33 - __main__ - INFO - 162 - trainer - [0/257] Loss: 0.0004
2026/08/31 18:01:40 - __main__ - INFO - 162 - trainer - [52/257] Loss: 0.0003
2026/08/31 18:01:48 - __main__ - INFO - 162 - trainer - [104/257] Loss: 0.0004
2026/08/31 18:01:55 - __main__ - INFO - 162 - trainer - [156/257] Loss: 0.0005
2026/08/31 18:02:02 - __main__ - INFO - 162 - trainer - [208/257] Loss: 0.0002
2026/08/31 18:02:08 - __main__ - INFO - 167 - trainer - Average loss in epoch 104: 0.0004
2026/08/31 18:02:08 - __main__ - INFO - 117 - trainer - Epoch: 105
2026/08/31 18:02:09 - __main__ - INFO - 162 - trainer - [0/257] Loss: 0.0003
2026/08/31 18:02:16 - __main__ - INFO - 162 - trainer - [52/257] Loss: 0.0003
2026/08/31 18:02:23 - __main__ - INFO - 162 - trainer - [104/257] Loss: 0.0002
2026/08/31 18:02:30 - __main__ - INFO - 162 - trainer - [156/257] Loss: 0.0002
2026/08/31 18:02:38 - __main__ - INFO - 162 - trainer - [208/257] Loss: 0.0004
2026/08/31 18:02:44 - __main__ - INFO - 167 - trainer - Average loss in epoch 105: 0.0004
2026/08/31 18:02:44 - __main__ - INFO - 117 - trainer - Epoch: 106
2026/08/31 18:02:44 - __main__ - INFO - 162 - trainer - [0/257] Loss: 0.0002
2026/08/31 18:02:52 - __main__ - INFO - 162 - trainer - [52/257] Loss: 0.0005
2026/08/31 18:02:59 - __main__ - INFO - 162 - trainer - [104/257] Loss: 0.0003
2026/08/31 18:03:06 - __main__ - INFO - 162 - trainer - [156/257] Loss: 0.0005
2026/08/31 18:03:14 - __main__ - INFO - 162 - trainer - [208/257] Loss: 0.0007
2026/08/31 18:03:20 - __main__ - INFO - 167 - trainer - Average loss in epoch 106: 0.0004
2026/08/31 18:03:20 - __main__ - INFO - 117 - trainer - Epoch: 107
2026/08/31 18:03:21 - __main__ - INFO - 162 - trainer - [0/257] Loss: 0.0002
2026/08/31 18:03:28 - __main__ - INFO - 162 - trainer - [52/257] Loss: 0.0004
2026/08/31 18:03:35 - __main__ - INFO - 162 - trainer - [104/257] Loss: 0.0007
2026/08/31 18:03:42 - __main__ - INFO - 162 - trainer - [156/257] Loss: 0.0002
2026/08/31 18:03:50 - __main__ - INFO - 162 - trainer - [208/257] Loss: 0.0003
2026/08/31 18:03:57 - __main__ - INFO - 167 - trainer - Average loss in epoch 107: 0.0004
2026/08/31 18:03:57 - __main__ - INFO - 117 - trainer - Epoch: 108
2026/08/31 18:03:57 - __main__ - INFO - 162 - trainer - [0/257] Loss: 0.0003
2026/08/31 18:04:04 - __main__ - INFO - 162 - trainer - [52/257] Loss: 0.0002
2026/08/31 18:04:11 - __main__ - INFO - 162 - trainer - [104/257] Loss: 0.0005
2026/08/31 18:04:19 - __main__ - INFO - 162 - trainer - [156/257] Loss: 0.0004
2026/08/31 18:04:26 - __main__ - INFO - 162 - trainer - [208/257] Loss: 0.0003
2026/08/31 18:04:33 - __main__ - INFO - 167 - trainer - Average loss in epoch 108: 0.0004
2026/08/31 18:04:33 - __main__ - INFO - 117 - trainer - Epoch: 109
2026/08/31 18:04:33 - __main__ - INFO - 162 - trainer - [0/257] Loss: 0.0004
2026/08/31 18:04:40 - __main__ - INFO - 162 - trainer - [52/257] Loss: 0.0002
2026/08/31 18:04:48 - __main__ - INFO - 162 - trainer - [104/257] Loss: 0.0005
2026/08/31 18:04:55 - __main__ - INFO - 162 - trainer - [156/257] Loss: 0.0003
2026/08/31 18:05:02 - __main__ - INFO - 162 - trainer - [208/257] Loss: 0.0003
2026/08/31 18:05:09 - __main__ - INFO - 167 - trainer - Average loss in epoch 109: 0.0003
2026/08/31 18:05:09 - __main__ - INFO - 117 - trainer - Epoch: 110
2026/08/31 18:05:09 - __main__ - INFO - 162 - trainer - [0/257] Loss: 0.0004
2026/08/31 18:05:16 - __main__ - INFO - 162 - trainer - [52/257] Loss: 0.0003
2026/08/31 18:05:23 - __main__ - INFO - 162 - trainer - [104/257] Loss: 0.0003
2026/08/31 18:05:31 - __main__ - INFO - 162 - trainer - [156/257] Loss: 0.0005
2026/08/31 18:05:38 - __main__ - INFO - 162 - trainer - [208/257] Loss: 0.0004
2026/08/31 18:05:45 - __main__ - INFO - 167 - trainer - Average loss in epoch 110: 0.0003
2026/08/31 18:05:45 - __main__ - INFO - 117 - trainer - Epoch: 111
2026/08/31 18:05:45 - __main__ - INFO - 162 - trainer - [0/257] Loss: 0.0003
2026/08/31 18:05:52 - __main__ - INFO - 162 - trainer - [52/257] Loss: 0.0002
2026/08/31 18:05:59 - __main__ - INFO - 162 - trainer - [104/257] Loss: 0.0004
2026/08/31 18:06:06 - __main__ - INFO - 162 - trainer - [156/257] Loss: 0.0003
2026/08/31 18:06:14 - __main__ - INFO - 162 - trainer - [208/257] Loss: 0.0004
2026/08/31 18:06:20 - __main__ - INFO - 167 - trainer - Average loss in epoch 111: 0.0003
2026/08/31 18:06:20 - __main__ - INFO - 117 - trainer - Epoch: 112
2026/08/31 18:06:21 - __main__ - INFO - 162 - trainer - [0/257] Loss: 0.0002
2026/08/31 18:06:28 - __main__ - INFO - 162 - trainer - [52/257] Loss: 0.0003
2026/08/31 18:06:35 - __main__ - INFO - 162 - trainer - [104/257] Loss: 0.0004
2026/08/31 18:06:42 - __main__ - INFO - 162 - trainer - [156/257] Loss: 0.0004
2026/08/31 18:06:50 - __main__ - INFO - 162 - trainer - [208/257] Loss: 0.0003
2026/08/31 18:06:56 - __main__ - INFO - 167 - trainer - Average loss in epoch 112: 0.0003
2026/08/31 18:06:56 - __main__ - INFO - 117 - trainer - Epoch: 113
2026/08/31 18:06:56 - __main__ - INFO - 162 - trainer - [0/257] Loss: 0.0002
2026/08/31 18:07:04 - __main__ - INFO - 162 - trainer - [52/257] Loss: 0.0002
2026/08/31 18:07:11 - __main__ - INFO - 162 - trainer - [104/257] Loss: 0.0004
2026/08/31 18:07:18 - __main__ - INFO - 162 - trainer - [156/257] Loss: 0.0002
2026/08/31 18:07:26 - __main__ - INFO - 162 - trainer - [208/257] Loss: 0.0003
2026/08/31 18:07:32 - __main__ - INFO - 167 - trainer - Average loss in epoch 113: 0.0003
2026/08/31 18:07:32 - __main__ - INFO - 117 - trainer - Epoch: 114
2026/08/31 18:07:32 - __main__ - INFO - 162 - trainer - [0/257] Loss: 0.0001
2026/08/31 18:07:40 - __main__ - INFO - 162 - trainer - [52/257] Loss: 0.0007
2026/08/31 18:07:47 - __main__ - INFO - 162 - trainer - [104/257] Loss: 0.0005
2026/08/31 18:07:54 - __main__ - INFO - 162 - trainer - [156/257] Loss: 0.0003
2026/08/31 18:08:01 - __main__ - INFO - 162 - trainer - [208/257] Loss: 0.0003
2026/08/31 18:08:08 - __main__ - INFO - 167 - trainer - Average loss in epoch 114: 0.0003
2026/08/31 18:08:08 - __main__ - INFO - 117 - trainer - Epoch: 115
2026/08/31 18:08:08 - __main__ - INFO - 162 - trainer - [0/257] Loss: 0.0006
2026/08/31 18:08:15 - __main__ - INFO - 162 - trainer - [52/257] Loss: 0.0006
2026/08/31 18:08:22 - __main__ - INFO - 162 - trainer - [104/257] Loss: 0.0004
2026/08/31 18:08:30 - __main__ - INFO - 162 - trainer - [156/257] Loss: 0.0003
2026/08/31 18:08:37 - __main__ - INFO - 162 - trainer - [208/257] Loss: 0.0004
2026/08/31 18:08:43 - __main__ - INFO - 167 - trainer - Average loss in epoch 115: 0.0003
2026/08/31 18:08:43 - __main__ - INFO - 117 - trainer - Epoch: 116
2026/08/31 18:08:44 - __main__ - INFO - 162 - trainer - [0/257] Loss: 0.0002
2026/08/31 18:08:51 - __main__ - INFO - 162 - trainer - [52/257] Loss: 0.0002
2026/08/31 18:08:58 - __main__ - INFO - 162 - trainer - [104/257] Loss: 0.0002
2026/08/31 18:09:05 - __main__ - INFO - 162 - trainer - [156/257] Loss: 0.0003
2026/08/31 18:09:13 - __main__ - INFO - 162 - trainer - [208/257] Loss: 0.0002
2026/08/31 18:09:19 - __main__ - INFO - 167 - trainer - Average loss in epoch 116: 0.0003
2026/08/31 18:09:19 - __main__ - INFO - 117 - trainer - Epoch: 117
2026/08/31 18:09:20 - __main__ - INFO - 162 - trainer - [0/257] Loss: 0.0006
2026/08/31 18:09:27 - __main__ - INFO - 162 - trainer - [52/257] Loss: 0.0002
2026/08/31 18:09:34 - __main__ - INFO - 162 - trainer - [104/257] Loss: 0.0003
2026/08/31 18:09:41 - __main__ - INFO - 162 - trainer - [156/257] Loss: 0.0002
2026/08/31 18:09:49 - __main__ - INFO - 162 - trainer - [208/257] Loss: 0.0004
2026/08/31 18:09:56 - __main__ - INFO - 167 - trainer - Average loss in epoch 117: 0.0003
2026/08/31 18:09:56 - __main__ - INFO - 117 - trainer - Epoch: 118
2026/08/31 18:09:56 - __main__ - INFO - 162 - trainer - [0/257] Loss: 0.0002
2026/08/31 18:10:03 - __main__ - INFO - 162 - trainer - [52/257] Loss: 0.0003
2026/08/31 18:10:10 - __main__ - INFO - 162 - trainer - [104/257] Loss: 0.0003
2026/08/31 18:10:18 - __main__ - INFO - 162 - trainer - [156/257] Loss: 0.0002
2026/08/31 18:10:25 - __main__ - INFO - 162 - trainer - [208/257] Loss: 0.0003
2026/08/31 18:10:31 - __main__ - INFO - 167 - trainer - Average loss in epoch 118: 0.0003
2026/08/31 18:10:31 - __main__ - INFO - 117 - trainer - Epoch: 119
2026/08/31 18:10:31 - __main__ - INFO - 162 - trainer - [0/257] Loss: 0.0006
2026/08/31 18:10:39 - __main__ - INFO - 162 - trainer - [52/257] Loss: 0.0003
2026/08/31 18:10:46 - __main__ - INFO - 162 - trainer - [104/257] Loss: 0.0006
2026/08/31 18:10:53 - __main__ - INFO - 162 - trainer - [156/257] Loss: 0.0003
2026/08/31 18:11:00 - __main__ - INFO - 162 - trainer - [208/257] Loss: 0.0003
2026/08/31 18:11:07 - __main__ - INFO - 167 - trainer - Average loss in epoch 119: 0.0003
2026/08/31 18:11:07 - __main__ - INFO - 117 - trainer - Epoch: 120
2026/08/31 18:11:07 - __main__ - INFO - 162 - trainer - [0/257] Loss: 0.0005
2026/08/31 18:11:14 - __main__ - INFO - 162 - trainer - [52/257] Loss: 0.0004
2026/08/31 18:11:21 - __main__ - INFO - 162 - trainer - [104/257] Loss: 0.0003
2026/08/31 18:11:29 - __main__ - INFO - 162 - trainer - [156/257] Loss: 0.0002
2026/08/31 18:11:36 - __main__ - INFO - 162 - trainer - [208/257] Loss: 0.0002
2026/08/31 18:11:42 - __main__ - INFO - 167 - trainer - Average loss in epoch 120: 0.0003
2026/08/31 18:11:42 - __main__ - INFO - 173 - trainer - start predicting: 2026-08-31 18:11:42.955192
2026/08/31 18:12:44 - __main__ - INFO - 117 - trainer - Epoch: 121
2026/08/31 18:12:44 - __main__ - INFO - 162 - trainer - [0/257] Loss: 0.0002
2026/08/31 18:12:51 - __main__ - INFO - 162 - trainer - [52/257] Loss: 0.0005
2026/08/31 18:12:59 - __main__ - INFO - 162 - trainer - [104/257] Loss: 0.0005
2026/08/31 18:13:06 - __main__ - INFO - 162 - trainer - [156/257] Loss: 0.0001
2026/08/31 18:13:13 - __main__ - INFO - 162 - trainer - [208/257] Loss: 0.0004
2026/08/31 18:13:20 - __main__ - INFO - 167 - trainer - Average loss in epoch 121: 0.0003
2026/08/31 18:13:20 - __main__ - INFO - 117 - trainer - Epoch: 122
2026/08/31 18:13:20 - __main__ - INFO - 162 - trainer - [0/257] Loss: 0.0003
2026/08/31 18:13:28 - __main__ - INFO - 162 - trainer - [52/257] Loss: 0.0002
2026/08/31 18:13:35 - __main__ - INFO - 162 - trainer - [104/257] Loss: 0.0002
2026/08/31 18:13:43 - __main__ - INFO - 162 - trainer - [156/257] Loss: 0.0005
2026/08/31 18:13:50 - __main__ - INFO - 162 - trainer - [208/257] Loss: 0.0004
2026/08/31 18:13:57 - __main__ - INFO - 167 - trainer - Average loss in epoch 122: 0.0003
2026/08/31 18:13:57 - __main__ - INFO - 117 - trainer - Epoch: 123
2026/08/31 18:13:57 - __main__ - INFO - 162 - trainer - [0/257] Loss: 0.0002
2026/08/31 18:14:04 - __main__ - INFO - 162 - trainer - [52/257] Loss: 0.0003
2026/08/31 18:14:11 - __main__ - INFO - 162 - trainer - [104/257] Loss: 0.0002
2026/08/31 18:14:19 - __main__ - INFO - 162 - trainer - [156/257] Loss: 0.0003
2026/08/31 18:14:26 - __main__ - INFO - 162 - trainer - [208/257] Loss: 0.0002
2026/08/31 18:14:33 - __main__ - INFO - 167 - trainer - Average loss in epoch 123: 0.0003
2026/08/31 18:14:33 - __main__ - INFO - 117 - trainer - Epoch: 124
2026/08/31 18:14:33 - __main__ - INFO - 162 - trainer - [0/257] Loss: 0.0004
2026/08/31 18:14:40 - __main__ - INFO - 162 - trainer - [52/257] Loss: 0.0008
2026/08/31 18:14:48 - __main__ - INFO - 162 - trainer - [104/257] Loss: 0.0001
2026/08/31 18:14:55 - __main__ - INFO - 162 - trainer - [156/257] Loss: 0.0002
2026/08/31 18:15:03 - __main__ - INFO - 162 - trainer - [208/257] Loss: 0.0002
2026/08/31 18:15:09 - __main__ - INFO - 167 - trainer - Average loss in epoch 124: 0.0003
2026/08/31 18:15:09 - __main__ - INFO - 117 - trainer - Epoch: 125
2026/08/31 18:15:10 - __main__ - INFO - 162 - trainer - [0/257] Loss: 0.0002
2026/08/31 18:15:17 - __main__ - INFO - 162 - trainer - [52/257] Loss: 0.0003
2026/08/31 18:15:24 - __main__ - INFO - 162 - trainer - [104/257] Loss: 0.0001
2026/08/31 18:15:32 - __main__ - INFO - 162 - trainer - [156/257] Loss: 0.0006
2026/08/31 18:15:39 - __main__ - INFO - 162 - trainer - [208/257] Loss: 0.0004
2026/08/31 18:15:46 - __main__ - INFO - 167 - trainer - Average loss in epoch 125: 0.0003
2026/08/31 18:15:46 - __main__ - INFO - 117 - trainer - Epoch: 126
2026/08/31 18:15:46 - __main__ - INFO - 162 - trainer - [0/257] Loss: 0.0001
2026/08/31 18:15:53 - __main__ - INFO - 162 - trainer - [52/257] Loss: 0.0003
2026/08/31 18:16:01 - __main__ - INFO - 162 - trainer - [104/257] Loss: 0.0004
2026/08/31 18:16:08 - __main__ - INFO - 162 - trainer - [156/257] Loss: 0.0005
2026/08/31 18:16:16 - __main__ - INFO - 162 - trainer - [208/257] Loss: 0.0002
2026/08/31 18:16:22 - __main__ - INFO - 167 - trainer - Average loss in epoch 126: 0.0003
2026/08/31 18:16:22 - __main__ - INFO - 117 - trainer - Epoch: 127
2026/08/31 18:16:22 - __main__ - INFO - 162 - trainer - [0/257] Loss: 0.0003
2026/08/31 18:16:30 - __main__ - INFO - 162 - trainer - [52/257] Loss: 0.0002
2026/08/31 18:16:37 - __main__ - INFO - 162 - trainer - [104/257] Loss: 0.0003
2026/08/31 18:16:44 - __main__ - INFO - 162 - trainer - [156/257] Loss: 0.0003
2026/08/31 18:16:52 - __main__ - INFO - 162 - trainer - [208/257] Loss: 0.0006
2026/08/31 18:16:58 - __main__ - INFO - 167 - trainer - Average loss in epoch 127: 0.0003
2026/08/31 18:16:58 - __main__ - INFO - 117 - trainer - Epoch: 128
2026/08/31 18:16:59 - __main__ - INFO - 162 - trainer - [0/257] Loss: 0.0002
2026/08/31 18:17:06 - __main__ - INFO - 162 - trainer - [52/257] Loss: 0.0004
2026/08/31 18:17:13 - __main__ - INFO - 162 - trainer - [104/257] Loss: 0.0003
2026/08/31 18:17:21 - __main__ - INFO - 162 - trainer - [156/257] Loss: 0.0002
2026/08/31 18:17:28 - __main__ - INFO - 162 - trainer - [208/257] Loss: 0.0004
2026/08/31 18:17:35 - __main__ - INFO - 167 - trainer - Average loss in epoch 128: 0.0003
2026/08/31 18:17:35 - __main__ - INFO - 117 - trainer - Epoch: 129
2026/08/31 18:17:35 - __main__ - INFO - 162 - trainer - [0/257] Loss: 0.0002
2026/08/31 18:17:42 - __main__ - INFO - 162 - trainer - [52/257] Loss: 0.0002
2026/08/31 18:17:50 - __main__ - INFO - 162 - trainer - [104/257] Loss: 0.0003
2026/08/31 18:17:57 - __main__ - INFO - 162 - trainer - [156/257] Loss: 0.0006
2026/08/31 18:18:04 - __main__ - INFO - 162 - trainer - [208/257] Loss: 0.0002
2026/08/31 18:18:11 - __main__ - INFO - 167 - trainer - Average loss in epoch 129: 0.0003
2026/08/31 18:18:11 - __main__ - INFO - 117 - trainer - Epoch: 130
2026/08/31 18:18:11 - __main__ - INFO - 162 - trainer - [0/257] Loss: 0.0003
2026/08/31 18:18:18 - __main__ - INFO - 162 - trainer - [52/257] Loss: 0.0006
2026/08/31 18:18:26 - __main__ - INFO - 162 - trainer - [104/257] Loss: 0.0002
2026/08/31 18:18:33 - __main__ - INFO - 162 - trainer - [156/257] Loss: 0.0002
2026/08/31 18:18:40 - __main__ - INFO - 162 - trainer - [208/257] Loss: 0.0006
2026/08/31 18:18:47 - __main__ - INFO - 167 - trainer - Average loss in epoch 130: 0.0003
2026/08/31 18:18:47 - __main__ - INFO - 117 - trainer - Epoch: 131
2026/08/31 18:18:47 - __main__ - INFO - 162 - trainer - [0/257] Loss: 0.0004
2026/08/31 18:18:55 - __main__ - INFO - 162 - trainer - [52/257] Loss: 0.0002
2026/08/31 18:19:02 - __main__ - INFO - 162 - trainer - [104/257] Loss: 0.0001
2026/08/31 18:19:09 - __main__ - INFO - 162 - trainer - [156/257] Loss: 0.0002
2026/08/31 18:19:17 - __main__ - INFO - 162 - trainer - [208/257] Loss: 0.0003
2026/08/31 18:19:23 - __main__ - INFO - 167 - trainer - Average loss in epoch 131: 0.0003
2026/08/31 18:19:23 - __main__ - INFO - 117 - trainer - Epoch: 132
2026/08/31 18:19:24 - __main__ - INFO - 162 - trainer - [0/257] Loss: 0.0002
2026/08/31 18:19:31 - __main__ - INFO - 162 - trainer - [52/257] Loss: 0.0004
2026/08/31 18:19:38 - __main__ - INFO - 162 - trainer - [104/257] Loss: 0.0003
2026/08/31 18:19:46 - __main__ - INFO - 162 - trainer - [156/257] Loss: 0.0002
2026/08/31 18:19:53 - __main__ - INFO - 162 - trainer - [208/257] Loss: 0.0003
2026/08/31 18:20:00 - __main__ - INFO - 167 - trainer - Average loss in epoch 132: 0.0003
2026/08/31 18:20:00 - __main__ - INFO - 117 - trainer - Epoch: 133
2026/08/31 18:20:00 - __main__ - INFO - 162 - trainer - [0/257] Loss: 0.0003
2026/08/31 18:20:07 - __main__ - INFO - 162 - trainer - [52/257] Loss: 0.0002
2026/08/31 18:20:14 - __main__ - INFO - 162 - trainer - [104/257] Loss: 0.0004
2026/08/31 18:20:22 - __main__ - INFO - 162 - trainer - [156/257] Loss: 0.0004
2026/08/31 18:20:29 - __main__ - INFO - 162 - trainer - [208/257] Loss: 0.0005
2026/08/31 18:20:36 - __main__ - INFO - 167 - trainer - Average loss in epoch 133: 0.0003
2026/08/31 18:20:36 - __main__ - INFO - 117 - trainer - Epoch: 134
2026/08/31 18:20:36 - __main__ - INFO - 162 - trainer - [0/257] Loss: 0.0003
2026/08/31 18:20:43 - __main__ - INFO - 162 - trainer - [52/257] Loss: 0.0001
2026/08/31 18:20:50 - __main__ - INFO - 162 - trainer - [104/257] Loss: 0.0002
2026/08/31 18:20:58 - __main__ - INFO - 162 - trainer - [156/257] Loss: 0.0002
2026/08/31 18:21:05 - __main__ - INFO - 162 - trainer - [208/257] Loss: 0.0006
2026/08/31 18:21:12 - __main__ - INFO - 167 - trainer - Average loss in epoch 134: 0.0003
2026/08/31 18:21:12 - __main__ - INFO - 117 - trainer - Epoch: 135
2026/08/31 18:21:12 - __main__ - INFO - 162 - trainer - [0/257] Loss: 0.0009
2026/08/31 18:21:20 - __main__ - INFO - 162 - trainer - [52/257] Loss: 0.0004
2026/08/31 18:21:27 - __main__ - INFO - 162 - trainer - [104/257] Loss: 0.0003
2026/08/31 18:21:34 - __main__ - INFO - 162 - trainer - [156/257] Loss: 0.0002
2026/08/31 18:21:42 - __main__ - INFO - 162 - trainer - [208/257] Loss: 0.0003
2026/08/31 18:21:49 - __main__ - INFO - 167 - trainer - Average loss in epoch 135: 0.0003
2026/08/31 18:21:49 - __main__ - INFO - 117 - trainer - Epoch: 136
2026/08/31 18:21:49 - __main__ - INFO - 162 - trainer - [0/257] Loss: 0.0001
2026/08/31 18:21:56 - __main__ - INFO - 162 - trainer - [52/257] Loss: 0.0002
2026/08/31 18:22:04 - __main__ - INFO - 162 - trainer - [104/257] Loss: 0.0002
2026/08/31 18:22:11 - __main__ - INFO - 162 - trainer - [156/257] Loss: 0.0002
2026/08/31 18:22:18 - __main__ - INFO - 162 - trainer - [208/257] Loss: 0.0003
2026/08/31 18:22:25 - __main__ - INFO - 167 - trainer - Average loss in epoch 136: 0.0003
2026/08/31 18:22:25 - __main__ - INFO - 117 - trainer - Epoch: 137
2026/08/31 18:22:25 - __main__ - INFO - 162 - trainer - [0/257] Loss: 0.0002
2026/08/31 18:22:33 - __main__ - INFO - 162 - trainer - [52/257] Loss: 0.0003
2026/08/31 18:22:40 - __main__ - INFO - 162 - trainer - [104/257] Loss: 0.0001
2026/08/31 18:22:47 - __main__ - INFO - 162 - trainer - [156/257] Loss: 0.0003
2026/08/31 18:22:55 - __main__ - INFO - 162 - trainer - [208/257] Loss: 0.0003
2026/08/31 18:23:02 - __main__ - INFO - 167 - trainer - Average loss in epoch 137: 0.0003
2026/08/31 18:23:02 - __main__ - INFO - 117 - trainer - Epoch: 138
2026/08/31 18:23:02 - __main__ - INFO - 162 - trainer - [0/257] Loss: 0.0006
2026/08/31 18:23:09 - __main__ - INFO - 162 - trainer - [52/257] Loss: 0.0003
2026/08/31 18:23:16 - __main__ - INFO - 162 - trainer - [104/257] Loss: 0.0002
2026/08/31 18:23:24 - __main__ - INFO - 162 - trainer - [156/257] Loss: 0.0002
2026/08/31 18:23:31 - __main__ - INFO - 162 - trainer - [208/257] Loss: 0.0001
2026/08/31 18:23:38 - __main__ - INFO - 167 - trainer - Average loss in epoch 138: 0.0003
2026/08/31 18:23:38 - __main__ - INFO - 117 - trainer - Epoch: 139
2026/08/31 18:23:38 - __main__ - INFO - 162 - trainer - [0/257] Loss: 0.0002
2026/08/31 18:23:45 - __main__ - INFO - 162 - trainer - [52/257] Loss: 0.0003
2026/08/31 18:23:53 - __main__ - INFO - 162 - trainer - [104/257] Loss: 0.0001
2026/08/31 18:24:00 - __main__ - INFO - 162 - trainer - [156/257] Loss: 0.0003
2026/08/31 18:24:07 - __main__ - INFO - 162 - trainer - [208/257] Loss: 0.0003
2026/08/31 18:24:14 - __main__ - INFO - 167 - trainer - Average loss in epoch 139: 0.0003
2026/08/31 18:24:14 - __main__ - INFO - 117 - trainer - Epoch: 140
2026/08/31 18:24:14 - __main__ - INFO - 162 - trainer - [0/257] Loss: 0.0003
2026/08/31 18:24:21 - __main__ - INFO - 162 - trainer - [52/257] Loss: 0.0003
2026/08/31 18:24:28 - __main__ - INFO - 162 - trainer - [104/257] Loss: 0.0005
2026/08/31 18:24:36 - __main__ - INFO - 162 - trainer - [156/257] Loss: 0.0002
2026/08/31 18:24:43 - __main__ - INFO - 162 - trainer - [208/257] Loss: 0.0002
2026/08/31 18:24:50 - __main__ - INFO - 167 - trainer - Average loss in epoch 140: 0.0003
2026/08/31 18:24:50 - __main__ - INFO - 173 - trainer - start predicting: 2026-08-31 18:24:50.488445
2026/08/31 18:25:54 - __main__ - INFO - 117 - trainer - Epoch: 141
2026/08/31 18:25:54 - __main__ - INFO - 162 - trainer - [0/257] Loss: 0.0004
2026/08/31 18:26:01 - __main__ - INFO - 162 - trainer - [52/257] Loss: 0.0004
2026/08/31 18:26:08 - __main__ - INFO - 162 - trainer - [104/257] Loss: 0.0004
2026/08/31 18:26:15 - __main__ - INFO - 162 - trainer - [156/257] Loss: 0.0004
2026/08/31 18:26:22 - __main__ - INFO - 162 - trainer - [208/257] Loss: 0.0002
2026/08/31 18:26:29 - __main__ - INFO - 167 - trainer - Average loss in epoch 141: 0.0003
2026/08/31 18:26:29 - __main__ - INFO - 117 - trainer - Epoch: 142
2026/08/31 18:26:29 - __main__ - INFO - 162 - trainer - [0/257] Loss: 0.0002
2026/08/31 18:26:36 - __main__ - INFO - 162 - trainer - [52/257] Loss: 0.0002
2026/08/31 18:26:44 - __main__ - INFO - 162 - trainer - [104/257] Loss: 0.0003
2026/08/31 18:26:51 - __main__ - INFO - 162 - trainer - [156/257] Loss: 0.0004
2026/08/31 18:26:58 - __main__ - INFO - 162 - trainer - [208/257] Loss: 0.0004
2026/08/31 18:27:05 - __main__ - INFO - 167 - trainer - Average loss in epoch 142: 0.0003
2026/08/31 18:27:05 - __main__ - INFO - 117 - trainer - Epoch: 143
2026/08/31 18:27:05 - __main__ - INFO - 162 - trainer - [0/257] Loss: 0.0001
2026/08/31 18:27:13 - __main__ - INFO - 162 - trainer - [52/257] Loss: 0.0002
2026/08/31 18:27:20 - __main__ - INFO - 162 - trainer - [104/257] Loss: 0.0002
2026/08/31 18:27:28 - __main__ - INFO - 162 - trainer - [156/257] Loss: 0.0004
2026/08/31 18:27:35 - __main__ - INFO - 162 - trainer - [208/257] Loss: 0.0001
2026/08/31 18:27:42 - __main__ - INFO - 167 - trainer - Average loss in epoch 143: 0.0003
2026/08/31 18:27:42 - __main__ - INFO - 117 - trainer - Epoch: 144
2026/08/31 18:27:42 - __main__ - INFO - 162 - trainer - [0/257] Loss: 0.0005
2026/08/31 18:27:49 - __main__ - INFO - 162 - trainer - [52/257] Loss: 0.0002
2026/08/31 18:27:57 - __main__ - INFO - 162 - trainer - [104/257] Loss: 0.0003
2026/08/31 18:28:04 - __main__ - INFO - 162 - trainer - [156/257] Loss: 0.0001
2026/08/31 18:28:11 - __main__ - INFO - 162 - trainer - [208/257] Loss: 0.0002
2026/08/31 18:28:18 - __main__ - INFO - 167 - trainer - Average loss in epoch 144: 0.0003
2026/08/31 18:28:18 - __main__ - INFO - 117 - trainer - Epoch: 145
2026/08/31 18:28:18 - __main__ - INFO - 162 - trainer - [0/257] Loss: 0.0003
2026/08/31 18:28:25 - __main__ - INFO - 162 - trainer - [52/257] Loss: 0.0003
2026/08/31 18:28:32 - __main__ - INFO - 162 - trainer - [104/257] Loss: 0.0004
2026/08/31 18:28:40 - __main__ - INFO - 162 - trainer - [156/257] Loss: 0.0002
2026/08/31 18:28:47 - __main__ - INFO - 162 - trainer - [208/257] Loss: 0.0002
2026/08/31 18:28:54 - __main__ - INFO - 167 - trainer - Average loss in epoch 145: 0.0003
2026/08/31 18:28:54 - __main__ - INFO - 117 - trainer - Epoch: 146
2026/08/31 18:28:54 - __main__ - INFO - 162 - trainer - [0/257] Loss: 0.0005
2026/08/31 18:29:01 - __main__ - INFO - 162 - trainer - [52/257] Loss: 0.0003
2026/08/31 18:29:08 - __main__ - INFO - 162 - trainer - [104/257] Loss: 0.0002
2026/08/31 18:29:15 - __main__ - INFO - 162 - trainer - [156/257] Loss: 0.0001
2026/08/31 18:29:23 - __main__ - INFO - 162 - trainer - [208/257] Loss: 0.0002
2026/08/31 18:29:29 - __main__ - INFO - 167 - trainer - Average loss in epoch 146: 0.0003
2026/08/31 18:29:29 - __main__ - INFO - 117 - trainer - Epoch: 147
2026/08/31 18:29:30 - __main__ - INFO - 162 - trainer - [0/257] Loss: 0.0003
2026/08/31 18:29:37 - __main__ - INFO - 162 - trainer - [52/257] Loss: 0.0004
2026/08/31 18:29:44 - __main__ - INFO - 162 - trainer - [104/257] Loss: 0.0001
2026/08/31 18:29:52 - __main__ - INFO - 162 - trainer - [156/257] Loss: 0.0002
2026/08/31 18:29:59 - __main__ - INFO - 162 - trainer - [208/257] Loss: 0.0003
2026/08/31 18:30:05 - __main__ - INFO - 167 - trainer - Average loss in epoch 147: 0.0003
2026/08/31 18:30:05 - __main__ - INFO - 117 - trainer - Epoch: 148
2026/08/31 18:30:06 - __main__ - INFO - 162 - trainer - [0/257] Loss: 0.0003
2026/08/31 18:30:13 - __main__ - INFO - 162 - trainer - [52/257] Loss: 0.0004
2026/08/31 18:30:20 - __main__ - INFO - 162 - trainer - [104/257] Loss: 0.0002
2026/08/31 18:30:27 - __main__ - INFO - 162 - trainer - [156/257] Loss: 0.0002
2026/08/31 18:30:35 - __main__ - INFO - 162 - trainer - [208/257] Loss: 0.0003
2026/08/31 18:30:42 - __main__ - INFO - 167 - trainer - Average loss in epoch 148: 0.0003
2026/08/31 18:30:42 - __main__ - INFO - 117 - trainer - Epoch: 149
2026/08/31 18:30:42 - __main__ - INFO - 162 - trainer - [0/257] Loss: 0.0002
2026/08/31 18:30:49 - __main__ - INFO - 162 - trainer - [52/257] Loss: 0.0003
2026/08/31 18:30:57 - __main__ - INFO - 162 - trainer - [104/257] Loss: 0.0003
2026/08/31 18:31:04 - __main__ - INFO - 162 - trainer - [156/257] Loss: 0.0003
2026/08/31 18:31:12 - __main__ - INFO - 162 - trainer - [208/257] Loss: 0.0002
2026/08/31 18:31:18 - __main__ - INFO - 167 - trainer - Average loss in epoch 149: 0.0003
2026/08/31 18:31:18 - __main__ - INFO - 117 - trainer - Epoch: 150
2026/08/31 18:31:18 - __main__ - INFO - 162 - trainer - [0/257] Loss: 0.0001
2026/08/31 18:31:26 - __main__ - INFO - 162 - trainer - [52/257] Loss: 0.0003
2026/08/31 18:31:33 - __main__ - INFO - 162 - trainer - [104/257] Loss: 0.0004
2026/08/31 18:31:40 - __main__ - INFO - 162 - trainer - [156/257] Loss: 0.0002
2026/08/31 18:31:48 - __main__ - INFO - 162 - trainer - [208/257] Loss: 0.0001
2026/08/31 18:31:55 - __main__ - INFO - 167 - trainer - Average loss in epoch 150: 0.0003
2026/08/31 18:31:55 - __main__ - INFO - 117 - trainer - Epoch: 151
2026/08/31 18:31:55 - __main__ - INFO - 162 - trainer - [0/257] Loss: 0.0003
2026/08/31 18:32:02 - __main__ - INFO - 162 - trainer - [52/257] Loss: 0.0006
2026/08/31 18:32:09 - __main__ - INFO - 162 - trainer - [104/257] Loss: 0.0002
2026/08/31 18:32:17 - __main__ - INFO - 162 - trainer - [156/257] Loss: 0.0002
2026/08/31 18:32:24 - __main__ - INFO - 162 - trainer - [208/257] Loss: 0.0000
2026/08/31 18:32:31 - __main__ - INFO - 167 - trainer - Average loss in epoch 151: 0.0003
2026/08/31 18:32:31 - __main__ - INFO - 117 - trainer - Epoch: 152
2026/08/31 18:32:31 - __main__ - INFO - 162 - trainer - [0/257] Loss: 0.0002
2026/08/31 18:32:38 - __main__ - INFO - 162 - trainer - [52/257] Loss: 0.0003
2026/08/31 18:32:46 - __main__ - INFO - 162 - trainer - [104/257] Loss: 0.0004
2026/08/31 18:32:53 - __main__ - INFO - 162 - trainer - [156/257] Loss: 0.0002
2026/08/31 18:33:01 - __main__ - INFO - 162 - trainer - [208/257] Loss: 0.0003
2026/08/31 18:33:07 - __main__ - INFO - 167 - trainer - Average loss in epoch 152: 0.0003
2026/08/31 18:33:07 - __main__ - INFO - 117 - trainer - Epoch: 153
2026/08/31 18:33:08 - __main__ - INFO - 162 - trainer - [0/257] Loss: 0.0002
2026/08/31 18:33:15 - __main__ - INFO - 162 - trainer - [52/257] Loss: 0.0003
2026/08/31 18:33:22 - __main__ - INFO - 162 - trainer - [104/257] Loss: 0.0002
2026/08/31 18:33:30 - __main__ - INFO - 162 - trainer - [156/257] Loss: 0.0002
2026/08/31 18:33:37 - __main__ - INFO - 162 - trainer - [208/257] Loss: 0.0002
2026/08/31 18:33:43 - __main__ - INFO - 167 - trainer - Average loss in epoch 153: 0.0002
2026/08/31 18:33:43 - __main__ - INFO - 117 - trainer - Epoch: 154
2026/08/31 18:33:43 - __main__ - INFO - 162 - trainer - [0/257] Loss: 0.0002
2026/08/31 18:33:51 - __main__ - INFO - 162 - trainer - [52/257] Loss: 0.0003
2026/08/31 18:33:58 - __main__ - INFO - 162 - trainer - [104/257] Loss: 0.0002
2026/08/31 18:34:05 - __main__ - INFO - 162 - trainer - [156/257] Loss: 0.0004
2026/08/31 18:34:12 - __main__ - INFO - 162 - trainer - [208/257] Loss: 0.0002
2026/08/31 18:34:19 - __main__ - INFO - 167 - trainer - Average loss in epoch 154: 0.0002
2026/08/31 18:34:19 - __main__ - INFO - 117 - trainer - Epoch: 155
2026/08/31 18:34:19 - __main__ - INFO - 162 - trainer - [0/257] Loss: 0.0002
2026/08/31 18:34:26 - __main__ - INFO - 162 - trainer - [52/257] Loss: 0.0002
2026/08/31 18:34:33 - __main__ - INFO - 162 - trainer - [104/257] Loss: 0.0004
2026/08/31 18:34:40 - __main__ - INFO - 162 - trainer - [156/257] Loss: 0.0001
2026/08/31 18:34:47 - __main__ - INFO - 162 - trainer - [208/257] Loss: 0.0002
2026/08/31 18:34:54 - __main__ - INFO - 167 - trainer - Average loss in epoch 155: 0.0002
2026/08/31 18:34:54 - __main__ - INFO - 117 - trainer - Epoch: 156
2026/08/31 18:34:54 - __main__ - INFO - 162 - trainer - [0/257] Loss: 0.0001
2026/08/31 18:35:01 - __main__ - INFO - 162 - trainer - [52/257] Loss: 0.0001
2026/08/31 18:35:08 - __main__ - INFO - 162 - trainer - [104/257] Loss: 0.0002
2026/08/31 18:35:15 - __main__ - INFO - 162 - trainer - [156/257] Loss: 0.0004
2026/08/31 18:35:22 - __main__ - INFO - 162 - trainer - [208/257] Loss: 0.0001
2026/08/31 18:35:29 - __main__ - INFO - 167 - trainer - Average loss in epoch 156: 0.0002
2026/08/31 18:35:29 - __main__ - INFO - 117 - trainer - Epoch: 157
2026/08/31 18:35:29 - __main__ - INFO - 162 - trainer - [0/257] Loss: 0.0002
2026/08/31 18:35:36 - __main__ - INFO - 162 - trainer - [52/257] Loss: 0.0002
2026/08/31 18:35:44 - __main__ - INFO - 162 - trainer - [104/257] Loss: 0.0002
2026/08/31 18:35:51 - __main__ - INFO - 162 - trainer - [156/257] Loss: 0.0002
2026/08/31 18:35:58 - __main__ - INFO - 162 - trainer - [208/257] Loss: 0.0001
2026/08/31 18:36:05 - __main__ - INFO - 167 - trainer - Average loss in epoch 157: 0.0002
2026/08/31 18:36:05 - __main__ - INFO - 117 - trainer - Epoch: 158
2026/08/31 18:36:05 - __main__ - INFO - 162 - trainer - [0/257] Loss: 0.0002
2026/08/31 18:36:13 - __main__ - INFO - 162 - trainer - [52/257] Loss: 0.0003
2026/08/31 18:36:20 - __main__ - INFO - 162 - trainer - [104/257] Loss: 0.0002
2026/08/31 18:36:27 - __main__ - INFO - 162 - trainer - [156/257] Loss: 0.0001
2026/08/31 18:36:35 - __main__ - INFO - 162 - trainer - [208/257] Loss: 0.0002
2026/08/31 18:36:41 - __main__ - INFO - 167 - trainer - Average loss in epoch 158: 0.0002
2026/08/31 18:36:41 - __main__ - INFO - 117 - trainer - Epoch: 159
2026/08/31 18:36:42 - __main__ - INFO - 162 - trainer - [0/257] Loss: 0.0003
2026/08/31 18:36:49 - __main__ - INFO - 162 - trainer - [52/257] Loss: 0.0001
2026/08/31 18:36:56 - __main__ - INFO - 162 - trainer - [104/257] Loss: 0.0003
2026/08/31 18:37:03 - __main__ - INFO - 162 - trainer - [156/257] Loss: 0.0004
2026/08/31 18:37:10 - __main__ - INFO - 162 - trainer - [208/257] Loss: 0.0001
2026/08/31 18:37:17 - __main__ - INFO - 167 - trainer - Average loss in epoch 159: 0.0002
2026/08/31 18:37:17 - __main__ - INFO - 117 - trainer - Epoch: 160
2026/08/31 18:37:17 - __main__ - INFO - 162 - trainer - [0/257] Loss: 0.0002
2026/08/31 18:37:24 - __main__ - INFO - 162 - trainer - [52/257] Loss: 0.0004
2026/08/31 18:37:31 - __main__ - INFO - 162 - trainer - [104/257] Loss: 0.0003
2026/08/31 18:37:39 - __main__ - INFO - 162 - trainer - [156/257] Loss: 0.0002
2026/08/31 18:37:46 - __main__ - INFO - 162 - trainer - [208/257] Loss: 0.0004
2026/08/31 18:37:52 - __main__ - INFO - 167 - trainer - Average loss in epoch 160: 0.0002
2026/08/31 18:37:52 - __main__ - INFO - 173 - trainer - start predicting: 2026-08-31 18:37:52.861273
2026/08/31 18:38:56 - __main__ - INFO - 117 - trainer - Epoch: 161
2026/08/31 18:38:56 - __main__ - INFO - 162 - trainer - [0/257] Loss: 0.0001
2026/08/31 18:39:03 - __main__ - INFO - 162 - trainer - [52/257] Loss: 0.0003
2026/08/31 18:39:11 - __main__ - INFO - 162 - trainer - [104/257] Loss: 0.0003
2026/08/31 18:39:18 - __main__ - INFO - 162 - trainer - [156/257] Loss: 0.0004
2026/08/31 18:39:25 - __main__ - INFO - 162 - trainer - [208/257] Loss: 0.0001
2026/08/31 18:39:32 - __main__ - INFO - 167 - trainer - Average loss in epoch 161: 0.0002
2026/08/31 18:39:32 - __main__ - INFO - 117 - trainer - Epoch: 162
2026/08/31 18:39:32 - __main__ - INFO - 162 - trainer - [0/257] Loss: 0.0001
2026/08/31 18:39:39 - __main__ - INFO - 162 - trainer - [52/257] Loss: 0.0001
2026/08/31 18:39:46 - __main__ - INFO - 162 - trainer - [104/257] Loss: 0.0002
2026/08/31 18:39:54 - __main__ - INFO - 162 - trainer - [156/257] Loss: 0.0005
2026/08/31 18:40:01 - __main__ - INFO - 162 - trainer - [208/257] Loss: 0.0001
