
A module that was compiled using NumPy 1.x cannot be run in
NumPy 2.2.6 as it may crash. To support both 1.x and 2.x
versions of NumPy, modules must be compiled with NumPy 2.0.
Some module may need to rebuild instead e.g. with 'pybind11>=2.12'.

If you are a user of the module, the easiest solution will be to
downgrade to 'numpy<2' or try to upgrade the affected module.
We expect that some modules will need time to support NumPy 2.

Traceback (most recent call last):  File "/root/autodl-tmp/FMRec/src/main.py", line 5, in <module>
    import torch
  File "/root/miniconda3/envs/fmrec/lib/python3.10/site-packages/torch/__init__.py", line 1382, in <module>
    from .functional import *  # noqa: F403
  File "/root/miniconda3/envs/fmrec/lib/python3.10/site-packages/torch/functional.py", line 7, in <module>
    import torch.nn.functional as F
  File "/root/miniconda3/envs/fmrec/lib/python3.10/site-packages/torch/nn/__init__.py", line 1, in <module>
    from .modules import *  # noqa: F403
  File "/root/miniconda3/envs/fmrec/lib/python3.10/site-packages/torch/nn/modules/__init__.py", line 35, in <module>
    from .transformer import TransformerEncoder, TransformerDecoder, \
  File "/root/miniconda3/envs/fmrec/lib/python3.10/site-packages/torch/nn/modules/transformer.py", line 20, in <module>
    device: torch.device = torch.device(torch._C._get_default_device()),  # torch.device('cpu'),
/root/miniconda3/envs/fmrec/lib/python3.10/site-packages/torch/nn/modules/transformer.py:20: UserWarning: Failed to initialize NumPy: _ARRAY_API not found (Triggered internally at ../torch/csrc/utils/tensor_numpy.cpp:84.)
  device: torch.device = torch.device(torch._C._get_default_device()),  # torch.device('cpu'),
Namespace(dataset='amazon_beauty', log_file='log/', random_seed=1997, max_len=50, device='cuda', num_gpu=1, batch_size=512, hidden_size=128, dropout=0.1, emb_dropout=0.3, hidden_act='gelu', num_blocks=4, epochs=500, decay_step=100, gamma=0.1, metric_ks=[5, 10, 20], optimizer='Adam', lr=0.001, weight_decay=0, momentum=None, lambda_uncertainty=0.001, eval_interval=20, patience=5, eps=0.001, sample_N=30, lambda_t=0.001, dropout_c=0.1, eps_reverse=0.001, m_logNorm=1.0, s_logNorm=0.6, s_modsamp=1.0, last=2, mask_ratio=1.0, sampling_method='mode', Loss_Alpha=0.2, Loss_Beta=0.4)
Epoch: 0
[0/257] Loss: 12.4879
[52/257] Loss: 7.9853
[104/257] Loss: 6.8330
[156/257] Loss: 6.0365
[208/257] Loss: 5.5188
Average loss in epoch 0: 6.8017
Epoch: 1
[0/257] Loss: 4.9325
[52/257] Loss: 4.5273
[104/257] Loss: 4.1544
[156/257] Loss: 3.6376
[208/257] Loss: 3.2539
Average loss in epoch 1: 3.9271
Epoch: 2
[0/257] Loss: 3.0525
[52/257] Loss: 2.9986
[104/257] Loss: 2.9666
[156/257] Loss: 2.9239
[208/257] Loss: 2.9058
Average loss in epoch 2: 2.9430
Epoch: 3
[0/257] Loss: 2.8777
[52/257] Loss: 2.8513
[104/257] Loss: 2.8362
[156/257] Loss: 2.8394
[208/257] Loss: 2.8041
Average loss in epoch 3: 2.8265
Epoch: 4
[0/257] Loss: 2.7707
[52/257] Loss: 2.7667
[104/257] Loss: 2.7383
[156/257] Loss: 2.7214
[208/257] Loss: 2.6835
Average loss in epoch 4: 2.7307
Epoch: 5
[0/257] Loss: 2.6631
[52/257] Loss: 2.6585
[104/257] Loss: 2.6333
[156/257] Loss: 2.6189
[208/257] Loss: 2.6215
Average loss in epoch 5: 2.6405
Epoch: 6
[0/257] Loss: 2.6088
[52/257] Loss: 2.5801
[104/257] Loss: 2.5805
[156/257] Loss: 2.5386
[208/257] Loss: 2.5415
Average loss in epoch 6: 2.5645
Epoch: 7
[0/257] Loss: 2.5196
[52/257] Loss: 2.4919
[104/257] Loss: 2.5147
[156/257] Loss: 2.4772
[208/257] Loss: 2.4953
Average loss in epoch 7: 2.5004
Epoch: 8
[0/257] Loss: 2.4515
[52/257] Loss: 2.4402
[104/257] Loss: 2.4428
[156/257] Loss: 2.4788
[208/257] Loss: 2.4131
Average loss in epoch 8: 2.4429
Epoch: 9
[0/257] Loss: 2.3936
[52/257] Loss: 2.4083
[104/257] Loss: 2.3763
[156/257] Loss: 2.3980
[208/257] Loss: 2.4102
Average loss in epoch 9: 2.3884
Epoch: 10
[0/257] Loss: 2.3595
[52/257] Loss: 2.3434
[104/257] Loss: 2.3754
[156/257] Loss: 2.3538
[208/257] Loss: 2.3089
Average loss in epoch 10: 2.3353
Epoch: 11
[0/257] Loss: 2.3433
[52/257] Loss: 2.2937
[104/257] Loss: 2.2969
[156/257] Loss: 2.3232
[208/257] Loss: 2.2642
Average loss in epoch 11: 2.2840
Epoch: 12
[0/257] Loss: 2.2646
[52/257] Loss: 2.2760
[104/257] Loss: 2.2392
[156/257] Loss: 2.2141
[208/257] Loss: 2.2535
Average loss in epoch 12: 2.2360
Epoch: 13
[0/257] Loss: 2.2675
[52/257] Loss: 2.1982
[104/257] Loss: 2.1737
[156/257] Loss: 2.2001
[208/257] Loss: 2.1654
Average loss in epoch 13: 2.1899
Epoch: 14
[0/257] Loss: 2.1725
[52/257] Loss: 2.1921
[104/257] Loss: 2.1772
[156/257] Loss: 2.1884
[208/257] Loss: 2.1155
Average loss in epoch 14: 2.1475
Epoch: 15
[0/257] Loss: 2.1731
[52/257] Loss: 2.1525
[104/257] Loss: 2.1446
[156/257] Loss: 2.1150
[208/257] Loss: 2.1512
Average loss in epoch 15: 2.1084
Epoch: 16
[0/257] Loss: 2.0681
[52/257] Loss: 2.0985
[104/257] Loss: 2.0856
[156/257] Loss: 2.0908
[208/257] Loss: 2.0659
Average loss in epoch 16: 2.0707
Epoch: 17
[0/257] Loss: 2.0222
[52/257] Loss: 2.0543
[104/257] Loss: 2.0365
[156/257] Loss: 2.0244
[208/257] Loss: 1.9915
Average loss in epoch 17: 2.0364
Epoch: 18
[0/257] Loss: 1.9959
[52/257] Loss: 2.0043
[104/257] Loss: 2.0091
[156/257] Loss: 2.0578
[208/257] Loss: 2.0147
Average loss in epoch 18: 2.0041
Epoch: 19
[0/257] Loss: 1.9950
[52/257] Loss: 1.9628
[104/257] Loss: 1.9845
[156/257] Loss: 2.0095
[208/257] Loss: 1.9895
Average loss in epoch 19: 1.9731
Epoch: 20
[0/257] Loss: 1.8864
[52/257] Loss: 1.9232
[104/257] Loss: 1.9558
[156/257] Loss: 1.9825
[208/257] Loss: 1.8966
Average loss in epoch 20: 1.9447
start predicting:  2026-08-27 08:21:30.093988
{'Best_HR@5': np.float64(4.3856), 'Best_HR@10': np.float64(6.3245), 'Best_HR@20': np.float64(9.2963), 'Best_NDCG@5': np.float64(3.0874), 'Best_NDCG@10': np.float64(3.7136), 'Best_NDCG@20': np.float64(4.4608)}
{'Best_epoch_HR@5': 20, 'Best_epoch_HR@10': 20, 'Best_epoch_HR@20': 20, 'Best_epoch_NDCG@5': 20, 'Best_epoch_NDCG@10': 20, 'Best_epoch_NDCG@20': 20}
Epoch: 21
[0/257] Loss: 1.9446
[52/257] Loss: 1.9373
[104/257] Loss: 1.8888
[156/257] Loss: 1.9082
[208/257] Loss: 1.9070
Average loss in epoch 21: 1.9176
Epoch: 22
[0/257] Loss: 1.8948
[52/257] Loss: 1.8679
[104/257] Loss: 1.8701
[156/257] Loss: 1.8936
[208/257] Loss: 1.8979
Average loss in epoch 22: 1.8916
Epoch: 23
[0/257] Loss: 1.8198
[52/257] Loss: 1.8747
[104/257] Loss: 1.8482
[156/257] Loss: 1.8682
[208/257] Loss: 1.8454
Average loss in epoch 23: 1.8676
Epoch: 24
[0/257] Loss: 1.8367
[52/257] Loss: 1.8461
[104/257] Loss: 1.8470
[156/257] Loss: 1.8012
[208/257] Loss: 1.8539
Average loss in epoch 24: 1.8450
Epoch: 25
[0/257] Loss: 1.7905
[52/257] Loss: 1.8488
[104/257] Loss: 1.8453
[156/257] Loss: 1.7750
[208/257] Loss: 1.8032
Average loss in epoch 25: 1.8246
Epoch: 26
[0/257] Loss: 1.8075
[52/257] Loss: 1.8279
[104/257] Loss: 1.7732
[156/257] Loss: 1.7611
[208/257] Loss: 1.7993
Average loss in epoch 26: 1.8041
Epoch: 27
[0/257] Loss: 1.7904
[52/257] Loss: 1.7950
[104/257] Loss: 1.7801
[156/257] Loss: 1.7524
[208/257] Loss: 1.7897
Average loss in epoch 27: 1.7852
Epoch: 28
[0/257] Loss: 1.7549
[52/257] Loss: 1.7791
[104/257] Loss: 1.7948
[156/257] Loss: 1.7667
[208/257] Loss: 1.7597
Average loss in epoch 28: 1.7675
Epoch: 29
[0/257] Loss: 1.8101
[52/257] Loss: 1.7417
[104/257] Loss: 1.7849
[156/257] Loss: 1.7362
[208/257] Loss: 1.7440
Average loss in epoch 29: 1.7515
Epoch: 30
[0/257] Loss: 1.7435
[52/257] Loss: 1.7370
[104/257] Loss: 1.7256
[156/257] Loss: 1.7251
[208/257] Loss: 1.7534
Average loss in epoch 30: 1.7351
Epoch: 31
[0/257] Loss: 1.7303
[52/257] Loss: 1.6894
[104/257] Loss: 1.7525
[156/257] Loss: 1.7384
[208/257] Loss: 1.7414
Average loss in epoch 31: 1.7194
Epoch: 32
[0/257] Loss: 1.6896
[52/257] Loss: 1.6931
[104/257] Loss: 1.6755
[156/257] Loss: 1.6933
[208/257] Loss: 1.7231
Average loss in epoch 32: 1.7049
Epoch: 33
[0/257] Loss: 1.6694
[52/257] Loss: 1.6774
[104/257] Loss: 1.6963
[156/257] Loss: 1.6628
[208/257] Loss: 1.6939
Average loss in epoch 33: 1.6918
Epoch: 34
[0/257] Loss: 1.6855
[52/257] Loss: 1.6872
[104/257] Loss: 1.6938
[156/257] Loss: 1.6733
[208/257] Loss: 1.7128
Average loss in epoch 34: 1.6770
Epoch: 35
[0/257] Loss: 1.6706
[52/257] Loss: 1.6078
[104/257] Loss: 1.6317
[156/257] Loss: 1.6967
[208/257] Loss: 1.6821
Average loss in epoch 35: 1.6651
Epoch: 36
[0/257] Loss: 1.6424
[52/257] Loss: 1.6190
[104/257] Loss: 1.6165
[156/257] Loss: 1.6617
[208/257] Loss: 1.6193
Average loss in epoch 36: 1.6521
Epoch: 37
[0/257] Loss: 1.6291
[52/257] Loss: 1.6615
[104/257] Loss: 1.6447
[156/257] Loss: 1.6543
[208/257] Loss: 1.6612
Average loss in epoch 37: 1.6413
Epoch: 38
[0/257] Loss: 1.6156
[52/257] Loss: 1.6455
[104/257] Loss: 1.6106
[156/257] Loss: 1.6330
[208/257] Loss: 1.6504
Average loss in epoch 38: 1.6298
Epoch: 39
[0/257] Loss: 1.5915
[52/257] Loss: 1.6172
[104/257] Loss: 1.6285
[156/257] Loss: 1.6353
[208/257] Loss: 1.6571
Average loss in epoch 39: 1.6179
Epoch: 40
[0/257] Loss: 1.6198
[52/257] Loss: 1.6287
[104/257] Loss: 1.6280
[156/257] Loss: 1.6264
[208/257] Loss: 1.6011
Average loss in epoch 40: 1.6080
start predicting:  2026-08-27 08:34:55.924663
{'Best_HR@5': np.float64(6.3593), 'Best_HR@10': np.float64(9.1642), 'Best_HR@20': np.float64(12.8348), 'Best_NDCG@5': np.float64(4.4405), 'Best_NDCG@10': np.float64(5.3416), 'Best_NDCG@20': np.float64(6.2676)}
{'Best_epoch_HR@5': 40, 'Best_epoch_HR@10': 40, 'Best_epoch_HR@20': 40, 'Best_epoch_NDCG@5': 40, 'Best_epoch_NDCG@10': 40, 'Best_epoch_NDCG@20': 40}
Epoch: 41
[0/257] Loss: 1.6029
[52/257] Loss: 1.6000
[104/257] Loss: 1.6225
[156/257] Loss: 1.6311
[208/257] Loss: 1.5994
Average loss in epoch 41: 1.5974
Epoch: 42
[0/257] Loss: 1.5795
[52/257] Loss: 1.6242
[104/257] Loss: 1.6044
[156/257] Loss: 1.5422
[208/257] Loss: 1.6401
Average loss in epoch 42: 1.5878
Epoch: 43
[0/257] Loss: 1.5544
[52/257] Loss: 1.5926
[104/257] Loss: 1.5575
[156/257] Loss: 1.5497
[208/257] Loss: 1.5862
Average loss in epoch 43: 1.5775
Epoch: 44
[0/257] Loss: 1.5269
[52/257] Loss: 1.5771
[104/257] Loss: 1.6073
[156/257] Loss: 1.5511
[208/257] Loss: 1.5319
Average loss in epoch 44: 1.5682
Epoch: 45
[0/257] Loss: 1.5410
[52/257] Loss: 1.5260
[104/257] Loss: 1.5791
[156/257] Loss: 1.5942
[208/257] Loss: 1.5564
Average loss in epoch 45: 1.5596
Epoch: 46
[0/257] Loss: 1.5224
[52/257] Loss: 1.5283
[104/257] Loss: 1.5835
[156/257] Loss: 1.5767
[208/257] Loss: 1.5953
Average loss in epoch 46: 1.5500
Epoch: 47
[0/257] Loss: 1.4872
[52/257] Loss: 1.5676
[104/257] Loss: 1.5807
[156/257] Loss: 1.5179
[208/257] Loss: 1.5568
Average loss in epoch 47: 1.5421
Epoch: 48
[0/257] Loss: 1.5290
[52/257] Loss: 1.5412
[104/257] Loss: 1.5157
[156/257] Loss: 1.5686
[208/257] Loss: 1.5691
Average loss in epoch 48: 1.5323
Epoch: 49
[0/257] Loss: 1.4919
[52/257] Loss: 1.5039
[104/257] Loss: 1.5103
[156/257] Loss: 1.5033
[208/257] Loss: 1.5439
Average loss in epoch 49: 1.5254
Epoch: 50
[0/257] Loss: 1.5243
[52/257] Loss: 1.4703
[104/257] Loss: 1.5289
[156/257] Loss: 1.4566
[208/257] Loss: 1.5320
Average loss in epoch 50: 1.5160
Epoch: 51
[0/257] Loss: 1.4854
[52/257] Loss: 1.5187
[104/257] Loss: 1.5191
[156/257] Loss: 1.5303
[208/257] Loss: 1.4871
Average loss in epoch 51: 1.5090
Epoch: 52
[0/257] Loss: 1.5337
[52/257] Loss: 1.5054
[104/257] Loss: 1.4814
[156/257] Loss: 1.4764
[208/257] Loss: 1.4925
Average loss in epoch 52: 1.5007
Epoch: 53
[0/257] Loss: 1.4668
[52/257] Loss: 1.4952
[104/257] Loss: 1.4989
[156/257] Loss: 1.4810
[208/257] Loss: 1.5011
Average loss in epoch 53: 1.4937
Epoch: 54
[0/257] Loss: 1.4633
[52/257] Loss: 1.4611
[104/257] Loss: 1.4765
[156/257] Loss: 1.5080
[208/257] Loss: 1.5089
Average loss in epoch 54: 1.4860
Epoch: 55
[0/257] Loss: 1.4700
[52/257] Loss: 1.4355
[104/257] Loss: 1.4780
[156/257] Loss: 1.5031
[208/257] Loss: 1.5127
Average loss in epoch 55: 1.4797
Epoch: 56
[0/257] Loss: 1.4622
[52/257] Loss: 1.5187
[104/257] Loss: 1.4516
[156/257] Loss: 1.4901
[208/257] Loss: 1.5048
Average loss in epoch 56: 1.4722
Epoch: 57
[0/257] Loss: 1.4455
[52/257] Loss: 1.4681
[104/257] Loss: 1.4437
[156/257] Loss: 1.4782
[208/257] Loss: 1.5026
Average loss in epoch 57: 1.4644
Epoch: 58
[0/257] Loss: 1.4609
[52/257] Loss: 1.4318
[104/257] Loss: 1.4624
[156/257] Loss: 1.4592
[208/257] Loss: 1.5019
Average loss in epoch 58: 1.4591
Epoch: 59
[0/257] Loss: 1.4551
[52/257] Loss: 1.4428
[104/257] Loss: 1.4404
[156/257] Loss: 1.4395
[208/257] Loss: 1.4629
Average loss in epoch 59: 1.4521
Epoch: 60
[0/257] Loss: 1.4219
[52/257] Loss: 1.4523
[104/257] Loss: 1.4679
[156/257] Loss: 1.4413
[208/257] Loss: 1.4642
Average loss in epoch 60: 1.4451
start predicting:  2026-08-27 08:47:34.042925
{'Best_HR@5': np.float64(7.2126), 'Best_HR@10': np.float64(10.354), 'Best_HR@20': np.float64(14.3013), 'Best_NDCG@5': np.float64(5.0293), 'Best_NDCG@10': np.float64(6.0367), 'Best_NDCG@20': np.float64(7.0325)}
{'Best_epoch_HR@5': 60, 'Best_epoch_HR@10': 60, 'Best_epoch_HR@20': 60, 'Best_epoch_NDCG@5': 60, 'Best_epoch_NDCG@10': 60, 'Best_epoch_NDCG@20': 60}
Epoch: 61
[0/257] Loss: 1.4196
[52/257] Loss: 1.4411
[104/257] Loss: 1.4645
[156/257] Loss: 1.4474
[208/257] Loss: 1.4568
Average loss in epoch 61: 1.4389
Epoch: 62
[0/257] Loss: 1.4192
[52/257] Loss: 1.4615
[104/257] Loss: 1.4144
[156/257] Loss: 1.4093
[208/257] Loss: 1.4246
Average loss in epoch 62: 1.4321
Epoch: 63
[0/257] Loss: 1.3995
[52/257] Loss: 1.4316
[104/257] Loss: 1.4223
[156/257] Loss: 1.4560
[208/257] Loss: 1.4511
Average loss in epoch 63: 1.4260
Epoch: 64
[0/257] Loss: 1.4071
[52/257] Loss: 1.4576
[104/257] Loss: 1.4028
[156/257] Loss: 1.3898
[208/257] Loss: 1.4148
Average loss in epoch 64: 1.4205
Epoch: 65
[0/257] Loss: 1.3923
[52/257] Loss: 1.3970
[104/257] Loss: 1.4314
[156/257] Loss: 1.3886
[208/257] Loss: 1.3815
Average loss in epoch 65: 1.4148
Epoch: 66
[0/257] Loss: 1.4147
[52/257] Loss: 1.3558
[104/257] Loss: 1.3830
[156/257] Loss: 1.4170
[208/257] Loss: 1.4195
Average loss in epoch 66: 1.4102
Epoch: 67
[0/257] Loss: 1.3726
[52/257] Loss: 1.3728
[104/257] Loss: 1.4060
[156/257] Loss: 1.3913
[208/257] Loss: 1.4226
Average loss in epoch 67: 1.4034
Epoch: 68
[0/257] Loss: 1.4001
[52/257] Loss: 1.3823
[104/257] Loss: 1.4432
[156/257] Loss: 1.4069
[208/257] Loss: 1.4241
Average loss in epoch 68: 1.3984
Epoch: 69
[0/257] Loss: 1.3785
[52/257] Loss: 1.3997
[104/257] Loss: 1.4373
[156/257] Loss: 1.3852
[208/257] Loss: 1.4315
Average loss in epoch 69: 1.3939
Epoch: 70
[0/257] Loss: 1.3307
[52/257] Loss: 1.3982
[104/257] Loss: 1.3771
[156/257] Loss: 1.3826
[208/257] Loss: 1.3726
Average loss in epoch 70: 1.3878
Epoch: 71
[0/257] Loss: 1.4146
[52/257] Loss: 1.4109
[104/257] Loss: 1.3835
[156/257] Loss: 1.4198
[208/257] Loss: 1.4043
Average loss in epoch 71: 1.3828
Epoch: 72
[0/257] Loss: 1.3428
[52/257] Loss: 1.4184
[104/257] Loss: 1.3396
[156/257] Loss: 1.3910
[208/257] Loss: 1.3566
Average loss in epoch 72: 1.3780
Epoch: 73
[0/257] Loss: 1.3501
[52/257] Loss: 1.3814
[104/257] Loss: 1.3948
[156/257] Loss: 1.3909
[208/257] Loss: 1.3723
Average loss in epoch 73: 1.3714
Epoch: 74
[0/257] Loss: 1.3630
[52/257] Loss: 1.4054
[104/257] Loss: 1.3663
[156/257] Loss: 1.3945
[208/257] Loss: 1.3795
Average loss in epoch 74: 1.3689
Epoch: 75
[0/257] Loss: 1.3535
[52/257] Loss: 1.3375
[104/257] Loss: 1.3631
[156/257] Loss: 1.3424
[208/257] Loss: 1.3872
Average loss in epoch 75: 1.3626
Epoch: 76
[0/257] Loss: 1.4029
[52/257] Loss: 1.3416
[104/257] Loss: 1.3495
[156/257] Loss: 1.3621
[208/257] Loss: 1.3814
Average loss in epoch 76: 1.3582
Epoch: 77
[0/257] Loss: 1.3291
[52/257] Loss: 1.3093
[104/257] Loss: 1.4059
[156/257] Loss: 1.3700
[208/257] Loss: 1.3515
Average loss in epoch 77: 1.3545
Epoch: 78
[0/257] Loss: 1.3558
[52/257] Loss: 1.3541
[104/257] Loss: 1.3542
[156/257] Loss: 1.3718
[208/257] Loss: 1.3896
Average loss in epoch 78: 1.3498
Epoch: 79
[0/257] Loss: 1.3624
[52/257] Loss: 1.3175
[104/257] Loss: 1.3408
[156/257] Loss: 1.3874
[208/257] Loss: 1.3301
Average loss in epoch 79: 1.3458
Epoch: 80
[0/257] Loss: 1.3319
[52/257] Loss: 1.3320
[104/257] Loss: 1.3457
[156/257] Loss: 1.3252
[208/257] Loss: 1.3164
Average loss in epoch 80: 1.3401
start predicting:  2026-08-27 09:00:35.846206
{'Best_HR@5': np.float64(7.576), 'Best_HR@10': np.float64(10.7205), 'Best_HR@20': np.float64(14.6807), 'Best_NDCG@5': np.float64(5.2301), 'Best_NDCG@10': np.float64(6.2449), 'Best_NDCG@20': np.float64(7.2408)}
{'Best_epoch_HR@5': 80, 'Best_epoch_HR@10': 80, 'Best_epoch_HR@20': 80, 'Best_epoch_NDCG@5': 80, 'Best_epoch_NDCG@10': 80, 'Best_epoch_NDCG@20': 80}
Epoch: 81
[0/257] Loss: 1.2970
[52/257] Loss: 1.3490
[104/257] Loss: 1.3212
[156/257] Loss: 1.3728
[208/257] Loss: 1.3107
Average loss in epoch 81: 1.3373
Epoch: 82
[0/257] Loss: 1.3158
[52/257] Loss: 1.2982
[104/257] Loss: 1.3444
[156/257] Loss: 1.3487
[208/257] Loss: 1.3369
Average loss in epoch 82: 1.3323
Epoch: 83
[0/257] Loss: 1.3159
[52/257] Loss: 1.3129
[104/257] Loss: 1.3213
[156/257] Loss: 1.3511
[208/257] Loss: 1.3432
Average loss in epoch 83: 1.3291
Epoch: 84
[0/257] Loss: 1.3372
[52/257] Loss: 1.2909
[104/257] Loss: 1.2634
[156/257] Loss: 1.3404
[208/257] Loss: 1.3058
Average loss in epoch 84: 1.3236
Epoch: 85
[0/257] Loss: 1.2927
[52/257] Loss: 1.2978
[104/257] Loss: 1.3293
[156/257] Loss: 1.2781
[208/257] Loss: 1.3312
Average loss in epoch 85: 1.3207
Epoch: 86
[0/257] Loss: 1.2833
[52/257] Loss: 1.3189
[104/257] Loss: 1.3551
[156/257] Loss: 1.2957
[208/257] Loss: 1.2725
Average loss in epoch 86: 1.3165
Epoch: 87
[0/257] Loss: 1.2738
[52/257] Loss: 1.2790
[104/257] Loss: 1.3325
[156/257] Loss: 1.3424
[208/257] Loss: 1.3312
Average loss in epoch 87: 1.3128
Epoch: 88
[0/257] Loss: 1.3183
[52/257] Loss: 1.3352
[104/257] Loss: 1.3501
[156/257] Loss: 1.3072
[208/257] Loss: 1.3348
Average loss in epoch 88: 1.3105
Epoch: 89
[0/257] Loss: 1.2776
[52/257] Loss: 1.3188
[104/257] Loss: 1.3006
[156/257] Loss: 1.3463
[208/257] Loss: 1.3296
Average loss in epoch 89: 1.3062
Epoch: 90
[0/257] Loss: 1.2756
[52/257] Loss: 1.3401
[104/257] Loss: 1.2724
[156/257] Loss: 1.3180
[208/257] Loss: 1.2961
Average loss in epoch 90: 1.3007
Epoch: 91
[0/257] Loss: 1.2994
[52/257] Loss: 1.2896
[104/257] Loss: 1.3119
[156/257] Loss: 1.2867
[208/257] Loss: 1.3164
Average loss in epoch 91: 1.2992
Epoch: 92
[0/257] Loss: 1.2403
[52/257] Loss: 1.2968
[104/257] Loss: 1.3330
[156/257] Loss: 1.2812
[208/257] Loss: 1.2980
Average loss in epoch 92: 1.2957
Epoch: 93
[0/257] Loss: 1.2916
[52/257] Loss: 1.2738
[104/257] Loss: 1.3055
[156/257] Loss: 1.2975
[208/257] Loss: 1.2636
Average loss in epoch 93: 1.2913
Epoch: 94
[0/257] Loss: 1.2829
[52/257] Loss: 1.2725
[104/257] Loss: 1.3010
[156/257] Loss: 1.2995
[208/257] Loss: 1.2731
Average loss in epoch 94: 1.2888
Epoch: 95
[0/257] Loss: 1.3143
[52/257] Loss: 1.2655
[104/257] Loss: 1.2881
[156/257] Loss: 1.3039
[208/257] Loss: 1.3031
Average loss in epoch 95: 1.2860
Epoch: 96
[0/257] Loss: 1.2819
[52/257] Loss: 1.2675
[104/257] Loss: 1.2686
[156/257] Loss: 1.2321
[208/257] Loss: 1.2909
Average loss in epoch 96: 1.2820
Epoch: 97
[0/257] Loss: 1.2501
[52/257] Loss: 1.2787
[104/257] Loss: 1.2439
[156/257] Loss: 1.2988
[208/257] Loss: 1.2652
Average loss in epoch 97: 1.2787
Epoch: 98
[0/257] Loss: 1.2688
[52/257] Loss: 1.2494
[104/257] Loss: 1.2688
[156/257] Loss: 1.2584
[208/257] Loss: 1.2702
Average loss in epoch 98: 1.2758
Epoch: 99
[0/257] Loss: 1.2407
[52/257] Loss: 1.2698
[104/257] Loss: 1.2761
[156/257] Loss: 1.2766
[208/257] Loss: 1.2631
Average loss in epoch 99: 1.2721
Epoch: 100
[0/257] Loss: 1.2227
[52/257] Loss: 1.2206
[104/257] Loss: 1.2384
[156/257] Loss: 1.2442
[208/257] Loss: 1.2462
Average loss in epoch 100: 1.2539
start predicting:  2026-08-27 09:13:40.098956
{'Best_HR@5': np.float64(7.7054), 'Best_HR@10': np.float64(10.7843), 'Best_HR@20': np.float64(14.8606), 'Best_NDCG@5': np.float64(5.3579), 'Best_NDCG@10': np.float64(6.353), 'Best_NDCG@20': np.float64(7.3801)}
{'Best_epoch_HR@5': 100, 'Best_epoch_HR@10': 100, 'Best_epoch_HR@20': 100, 'Best_epoch_NDCG@5': 100, 'Best_epoch_NDCG@10': 100, 'Best_epoch_NDCG@20': 100}
Epoch: 101
[0/257] Loss: 1.2783
[52/257] Loss: 1.2682
[104/257] Loss: 1.2474
[156/257] Loss: 1.2245
[208/257] Loss: 1.2857
Average loss in epoch 101: 1.2512
Epoch: 102
[0/257] Loss: 1.2187
[52/257] Loss: 1.2504
[104/257] Loss: 1.2759
[156/257] Loss: 1.2843
[208/257] Loss: 1.2575
Average loss in epoch 102: 1.2494
Epoch: 103
[0/257] Loss: 1.2985
[52/257] Loss: 1.2596
[104/257] Loss: 1.2426
[156/257] Loss: 1.2304
[208/257] Loss: 1.2650
Average loss in epoch 103: 1.2480
Epoch: 104
[0/257] Loss: 1.2199
[52/257] Loss: 1.2711
[104/257] Loss: 1.2708
[156/257] Loss: 1.2705
[208/257] Loss: 1.2073
Average loss in epoch 104: 1.2461
Epoch: 105
[0/257] Loss: 1.2355
[52/257] Loss: 1.2163
[104/257] Loss: 1.2181
[156/257] Loss: 1.2294
[208/257] Loss: 1.2262
Average loss in epoch 105: 1.2463
Epoch: 106
[0/257] Loss: 1.2563
[52/257] Loss: 1.2058
[104/257] Loss: 1.2464
[156/257] Loss: 1.2456
[208/257] Loss: 1.2549
Average loss in epoch 106: 1.2446
Epoch: 107
[0/257] Loss: 1.2514
[52/257] Loss: 1.2474
[104/257] Loss: 1.2352
[156/257] Loss: 1.2261
[208/257] Loss: 1.2696
Average loss in epoch 107: 1.2449
Epoch: 108
[0/257] Loss: 1.2062
[52/257] Loss: 1.2402
[104/257] Loss: 1.2325
[156/257] Loss: 1.2356
[208/257] Loss: 1.2569
Average loss in epoch 108: 1.2437
Epoch: 109
[0/257] Loss: 1.2664
[52/257] Loss: 1.2816
[104/257] Loss: 1.2146
[156/257] Loss: 1.2653
[208/257] Loss: 1.2622
Average loss in epoch 109: 1.2425
Epoch: 110
[0/257] Loss: 1.2504
[52/257] Loss: 1.2624
[104/257] Loss: 1.2323
[156/257] Loss: 1.2335
[208/257] Loss: 1.2321
Average loss in epoch 110: 1.2423
Epoch: 111
[0/257] Loss: 1.2505
[52/257] Loss: 1.2281
[104/257] Loss: 1.2780
[156/257] Loss: 1.2253
[208/257] Loss: 1.2434
Average loss in epoch 111: 1.2415
Epoch: 112
[0/257] Loss: 1.2397
[52/257] Loss: 1.2702
[104/257] Loss: 1.1961
[156/257] Loss: 1.2409
[208/257] Loss: 1.2795
Average loss in epoch 112: 1.2413
Epoch: 113
[0/257] Loss: 1.2664
[52/257] Loss: 1.2477
[104/257] Loss: 1.2135
[156/257] Loss: 1.2757
[208/257] Loss: 1.2622
Average loss in epoch 113: 1.2403
Epoch: 114
[0/257] Loss: 1.2780
[52/257] Loss: 1.2674
[104/257] Loss: 1.2572
[156/257] Loss: 1.2448
[208/257] Loss: 1.2566
Average loss in epoch 114: 1.2400
Epoch: 115
[0/257] Loss: 1.2607
[52/257] Loss: 1.2324
[104/257] Loss: 1.2175
[156/257] Loss: 1.2627
[208/257] Loss: 1.2422
Average loss in epoch 115: 1.2395
Epoch: 116
[0/257] Loss: 1.2690
[52/257] Loss: 1.2469
[104/257] Loss: 1.2282
[156/257] Loss: 1.2874
[208/257] Loss: 1.2580
Average loss in epoch 116: 1.2389
Epoch: 117
[0/257] Loss: 1.2322
[52/257] Loss: 1.2249
[104/257] Loss: 1.2462
[156/257] Loss: 1.2598
[208/257] Loss: 1.2534
Average loss in epoch 117: 1.2380
Epoch: 118
[0/257] Loss: 1.2197
[52/257] Loss: 1.2132
[104/257] Loss: 1.2298
[156/257] Loss: 1.2497
[208/257] Loss: 1.2516
Average loss in epoch 118: 1.2382
Epoch: 119
[0/257] Loss: 1.2609
[52/257] Loss: 1.1959
[104/257] Loss: 1.2533
[156/257] Loss: 1.2572
[208/257] Loss: 1.2533
Average loss in epoch 119: 1.2380
Epoch: 120
[0/257] Loss: 1.2527
[52/257] Loss: 1.2183
[104/257] Loss: 1.2224
[156/257] Loss: 1.2084
[208/257] Loss: 1.2265
Average loss in epoch 120: 1.2364
start predicting:  2026-08-27 09:27:08.180142
{'Best_HR@5': np.float64(7.7271), 'Best_HR@10': np.float64(10.7913), 'Best_HR@20': np.float64(14.8606), 'Best_NDCG@5': np.float64(5.3678), 'Best_NDCG@10': np.float64(6.3579), 'Best_NDCG@20': np.float64(7.3801)}
{'Best_epoch_HR@5': 120, 'Best_epoch_HR@10': 120, 'Best_epoch_HR@20': 100, 'Best_epoch_NDCG@5': 120, 'Best_epoch_NDCG@10': 120, 'Best_epoch_NDCG@20': 100}
Epoch: 121
[0/257] Loss: 1.2538
[52/257] Loss: 1.2300
[104/257] Loss: 1.2191
[156/257] Loss: 1.2667
[208/257] Loss: 1.2225
Average loss in epoch 121: 1.2362
Epoch: 122
[0/257] Loss: 1.2271
[52/257] Loss: 1.2202
[104/257] Loss: 1.1934
[156/257] Loss: 1.2170
[208/257] Loss: 1.2562
Average loss in epoch 122: 1.2349
Epoch: 123
[0/257] Loss: 1.2349
[52/257] Loss: 1.2233
[104/257] Loss: 1.2143
[156/257] Loss: 1.2052
[208/257] Loss: 1.2204
Average loss in epoch 123: 1.2350
Epoch: 124
[0/257] Loss: 1.2374
[52/257] Loss: 1.2292
[104/257] Loss: 1.2091
[156/257] Loss: 1.2240
[208/257] Loss: 1.2355
Average loss in epoch 124: 1.2351
Epoch: 125
[0/257] Loss: 1.2113
[52/257] Loss: 1.2134
[104/257] Loss: 1.2378
[156/257] Loss: 1.2269
[208/257] Loss: 1.2205
Average loss in epoch 125: 1.2334
Epoch: 126
[0/257] Loss: 1.2131
[52/257] Loss: 1.2592
[104/257] Loss: 1.2400
[156/257] Loss: 1.2581
[208/257] Loss: 1.2350
Average loss in epoch 126: 1.2346
Epoch: 127
[0/257] Loss: 1.2566
[52/257] Loss: 1.2243
[104/257] Loss: 1.2523
[156/257] Loss: 1.2025
[208/257] Loss: 1.2453
Average loss in epoch 127: 1.2338
Epoch: 128
[0/257] Loss: 1.2488
[52/257] Loss: 1.2031
[104/257] Loss: 1.2457
[156/257] Loss: 1.2392
[208/257] Loss: 1.2460
Average loss in epoch 128: 1.2333
Epoch: 129
[0/257] Loss: 1.2642
[52/257] Loss: 1.2430
[104/257] Loss: 1.2711
[156/257] Loss: 1.2628
[208/257] Loss: 1.2030
Average loss in epoch 129: 1.2317
Epoch: 130
[0/257] Loss: 1.2180
[52/257] Loss: 1.2405
[104/257] Loss: 1.2315
[156/257] Loss: 1.2528
[208/257] Loss: 1.2350
Average loss in epoch 130: 1.2322
Epoch: 131
[0/257] Loss: 1.2413
[52/257] Loss: 1.2376
[104/257] Loss: 1.2300
[156/257] Loss: 1.2168
[208/257] Loss: 1.2079
Average loss in epoch 131: 1.2332
Epoch: 132
[0/257] Loss: 1.2620
[52/257] Loss: 1.2326
[104/257] Loss: 1.2283
[156/257] Loss: 1.2441
[208/257] Loss: 1.2248
Average loss in epoch 132: 1.2316
Epoch: 133
[0/257] Loss: 1.2436
[52/257] Loss: 1.2044
[104/257] Loss: 1.2121
[156/257] Loss: 1.2344
[208/257] Loss: 1.2002
Average loss in epoch 133: 1.2312
Epoch: 134
[0/257] Loss: 1.2195
[52/257] Loss: 1.2644
[104/257] Loss: 1.2492
[156/257] Loss: 1.2200
[208/257] Loss: 1.2105
Average loss in epoch 134: 1.2309
Epoch: 135
[0/257] Loss: 1.2498
[52/257] Loss: 1.1911
[104/257] Loss: 1.1840
[156/257] Loss: 1.2166
[208/257] Loss: 1.2102
Average loss in epoch 135: 1.2298
Epoch: 136
[0/257] Loss: 1.2564
[52/257] Loss: 1.1961
[104/257] Loss: 1.2158
[156/257] Loss: 1.2041
[208/257] Loss: 1.2153
Average loss in epoch 136: 1.2292
Epoch: 137
[0/257] Loss: 1.2524
[52/257] Loss: 1.1993
[104/257] Loss: 1.2225
[156/257] Loss: 1.2364
[208/257] Loss: 1.2421
Average loss in epoch 137: 1.2288
Epoch: 138
[0/257] Loss: 1.2166
[52/257] Loss: 1.2352
[104/257] Loss: 1.2024
[156/257] Loss: 1.1919
[208/257] Loss: 1.2008
Average loss in epoch 138: 1.2285
Epoch: 139
[0/257] Loss: 1.2431
[52/257] Loss: 1.2566
[104/257] Loss: 1.2428
[156/257] Loss: 1.2156
[208/257] Loss: 1.2308
Average loss in epoch 139: 1.2293
Epoch: 140
[0/257] Loss: 1.2283
[52/257] Loss: 1.2538
[104/257] Loss: 1.1908
[156/257] Loss: 1.2435
[208/257] Loss: 1.2279
Average loss in epoch 140: 1.2287
start predicting:  2026-08-27 09:39:56.547396
{'Best_HR@5': np.float64(7.7426), 'Best_HR@10': np.float64(10.8509), 'Best_HR@20': np.float64(14.8606), 'Best_NDCG@5': np.float64(5.3762), 'Best_NDCG@10': np.float64(6.3739), 'Best_NDCG@20': np.float64(7.3801)}
{'Best_epoch_HR@5': 140, 'Best_epoch_HR@10': 140, 'Best_epoch_HR@20': 100, 'Best_epoch_NDCG@5': 140, 'Best_epoch_NDCG@10': 140, 'Best_epoch_NDCG@20': 100}
Epoch: 141
[0/257] Loss: 1.2357
[52/257] Loss: 1.2476
[104/257] Loss: 1.2363
[156/257] Loss: 1.1980
[208/257] Loss: 1.2035
Average loss in epoch 141: 1.2274
Epoch: 142
[0/257] Loss: 1.1991
[52/257] Loss: 1.2321
[104/257] Loss: 1.2428
[156/257] Loss: 1.2062
[208/257] Loss: 1.2652
Average loss in epoch 142: 1.2266
Epoch: 143
[0/257] Loss: 1.2190
[52/257] Loss: 1.2699
[104/257] Loss: 1.1816
[156/257] Loss: 1.2510
[208/257] Loss: 1.2199
Average loss in epoch 143: 1.2261
Epoch: 144
[0/257] Loss: 1.2166
[52/257] Loss: 1.2068
[104/257] Loss: 1.2423
[156/257] Loss: 1.2321
[208/257] Loss: 1.2531
Average loss in epoch 144: 1.2259
Epoch: 145
[0/257] Loss: 1.2051
[52/257] Loss: 1.2121
[104/257] Loss: 1.2382
[156/257] Loss: 1.2045
[208/257] Loss: 1.2356
Average loss in epoch 145: 1.2256
Epoch: 146
[0/257] Loss: 1.1790
[52/257] Loss: 1.2490
[104/257] Loss: 1.2246
[156/257] Loss: 1.2081
[208/257] Loss: 1.2476
Average loss in epoch 146: 1.2258
Epoch: 147
[0/257] Loss: 1.2267
[52/257] Loss: 1.2261
[104/257] Loss: 1.2428
[156/257] Loss: 1.2168
[208/257] Loss: 1.2579
Average loss in epoch 147: 1.2266
Epoch: 148
[0/257] Loss: 1.1953
[52/257] Loss: 1.2332
[104/257] Loss: 1.1970
[156/257] Loss: 1.2269
[208/257] Loss: 1.2414
Average loss in epoch 148: 1.2248
Epoch: 149
[0/257] Loss: 1.2201
[52/257] Loss: 1.2424
[104/257] Loss: 1.1980
[156/257] Loss: 1.2528
[208/257] Loss: 1.2117
Average loss in epoch 149: 1.2241
Epoch: 150
[0/257] Loss: 1.2510
[52/257] Loss: 1.2527
[104/257] Loss: 1.1973
[156/257] Loss: 1.2468
[208/257] Loss: 1.2348
Average loss in epoch 150: 1.2232
Epoch: 151
[0/257] Loss: 1.1871
[52/257] Loss: 1.2344
[104/257] Loss: 1.2244
[156/257] Loss: 1.2587
[208/257] Loss: 1.2494
Average loss in epoch 151: 1.2238
Epoch: 152
[0/257] Loss: 1.2448
[52/257] Loss: 1.2312
[104/257] Loss: 1.2566
[156/257] Loss: 1.2461
[208/257] Loss: 1.2250
Average loss in epoch 152: 1.2226
Epoch: 153
[0/257] Loss: 1.1998
[52/257] Loss: 1.2232
[104/257] Loss: 1.2279
[156/257] Loss: 1.2596
[208/257] Loss: 1.2354
Average loss in epoch 153: 1.2228
Epoch: 154
[0/257] Loss: 1.2041
[52/257] Loss: 1.2150
[104/257] Loss: 1.2249
[156/257] Loss: 1.2138
[208/257] Loss: 1.2253
Average loss in epoch 154: 1.2228
Epoch: 155
[0/257] Loss: 1.2000
[52/257] Loss: 1.2190
[104/257] Loss: 1.1937
[156/257] Loss: 1.2272
[208/257] Loss: 1.2305
Average loss in epoch 155: 1.2214
Epoch: 156
[0/257] Loss: 1.2261
[52/257] Loss: 1.2252
[104/257] Loss: 1.2439
[156/257] Loss: 1.2243
[208/257] Loss: 1.2437
Average loss in epoch 156: 1.2212
Epoch: 157
[0/257] Loss: 1.2087
[52/257] Loss: 1.2198
[104/257] Loss: 1.2055
[156/257] Loss: 1.2169
[208/257] Loss: 1.2158
Average loss in epoch 157: 1.2219
Epoch: 158
[0/257] Loss: 1.1807
[52/257] Loss: 1.1986
[104/257] Loss: 1.2122
[156/257] Loss: 1.2107
[208/257] Loss: 1.1949
Average loss in epoch 158: 1.2217
Epoch: 159
[0/257] Loss: 1.2276
[52/257] Loss: 1.2289
[104/257] Loss: 1.2307
[156/257] Loss: 1.2318
[208/257] Loss: 1.2446
Average loss in epoch 159: 1.2212
Epoch: 160
[0/257] Loss: 1.2103
[52/257] Loss: 1.2221
[104/257] Loss: 1.1932
[156/257] Loss: 1.2128
[208/257] Loss: 1.2200
Average loss in epoch 160: 1.2208
start predicting:  2026-08-27 09:53:05.098235
Epoch: 161
[0/257] Loss: 1.1726
[52/257] Loss: 1.2636
[104/257] Loss: 1.2145
[156/257] Loss: 1.2386
[208/257] Loss: 1.2202
Average loss in epoch 161: 1.2194
Epoch: 162
[0/257] Loss: 1.2397
[52/257] Loss: 1.1960
[104/257] Loss: 1.1992
[156/257] Loss: 1.2090
[208/257] Loss: 1.2649
Average loss in epoch 162: 1.2195
Epoch: 163
[0/257] Loss: 1.2323
[52/257] Loss: 1.2349
[104/257] Loss: 1.1912
[156/257] Loss: 1.2100
[208/257] Loss: 1.2314
Average loss in epoch 163: 1.2187
Epoch: 164
[0/257] Loss: 1.2325
[52/257] Loss: 1.2453
[104/257] Loss: 1.2330
[156/257] Loss: 1.1893
[208/257] Loss: 1.2240
Average loss in epoch 164: 1.2190
Epoch: 165
[0/257] Loss: 1.2303
[52/257] Loss: 1.2074
[104/257] Loss: 1.2017
[156/257] Loss: 1.2010
[208/257] Loss: 1.2047
Average loss in epoch 165: 1.2191
Epoch: 166
[0/257] Loss: 1.2047
[52/257] Loss: 1.2245
[104/257] Loss: 1.2386
[156/257] Loss: 1.2085
[208/257] Loss: 1.2505
Average loss in epoch 166: 1.2175
Epoch: 167
[0/257] Loss: 1.1865
[52/257] Loss: 1.2632
[104/257] Loss: 1.2182
[156/257] Loss: 1.1908
[208/257] Loss: 1.2373
Average loss in epoch 167: 1.2181
Epoch: 168
[0/257] Loss: 1.2236
[52/257] Loss: 1.2137
[104/257] Loss: 1.2205
[156/257] Loss: 1.2094
[208/257] Loss: 1.2471
Average loss in epoch 168: 1.2180
Epoch: 169
[0/257] Loss: 1.2147
[52/257] Loss: 1.2246
[104/257] Loss: 1.2256
[156/257] Loss: 1.2229
[208/257] Loss: 1.2197
Average loss in epoch 169: 1.2180
Epoch: 170
[0/257] Loss: 1.2394
[52/257] Loss: 1.1862
[104/257] Loss: 1.1844
[156/257] Loss: 1.2705
[208/257] Loss: 1.2400
Average loss in epoch 170: 1.2161
Epoch: 171
[0/257] Loss: 1.1854
[52/257] Loss: 1.1873
[104/257] Loss: 1.1843
[156/257] Loss: 1.2115
[208/257] Loss: 1.2034
Average loss in epoch 171: 1.2175
Epoch: 172
[0/257] Loss: 1.2172
[52/257] Loss: 1.2355
[104/257] Loss: 1.1877
[156/257] Loss: 1.2503
[208/257] Loss: 1.2172
Average loss in epoch 172: 1.2166
Epoch: 173
[0/257] Loss: 1.2281
[52/257] Loss: 1.2040
[104/257] Loss: 1.2112
[156/257] Loss: 1.2564
[208/257] Loss: 1.2082
Average loss in epoch 173: 1.2156
Epoch: 174
[0/257] Loss: 1.1749
[52/257] Loss: 1.2117
[104/257] Loss: 1.2418
[156/257] Loss: 1.2310
[208/257] Loss: 1.2376
Average loss in epoch 174: 1.2151
Epoch: 175
[0/257] Loss: 1.2218
[52/257] Loss: 1.2103
[104/257] Loss: 1.1981
[156/257] Loss: 1.2230
[208/257] Loss: 1.2052
Average loss in epoch 175: 1.2158
Epoch: 176
[0/257] Loss: 1.2068
[52/257] Loss: 1.2404
[104/257] Loss: 1.2127
[156/257] Loss: 1.2201
[208/257] Loss: 1.2117
Average loss in epoch 176: 1.2140
Epoch: 177
[0/257] Loss: 1.1742
[52/257] Loss: 1.1849
[104/257] Loss: 1.2281
[156/257] Loss: 1.2246
[208/257] Loss: 1.2375
Average loss in epoch 177: 1.2152
Epoch: 178
[0/257] Loss: 1.2731
[52/257] Loss: 1.2230
[104/257] Loss: 1.1662
[156/257] Loss: 1.1792
[208/257] Loss: 1.2360
Average loss in epoch 178: 1.2146
Epoch: 179
[0/257] Loss: 1.2298
[52/257] Loss: 1.2036
[104/257] Loss: 1.1982
[156/257] Loss: 1.2280
[208/257] Loss: 1.2465
Average loss in epoch 179: 1.2142
Epoch: 180
[0/257] Loss: 1.2206
[52/257] Loss: 1.2440
[104/257] Loss: 1.1670
[156/257] Loss: 1.2073
[208/257] Loss: 1.2306
Average loss in epoch 180: 1.2140
start predicting:  2026-08-27 10:06:18.084933
Epoch: 181
[0/257] Loss: 1.2229
[52/257] Loss: 1.2155
[104/257] Loss: 1.2458
[156/257] Loss: 1.2252
[208/257] Loss: 1.2429
Average loss in epoch 181: 1.2138
Epoch: 182
[0/257] Loss: 1.2009
[52/257] Loss: 1.2080
[104/257] Loss: 1.2030
[156/257] Loss: 1.2220
[208/257] Loss: 1.2099
Average loss in epoch 182: 1.2139
Epoch: 183
[0/257] Loss: 1.2129
[52/257] Loss: 1.2374
[104/257] Loss: 1.2800
[156/257] Loss: 1.2268
[208/257] Loss: 1.2302
Average loss in epoch 183: 1.2139
Epoch: 184
[0/257] Loss: 1.2241
[52/257] Loss: 1.2087
[104/257] Loss: 1.1855
[156/257] Loss: 1.2175
[208/257] Loss: 1.2206
Average loss in epoch 184: 1.2122
Epoch: 185
[0/257] Loss: 1.2454
[52/257] Loss: 1.2035
[104/257] Loss: 1.1975
[156/257] Loss: 1.1953
[208/257] Loss: 1.1913
Average loss in epoch 185: 1.2122
Epoch: 186
[0/257] Loss: 1.1943
[52/257] Loss: 1.2487
[104/257] Loss: 1.2252
[156/257] Loss: 1.2145
[208/257] Loss: 1.1797
Average loss in epoch 186: 1.2115
Epoch: 187
[0/257] Loss: 1.1971
[52/257] Loss: 1.1950
[104/257] Loss: 1.2391
[156/257] Loss: 1.2289
[208/257] Loss: 1.2078
Average loss in epoch 187: 1.2113
Epoch: 188
[0/257] Loss: 1.2218
[52/257] Loss: 1.1739
[104/257] Loss: 1.2175
[156/257] Loss: 1.1875
[208/257] Loss: 1.1905
Average loss in epoch 188: 1.2104
Epoch: 189
[0/257] Loss: 1.1730
[52/257] Loss: 1.2412
[104/257] Loss: 1.2015
[156/257] Loss: 1.2004
[208/257] Loss: 1.1882
Average loss in epoch 189: 1.2092
Epoch: 190
[0/257] Loss: 1.2035
[52/257] Loss: 1.2080
[104/257] Loss: 1.2018
[156/257] Loss: 1.1847
[208/257] Loss: 1.2234
Average loss in epoch 190: 1.2109
Epoch: 191
[0/257] Loss: 1.2031
[52/257] Loss: 1.1916
[104/257] Loss: 1.1959
[156/257] Loss: 1.2371
[208/257] Loss: 1.2255
Average loss in epoch 191: 1.2085
Epoch: 192
[0/257] Loss: 1.1995
[52/257] Loss: 1.1829
[104/257] Loss: 1.2112
[156/257] Loss: 1.1869
[208/257] Loss: 1.2185
Average loss in epoch 192: 1.2092
Epoch: 193
[0/257] Loss: 1.2072
[52/257] Loss: 1.2362
[104/257] Loss: 1.1602
[156/257] Loss: 1.2626
[208/257] Loss: 1.2097
Average loss in epoch 193: 1.2090
Epoch: 194
[0/257] Loss: 1.2195
[52/257] Loss: 1.2058
[104/257] Loss: 1.2334
[156/257] Loss: 1.1937
[208/257] Loss: 1.2397
Average loss in epoch 194: 1.2087
Epoch: 195
[0/257] Loss: 1.1753
[52/257] Loss: 1.2106
[104/257] Loss: 1.2194
[156/257] Loss: 1.1831
[208/257] Loss: 1.1988
Average loss in epoch 195: 1.2081
Epoch: 196
[0/257] Loss: 1.1802
[52/257] Loss: 1.1800
[104/257] Loss: 1.1969
[156/257] Loss: 1.2052
[208/257] Loss: 1.2512
Average loss in epoch 196: 1.2092
Epoch: 197
[0/257] Loss: 1.2094
[52/257] Loss: 1.2305
[104/257] Loss: 1.2682
[156/257] Loss: 1.1819
[208/257] Loss: 1.1946
Average loss in epoch 197: 1.2084
Epoch: 198
[0/257] Loss: 1.2148
[52/257] Loss: 1.2262
[104/257] Loss: 1.2021
[156/257] Loss: 1.2076
[208/257] Loss: 1.2113
Average loss in epoch 198: 1.2079
Epoch: 199
[0/257] Loss: 1.2095
[52/257] Loss: 1.2020
[104/257] Loss: 1.2094
[156/257] Loss: 1.2091
[208/257] Loss: 1.2057
Average loss in epoch 199: 1.2070
Epoch: 200
[0/257] Loss: 1.1879
[52/257] Loss: 1.2129
[104/257] Loss: 1.1849
[156/257] Loss: 1.2055
[208/257] Loss: 1.2017
Average loss in epoch 200: 1.2049
start predicting:  2026-08-27 10:19:05.761672
{'Best_HR@5': np.float64(7.7426), 'Best_HR@10': np.float64(10.8509), 'Best_HR@20': np.float64(14.8606), 'Best_NDCG@5': np.float64(5.3781), 'Best_NDCG@10': np.float64(6.3739), 'Best_NDCG@20': np.float64(7.3801)}
{'Best_epoch_HR@5': 140, 'Best_epoch_HR@10': 140, 'Best_epoch_HR@20': 100, 'Best_epoch_NDCG@5': 200, 'Best_epoch_NDCG@10': 140, 'Best_epoch_NDCG@20': 100}
Epoch: 201
[0/257] Loss: 1.2019
[52/257] Loss: 1.2139
[104/257] Loss: 1.1930
[156/257] Loss: 1.2438
[208/257] Loss: 1.2111
Average loss in epoch 201: 1.2044
Epoch: 202
[0/257] Loss: 1.2323
[52/257] Loss: 1.2465
[104/257] Loss: 1.2000
[156/257] Loss: 1.2340
[208/257] Loss: 1.2052
Average loss in epoch 202: 1.2041
Epoch: 203
[0/257] Loss: 1.2333
[52/257] Loss: 1.1964
[104/257] Loss: 1.1898
[156/257] Loss: 1.2114
[208/257] Loss: 1.1926
Average loss in epoch 203: 1.2052
Epoch: 204
[0/257] Loss: 1.1901
[52/257] Loss: 1.2144
[104/257] Loss: 1.1713
[156/257] Loss: 1.2066
[208/257] Loss: 1.1943
Average loss in epoch 204: 1.2038
Epoch: 205
[0/257] Loss: 1.1882
[52/257] Loss: 1.1960
[104/257] Loss: 1.2118
[156/257] Loss: 1.2576
[208/257] Loss: 1.2015
Average loss in epoch 205: 1.2049
Epoch: 206
[0/257] Loss: 1.2209
[52/257] Loss: 1.2201
[104/257] Loss: 1.1900
[156/257] Loss: 1.1857
[208/257] Loss: 1.1795
Average loss in epoch 206: 1.2057
Epoch: 207
[0/257] Loss: 1.1850
[52/257] Loss: 1.1990
[104/257] Loss: 1.2307
[156/257] Loss: 1.1883
[208/257] Loss: 1.1948
Average loss in epoch 207: 1.2057
Epoch: 208
[0/257] Loss: 1.1871
[52/257] Loss: 1.2153
[104/257] Loss: 1.2022
[156/257] Loss: 1.2235
[208/257] Loss: 1.2481
Average loss in epoch 208: 1.2037
Epoch: 209
[0/257] Loss: 1.1533
[52/257] Loss: 1.2340
[104/257] Loss: 1.1996
[156/257] Loss: 1.1780
[208/257] Loss: 1.2235
Average loss in epoch 209: 1.2042
Epoch: 210
[0/257] Loss: 1.1925
[52/257] Loss: 1.1899
[104/257] Loss: 1.1925
[156/257] Loss: 1.2153
[208/257] Loss: 1.2231
Average loss in epoch 210: 1.2048
Epoch: 211
[0/257] Loss: 1.2240
[52/257] Loss: 1.2035
[104/257] Loss: 1.1929
[156/257] Loss: 1.1742
[208/257] Loss: 1.1592
Average loss in epoch 211: 1.2053
Epoch: 212
[0/257] Loss: 1.1805
[52/257] Loss: 1.2015
[104/257] Loss: 1.2007
[156/257] Loss: 1.2101
[208/257] Loss: 1.2317
Average loss in epoch 212: 1.2055
Epoch: 213
[0/257] Loss: 1.2261
[52/257] Loss: 1.2030
[104/257] Loss: 1.2021
[156/257] Loss: 1.1848
[208/257] Loss: 1.1788
Average loss in epoch 213: 1.2040
Epoch: 214
[0/257] Loss: 1.2027
[52/257] Loss: 1.2373
[104/257] Loss: 1.2218
[156/257] Loss: 1.2191
[208/257] Loss: 1.2350
Average loss in epoch 214: 1.2038
Epoch: 215
[0/257] Loss: 1.1933
[52/257] Loss: 1.1796
[104/257] Loss: 1.2007
[156/257] Loss: 1.2080
[208/257] Loss: 1.2333
Average loss in epoch 215: 1.2053
Epoch: 216
[0/257] Loss: 1.1806
[52/257] Loss: 1.2207
[104/257] Loss: 1.2090
[156/257] Loss: 1.2232
[208/257] Loss: 1.1613
Average loss in epoch 216: 1.2033
Epoch: 217
[0/257] Loss: 1.2046
[52/257] Loss: 1.2249
[104/257] Loss: 1.2053
[156/257] Loss: 1.2034
[208/257] Loss: 1.1795
Average loss in epoch 217: 1.2047
Epoch: 218
[0/257] Loss: 1.1996
[52/257] Loss: 1.2096
[104/257] Loss: 1.2205
[156/257] Loss: 1.2015
[208/257] Loss: 1.1616
Average loss in epoch 218: 1.2041
Epoch: 219
[0/257] Loss: 1.2152
[52/257] Loss: 1.2404
[104/257] Loss: 1.1579
[156/257] Loss: 1.2040
[208/257] Loss: 1.1766
Average loss in epoch 219: 1.2039
Epoch: 220
[0/257] Loss: 1.1976
[52/257] Loss: 1.2138
[104/257] Loss: 1.1738
[156/257] Loss: 1.1809
[208/257] Loss: 1.2502
Average loss in epoch 220: 1.2045
start predicting:  2026-08-27 10:32:26.633506
{'Best_HR@5': np.float64(7.7535), 'Best_HR@10': np.float64(10.8509), 'Best_HR@20': np.float64(14.8606), 'Best_NDCG@5': np.float64(5.3782), 'Best_NDCG@10': np.float64(6.3739), 'Best_NDCG@20': np.float64(7.3801)}
{'Best_epoch_HR@5': 220, 'Best_epoch_HR@10': 140, 'Best_epoch_HR@20': 100, 'Best_epoch_NDCG@5': 220, 'Best_epoch_NDCG@10': 140, 'Best_epoch_NDCG@20': 100}
Epoch: 221
[0/257] Loss: 1.2293
[52/257] Loss: 1.2149
[104/257] Loss: 1.1831
[156/257] Loss: 1.1850
[208/257] Loss: 1.1628
Average loss in epoch 221: 1.2045
Epoch: 222
[0/257] Loss: 1.2248
[52/257] Loss: 1.1810
[104/257] Loss: 1.1936
[156/257] Loss: 1.2063
[208/257] Loss: 1.2179
Average loss in epoch 222: 1.2044
Epoch: 223
[0/257] Loss: 1.2071
[52/257] Loss: 1.1928
[104/257] Loss: 1.1789
[156/257] Loss: 1.2079
[208/257] Loss: 1.1773
Average loss in epoch 223: 1.2046
Epoch: 224
[0/257] Loss: 1.2163
[52/257] Loss: 1.1957
[104/257] Loss: 1.1807
[156/257] Loss: 1.2051
[208/257] Loss: 1.2073
Average loss in epoch 224: 1.2032
Epoch: 225
[0/257] Loss: 1.2473
[52/257] Loss: 1.2189
[104/257] Loss: 1.2476
[156/257] Loss: 1.2130
[208/257] Loss: 1.1957
Average loss in epoch 225: 1.2042
Epoch: 226
[0/257] Loss: 1.2146
[52/257] Loss: 1.1479
[104/257] Loss: 1.1818
[156/257] Loss: 1.2245
[208/257] Loss: 1.1877
Average loss in epoch 226: 1.2037
Epoch: 227
[0/257] Loss: 1.1952
[52/257] Loss: 1.2138
[104/257] Loss: 1.2318
[156/257] Loss: 1.2204
[208/257] Loss: 1.2021
Average loss in epoch 227: 1.2038
Epoch: 228
[0/257] Loss: 1.2158
[52/257] Loss: 1.2159
[104/257] Loss: 1.1727
[156/257] Loss: 1.1902
[208/257] Loss: 1.2060
Average loss in epoch 228: 1.2035
Epoch: 229
[0/257] Loss: 1.2086
[52/257] Loss: 1.1855
[104/257] Loss: 1.2132
[156/257] Loss: 1.2120
[208/257] Loss: 1.2054
Average loss in epoch 229: 1.2041
Epoch: 230
[0/257] Loss: 1.1995
[52/257] Loss: 1.2309
[104/257] Loss: 1.1856
[156/257] Loss: 1.2313
[208/257] Loss: 1.2088
Average loss in epoch 230: 1.2037
Epoch: 231
[0/257] Loss: 1.2319
[52/257] Loss: 1.1768
[104/257] Loss: 1.2239
[156/257] Loss: 1.2170
[208/257] Loss: 1.1624
Average loss in epoch 231: 1.2042
Epoch: 232
[0/257] Loss: 1.2263
[52/257] Loss: 1.2324
[104/257] Loss: 1.2293
[156/257] Loss: 1.2261
[208/257] Loss: 1.2318
Average loss in epoch 232: 1.2040
Epoch: 233
[0/257] Loss: 1.2084
[52/257] Loss: 1.1931
[104/257] Loss: 1.2090
[156/257] Loss: 1.2327
[208/257] Loss: 1.2053
Average loss in epoch 233: 1.2041
Epoch: 234
[0/257] Loss: 1.1779
[52/257] Loss: 1.1921
[104/257] Loss: 1.1910
[156/257] Loss: 1.2230
[208/257] Loss: 1.2174
Average loss in epoch 234: 1.2036
Epoch: 235
[0/257] Loss: 1.1881
[52/257] Loss: 1.2195
[104/257] Loss: 1.2072
[156/257] Loss: 1.1776
[208/257] Loss: 1.2016
Average loss in epoch 235: 1.2025
Epoch: 236
[0/257] Loss: 1.2431
[52/257] Loss: 1.1295
[104/257] Loss: 1.2007
[156/257] Loss: 1.1721
[208/257] Loss: 1.2061
Average loss in epoch 236: 1.2045
Epoch: 237
[0/257] Loss: 1.1753
[52/257] Loss: 1.1787
[104/257] Loss: 1.1933
[156/257] Loss: 1.2072
[208/257] Loss: 1.1686
Average loss in epoch 237: 1.2034
Epoch: 238
[0/257] Loss: 1.1832
[52/257] Loss: 1.2328
[104/257] Loss: 1.1750
[156/257] Loss: 1.2115
[208/257] Loss: 1.2251
Average loss in epoch 238: 1.2037
Epoch: 239
[0/257] Loss: 1.2095
[52/257] Loss: 1.1961
[104/257] Loss: 1.1529
[156/257] Loss: 1.2406
[208/257] Loss: 1.2172
Average loss in epoch 239: 1.2031
Epoch: 240
[0/257] Loss: 1.2146
[52/257] Loss: 1.2230
[104/257] Loss: 1.1869
[156/257] Loss: 1.1728
[208/257] Loss: 1.2021
Average loss in epoch 240: 1.2038
start predicting:  2026-08-27 10:45:20.729833
{'Best_HR@5': np.float64(7.7538), 'Best_HR@10': np.float64(10.8509), 'Best_HR@20': np.float64(14.8606), 'Best_NDCG@5': np.float64(5.3782), 'Best_NDCG@10': np.float64(6.3739), 'Best_NDCG@20': np.float64(7.3801)}
{'Best_epoch_HR@5': 240, 'Best_epoch_HR@10': 140, 'Best_epoch_HR@20': 100, 'Best_epoch_NDCG@5': 220, 'Best_epoch_NDCG@10': 140, 'Best_epoch_NDCG@20': 100}
Epoch: 241
[0/257] Loss: 1.2112
[52/257] Loss: 1.2261
[104/257] Loss: 1.2140
[156/257] Loss: 1.1930
[208/257] Loss: 1.2130
Average loss in epoch 241: 1.2044
Epoch: 242
[0/257] Loss: 1.2004
[52/257] Loss: 1.2129
[104/257] Loss: 1.2083
[156/257] Loss: 1.1953
[208/257] Loss: 1.2057
Average loss in epoch 242: 1.2025
Epoch: 243
[0/257] Loss: 1.2035
[52/257] Loss: 1.1937
[104/257] Loss: 1.1836
[156/257] Loss: 1.1814
[208/257] Loss: 1.1947
Average loss in epoch 243: 1.2015
Epoch: 244
[0/257] Loss: 1.2077
[52/257] Loss: 1.2150
[104/257] Loss: 1.1965
[156/257] Loss: 1.2171
[208/257] Loss: 1.1664
Average loss in epoch 244: 1.2033
Epoch: 245
[0/257] Loss: 1.2116
[52/257] Loss: 1.2106
[104/257] Loss: 1.1722
[156/257] Loss: 1.1585
[208/257] Loss: 1.2019
Average loss in epoch 245: 1.2036
Epoch: 246
[0/257] Loss: 1.1854
[52/257] Loss: 1.2032
[104/257] Loss: 1.1936
[156/257] Loss: 1.1968
[208/257] Loss: 1.2154
Average loss in epoch 246: 1.2020
Epoch: 247
[0/257] Loss: 1.1990
[52/257] Loss: 1.2014
[104/257] Loss: 1.2138
[156/257] Loss: 1.2083
[208/257] Loss: 1.2054
Average loss in epoch 247: 1.2033
Epoch: 248
[0/257] Loss: 1.2054
[52/257] Loss: 1.2103
[104/257] Loss: 1.1881
[156/257] Loss: 1.2271
[208/257] Loss: 1.2181
Average loss in epoch 248: 1.2034
Epoch: 249
[0/257] Loss: 1.1966
[52/257] Loss: 1.2303
[104/257] Loss: 1.2153
[156/257] Loss: 1.2053
[208/257] Loss: 1.2082
Average loss in epoch 249: 1.2030
Epoch: 250
[0/257] Loss: 1.2013
[52/257] Loss: 1.2442
[104/257] Loss: 1.1998
[156/257] Loss: 1.2009
[208/257] Loss: 1.2205
Average loss in epoch 250: 1.2023
Epoch: 251
[0/257] Loss: 1.2133
[52/257] Loss: 1.1928
[104/257] Loss: 1.1755
[156/257] Loss: 1.1855
[208/257] Loss: 1.1781
Average loss in epoch 251: 1.2031
Epoch: 252
[0/257] Loss: 1.2071
[52/257] Loss: 1.2056
[104/257] Loss: 1.2216
[156/257] Loss: 1.2161
[208/257] Loss: 1.1803
Average loss in epoch 252: 1.2035
Epoch: 253
[0/257] Loss: 1.2352
[52/257] Loss: 1.2220
[104/257] Loss: 1.1750
[156/257] Loss: 1.1814
[208/257] Loss: 1.2077
Average loss in epoch 253: 1.2034
Epoch: 254
[0/257] Loss: 1.2003
[52/257] Loss: 1.2413
[104/257] Loss: 1.2054
[156/257] Loss: 1.1812
[208/257] Loss: 1.2211
Average loss in epoch 254: 1.2027
Epoch: 255
[0/257] Loss: 1.2182
[52/257] Loss: 1.2019
[104/257] Loss: 1.2190
[156/257] Loss: 1.2074
[208/257] Loss: 1.1875
Average loss in epoch 255: 1.2032
Epoch: 256
[0/257] Loss: 1.2011
[52/257] Loss: 1.1866
[104/257] Loss: 1.1945
[156/257] Loss: 1.1796
[208/257] Loss: 1.1969
Average loss in epoch 256: 1.2034
Epoch: 257
[0/257] Loss: 1.2101
[52/257] Loss: 1.2034
[104/257] Loss: 1.1804
[156/257] Loss: 1.2342
[208/257] Loss: 1.1908
Average loss in epoch 257: 1.2026
Epoch: 258
[0/257] Loss: 1.2234
[52/257] Loss: 1.2241
[104/257] Loss: 1.2395
[156/257] Loss: 1.2392
[208/257] Loss: 1.2220
Average loss in epoch 258: 1.2026
Epoch: 259
[0/257] Loss: 1.1912
[52/257] Loss: 1.1879
[104/257] Loss: 1.2103
[156/257] Loss: 1.2221
[208/257] Loss: 1.1945
Average loss in epoch 259: 1.2021
Epoch: 260
[0/257] Loss: 1.2159
[52/257] Loss: 1.1810
[104/257] Loss: 1.1957
[156/257] Loss: 1.2030
[208/257] Loss: 1.2066
Average loss in epoch 260: 1.2022
start predicting:  2026-08-27 10:58:23.434114
Epoch: 261
[0/257] Loss: 1.2413
[52/257] Loss: 1.1878
[104/257] Loss: 1.1810
[156/257] Loss: 1.2009
[208/257] Loss: 1.1984
Average loss in epoch 261: 1.2012
Epoch: 262
[0/257] Loss: 1.2197
[52/257] Loss: 1.1998
[104/257] Loss: 1.1973
[156/257] Loss: 1.1822
[208/257] Loss: 1.2180
Average loss in epoch 262: 1.2023
Epoch: 263
[0/257] Loss: 1.2208
[52/257] Loss: 1.1963
[104/257] Loss: 1.2282
[156/257] Loss: 1.1598
[208/257] Loss: 1.2083
Average loss in epoch 263: 1.2030
Epoch: 264
[0/257] Loss: 1.2007
[52/257] Loss: 1.1936
[104/257] Loss: 1.1962
[156/257] Loss: 1.2128
[208/257] Loss: 1.1994
Average loss in epoch 264: 1.2018
Epoch: 265
[0/257] Loss: 1.1945
[52/257] Loss: 1.2221
[104/257] Loss: 1.1838
[156/257] Loss: 1.2311
[208/257] Loss: 1.2014
Average loss in epoch 265: 1.2018
Epoch: 266
[0/257] Loss: 1.2189
[52/257] Loss: 1.1742
[104/257] Loss: 1.1537
[156/257] Loss: 1.2175
[208/257] Loss: 1.1987
Average loss in epoch 266: 1.2024
Epoch: 267
[0/257] Loss: 1.1859
[52/257] Loss: 1.2337
[104/257] Loss: 1.2607
[156/257] Loss: 1.1979
[208/257] Loss: 1.1896
Average loss in epoch 267: 1.2025
Epoch: 268
[0/257] Loss: 1.1776
[52/257] Loss: 1.2027
[104/257] Loss: 1.2188
[156/257] Loss: 1.2098
[208/257] Loss: 1.1914
Average loss in epoch 268: 1.2019
Epoch: 269
[0/257] Loss: 1.1793
[52/257] Loss: 1.2198
[104/257] Loss: 1.1977
[156/257] Loss: 1.2341
[208/257] Loss: 1.1882
Average loss in epoch 269: 1.2029
Epoch: 270
[0/257] Loss: 1.2070
[52/257] Loss: 1.1701
[104/257] Loss: 1.2081
[156/257] Loss: 1.1955
[208/257] Loss: 1.1899
Average loss in epoch 270: 1.2030
Epoch: 271
[0/257] Loss: 1.2252
[52/257] Loss: 1.2202
[104/257] Loss: 1.1946
[156/257] Loss: 1.2334
[208/257] Loss: 1.1961
Average loss in epoch 271: 1.2029
Epoch: 272
[0/257] Loss: 1.1854
[52/257] Loss: 1.2221
[104/257] Loss: 1.2038
[156/257] Loss: 1.1961
[208/257] Loss: 1.2157
Average loss in epoch 272: 1.2023
Epoch: 273
[0/257] Loss: 1.2220
[52/257] Loss: 1.2172
[104/257] Loss: 1.2015
[156/257] Loss: 1.2026
[208/257] Loss: 1.1986
Average loss in epoch 273: 1.2021
Epoch: 274
[0/257] Loss: 1.2074
[52/257] Loss: 1.2034
[104/257] Loss: 1.2119
[156/257] Loss: 1.1977
[208/257] Loss: 1.2048
Average loss in epoch 274: 1.2023
Epoch: 275
[0/257] Loss: 1.2057
[52/257] Loss: 1.2008
[104/257] Loss: 1.2053
[156/257] Loss: 1.1793
[208/257] Loss: 1.2303
Average loss in epoch 275: 1.2035
Epoch: 276
[0/257] Loss: 1.2170
[52/257] Loss: 1.2134
[104/257] Loss: 1.2097
[156/257] Loss: 1.2339
[208/257] Loss: 1.2432
Average loss in epoch 276: 1.2019
Epoch: 277
[0/257] Loss: 1.2130
[52/257] Loss: 1.2334
[104/257] Loss: 1.1967
[156/257] Loss: 1.1897
[208/257] Loss: 1.2039
Average loss in epoch 277: 1.2024
Epoch: 278
[0/257] Loss: 1.1996
[52/257] Loss: 1.2084
[104/257] Loss: 1.2130
[156/257] Loss: 1.1964
[208/257] Loss: 1.1939
Average loss in epoch 278: 1.2021
Epoch: 279
[0/257] Loss: 1.2242
[52/257] Loss: 1.2160
[104/257] Loss: 1.2476
[156/257] Loss: 1.2112
[208/257] Loss: 1.2196
Average loss in epoch 279: 1.2023
Epoch: 280
[0/257] Loss: 1.2339
[52/257] Loss: 1.2171
[104/257] Loss: 1.2118
[156/257] Loss: 1.1694
[208/257] Loss: 1.2126
Average loss in epoch 280: 1.2008
start predicting:  2026-08-27 11:11:23.807691
Epoch: 281
[0/257] Loss: 1.2211
[52/257] Loss: 1.1638
[104/257] Loss: 1.2222
[156/257] Loss: 1.2057
[208/257] Loss: 1.2030
Average loss in epoch 281: 1.2021
Epoch: 282
[0/257] Loss: 1.1846
[52/257] Loss: 1.2246
[104/257] Loss: 1.1746
[156/257] Loss: 1.1935
[208/257] Loss: 1.1940
Average loss in epoch 282: 1.2009
Epoch: 283
[0/257] Loss: 1.2415
[52/257] Loss: 1.2419
[104/257] Loss: 1.1870
[156/257] Loss: 1.2095
[208/257] Loss: 1.1800
Average loss in epoch 283: 1.2018
Epoch: 284
[0/257] Loss: 1.1914
[52/257] Loss: 1.2227
[104/257] Loss: 1.1652
[156/257] Loss: 1.1965
[208/257] Loss: 1.1960
Average loss in epoch 284: 1.2017
Epoch: 285
[0/257] Loss: 1.2131
[52/257] Loss: 1.2279
[104/257] Loss: 1.1865
[156/257] Loss: 1.1688
[208/257] Loss: 1.1727
Average loss in epoch 285: 1.2019
Epoch: 286
[0/257] Loss: 1.1998
[52/257] Loss: 1.2232
[104/257] Loss: 1.2289
[156/257] Loss: 1.1968
[208/257] Loss: 1.2258
Average loss in epoch 286: 1.2021
Epoch: 287
[0/257] Loss: 1.2350
[52/257] Loss: 1.2195
[104/257] Loss: 1.2052
[156/257] Loss: 1.2435
[208/257] Loss: 1.2269
Average loss in epoch 287: 1.2022
Epoch: 288
[0/257] Loss: 1.1988
[52/257] Loss: 1.1680
[104/257] Loss: 1.2018
[156/257] Loss: 1.1736
[208/257] Loss: 1.1932
Average loss in epoch 288: 1.2014
Epoch: 289
[0/257] Loss: 1.2013
[52/257] Loss: 1.1663
[104/257] Loss: 1.1729
[156/257] Loss: 1.1735
[208/257] Loss: 1.1906
Average loss in epoch 289: 1.2016
Epoch: 290
[0/257] Loss: 1.1871
[52/257] Loss: 1.2300
[104/257] Loss: 1.2000
[156/257] Loss: 1.1969
[208/257] Loss: 1.2222
Average loss in epoch 290: 1.2016
Epoch: 291
[0/257] Loss: 1.2419
[52/257] Loss: 1.2184
[104/257] Loss: 1.1979
[156/257] Loss: 1.2263
[208/257] Loss: 1.1977
Average loss in epoch 291: 1.2012
Epoch: 292
[0/257] Loss: 1.2086
[52/257] Loss: 1.2144
[104/257] Loss: 1.2049
[156/257] Loss: 1.1940
[208/257] Loss: 1.1746
Average loss in epoch 292: 1.2016
Epoch: 293
[0/257] Loss: 1.2373
[52/257] Loss: 1.1733
[104/257] Loss: 1.2159
[156/257] Loss: 1.1877
[208/257] Loss: 1.2043
Average loss in epoch 293: 1.2008
Epoch: 294
[0/257] Loss: 1.2094
[52/257] Loss: 1.2054
[104/257] Loss: 1.2142
[156/257] Loss: 1.1683
[208/257] Loss: 1.2235
Average loss in epoch 294: 1.2015
Epoch: 295
[0/257] Loss: 1.1685
[52/257] Loss: 1.2188
[104/257] Loss: 1.1786
[156/257] Loss: 1.1902
[208/257] Loss: 1.1978
Average loss in epoch 295: 1.2015
Epoch: 296
[0/257] Loss: 1.2352
[52/257] Loss: 1.2418
[104/257] Loss: 1.2238
[156/257] Loss: 1.1854
[208/257] Loss: 1.1855
Average loss in epoch 296: 1.2018
Epoch: 297
[0/257] Loss: 1.1726
[52/257] Loss: 1.1665
[104/257] Loss: 1.2033
[156/257] Loss: 1.1922
[208/257] Loss: 1.1933
Average loss in epoch 297: 1.2015
Epoch: 298
[0/257] Loss: 1.1788
[52/257] Loss: 1.2008
[104/257] Loss: 1.1973
[156/257] Loss: 1.1837
[208/257] Loss: 1.1782
Average loss in epoch 298: 1.2018
Epoch: 299
[0/257] Loss: 1.2033
[52/257] Loss: 1.2622
[104/257] Loss: 1.1914
[156/257] Loss: 1.2268
[208/257] Loss: 1.2018
Average loss in epoch 299: 1.2019
Epoch: 300
[0/257] Loss: 1.2001
[52/257] Loss: 1.1974
[104/257] Loss: 1.1791
[156/257] Loss: 1.2543
[208/257] Loss: 1.1962
Average loss in epoch 300: 1.2004
start predicting:  2026-08-27 11:24:31.926363
{'Best_HR@5': np.float64(7.7561), 'Best_HR@10': np.float64(10.8509), 'Best_HR@20': np.float64(14.8606), 'Best_NDCG@5': np.float64(5.3807), 'Best_NDCG@10': np.float64(6.3739), 'Best_NDCG@20': np.float64(7.3801)}
{'Best_epoch_HR@5': 300, 'Best_epoch_HR@10': 140, 'Best_epoch_HR@20': 100, 'Best_epoch_NDCG@5': 300, 'Best_epoch_NDCG@10': 140, 'Best_epoch_NDCG@20': 100}
Epoch: 301
[0/257] Loss: 1.2325
[52/257] Loss: 1.1930
[104/257] Loss: 1.1868
[156/257] Loss: 1.1791
[208/257] Loss: 1.2121
Average loss in epoch 301: 1.2014
Epoch: 302
[0/257] Loss: 1.2440
[52/257] Loss: 1.2083
[104/257] Loss: 1.1941
[156/257] Loss: 1.1987
[208/257] Loss: 1.2223
Average loss in epoch 302: 1.2009
Epoch: 303
[0/257] Loss: 1.2335
[52/257] Loss: 1.2012
[104/257] Loss: 1.1972
[156/257] Loss: 1.2100
[208/257] Loss: 1.1795
Average loss in epoch 303: 1.2012
Epoch: 304
[0/257] Loss: 1.1722
[52/257] Loss: 1.1942
[104/257] Loss: 1.1961
[156/257] Loss: 1.2075
[208/257] Loss: 1.1647
Average loss in epoch 304: 1.2013
Epoch: 305
[0/257] Loss: 1.1868
[52/257] Loss: 1.1910
[104/257] Loss: 1.2061
[156/257] Loss: 1.1906
[208/257] Loss: 1.1840
Average loss in epoch 305: 1.2011
Epoch: 306
[0/257] Loss: 1.1940
[52/257] Loss: 1.2010
[104/257] Loss: 1.2035
[156/257] Loss: 1.1461
[208/257] Loss: 1.2376
Average loss in epoch 306: 1.2003
Epoch: 307
[0/257] Loss: 1.1958
[52/257] Loss: 1.1864
[104/257] Loss: 1.2160
[156/257] Loss: 1.2475
[208/257] Loss: 1.1788
Average loss in epoch 307: 1.2013
Epoch: 308
[0/257] Loss: 1.1870
[52/257] Loss: 1.2184
[104/257] Loss: 1.2129
[156/257] Loss: 1.1861
[208/257] Loss: 1.2037
Average loss in epoch 308: 1.2015
Epoch: 309
[0/257] Loss: 1.2001
[52/257] Loss: 1.1601
[104/257] Loss: 1.1676
[156/257] Loss: 1.2069
[208/257] Loss: 1.2050
Average loss in epoch 309: 1.2010
Epoch: 310
[0/257] Loss: 1.1931
[52/257] Loss: 1.1660
[104/257] Loss: 1.2033
[156/257] Loss: 1.1831
[208/257] Loss: 1.1771
Average loss in epoch 310: 1.2011
Epoch: 311
[0/257] Loss: 1.2362
[52/257] Loss: 1.2117
[104/257] Loss: 1.2158
[156/257] Loss: 1.1901
[208/257] Loss: 1.2011
Average loss in epoch 311: 1.2013
Epoch: 312
[0/257] Loss: 1.2075
[52/257] Loss: 1.2196
[104/257] Loss: 1.1892
[156/257] Loss: 1.2116
[208/257] Loss: 1.2088
Average loss in epoch 312: 1.2008
Epoch: 313
[0/257] Loss: 1.1904
[52/257] Loss: 1.2027
[104/257] Loss: 1.1826
[156/257] Loss: 1.1991
[208/257] Loss: 1.1923
Average loss in epoch 313: 1.2008
Epoch: 314
[0/257] Loss: 1.2011
[52/257] Loss: 1.2224
[104/257] Loss: 1.1862
[156/257] Loss: 1.1803
[208/257] Loss: 1.1898
Average loss in epoch 314: 1.2006
Epoch: 315
[0/257] Loss: 1.2040
[52/257] Loss: 1.1977
[104/257] Loss: 1.1841
[156/257] Loss: 1.1705
[208/257] Loss: 1.2222
Average loss in epoch 315: 1.2006
Epoch: 316
[0/257] Loss: 1.2067
[52/257] Loss: 1.1830
[104/257] Loss: 1.1740
[156/257] Loss: 1.2034
[208/257] Loss: 1.2186
Average loss in epoch 316: 1.2010
Epoch: 317
[0/257] Loss: 1.2121
[52/257] Loss: 1.1906
[104/257] Loss: 1.2420
[156/257] Loss: 1.2090
[208/257] Loss: 1.1819
Average loss in epoch 317: 1.2012
Epoch: 318
[0/257] Loss: 1.1976
[52/257] Loss: 1.1890
[104/257] Loss: 1.1763
[156/257] Loss: 1.1921
[208/257] Loss: 1.2111
Average loss in epoch 318: 1.2015
Epoch: 319
[0/257] Loss: 1.1906
[52/257] Loss: 1.2032
[104/257] Loss: 1.1982
[156/257] Loss: 1.1976
[208/257] Loss: 1.2095
Average loss in epoch 319: 1.2006
Epoch: 320
[0/257] Loss: 1.2225
[52/257] Loss: 1.2084
[104/257] Loss: 1.2135
[156/257] Loss: 1.2066
[208/257] Loss: 1.2065
Average loss in epoch 320: 1.2007
start predicting:  2026-08-27 11:37:32.163813
Epoch: 321
[0/257] Loss: 1.2009
[52/257] Loss: 1.2037
[104/257] Loss: 1.1503
[156/257] Loss: 1.2015
[208/257] Loss: 1.1849
Average loss in epoch 321: 1.2011
Epoch: 322
[0/257] Loss: 1.1833
[52/257] Loss: 1.2027
[104/257] Loss: 1.1748
[156/257] Loss: 1.2275
[208/257] Loss: 1.2425
Average loss in epoch 322: 1.2011
Epoch: 323
[0/257] Loss: 1.1943
[52/257] Loss: 1.2254
[104/257] Loss: 1.1879
[156/257] Loss: 1.2294
[208/257] Loss: 1.2158
Average loss in epoch 323: 1.2018
Epoch: 324
[0/257] Loss: 1.2187
[52/257] Loss: 1.1976
[104/257] Loss: 1.1767
[156/257] Loss: 1.2333
[208/257] Loss: 1.1976
Average loss in epoch 324: 1.2007
Epoch: 325
[0/257] Loss: 1.2043
[52/257] Loss: 1.1974
[104/257] Loss: 1.2011
[156/257] Loss: 1.1672
[208/257] Loss: 1.2108
Average loss in epoch 325: 1.2001
Epoch: 326
[0/257] Loss: 1.1838
[52/257] Loss: 1.2006
[104/257] Loss: 1.2043
[156/257] Loss: 1.1958
[208/257] Loss: 1.1980
Average loss in epoch 326: 1.2018
Epoch: 327
[0/257] Loss: 1.1752
[52/257] Loss: 1.1956
[104/257] Loss: 1.1777
[156/257] Loss: 1.2095
[208/257] Loss: 1.2273
Average loss in epoch 327: 1.2011
Epoch: 328
[0/257] Loss: 1.2287
[52/257] Loss: 1.2123
[104/257] Loss: 1.2214
[156/257] Loss: 1.2236
[208/257] Loss: 1.1878
Average loss in epoch 328: 1.2009
Epoch: 329
[0/257] Loss: 1.1917
[52/257] Loss: 1.1884
[104/257] Loss: 1.1982
[156/257] Loss: 1.2075
[208/257] Loss: 1.1906
Average loss in epoch 329: 1.2009
Epoch: 330
[0/257] Loss: 1.1680
[52/257] Loss: 1.2001
[104/257] Loss: 1.2173
[156/257] Loss: 1.2030
[208/257] Loss: 1.2038
Average loss in epoch 330: 1.2007
Epoch: 331
[0/257] Loss: 1.1977
[52/257] Loss: 1.1921
[104/257] Loss: 1.1793
[156/257] Loss: 1.1906
[208/257] Loss: 1.2020
Average loss in epoch 331: 1.2007
Epoch: 332
[0/257] Loss: 1.1953
[52/257] Loss: 1.1873
[104/257] Loss: 1.1980
[156/257] Loss: 1.2097
[208/257] Loss: 1.2023
Average loss in epoch 332: 1.2014
Epoch: 333
[0/257] Loss: 1.1892
[52/257] Loss: 1.2278
[104/257] Loss: 1.1685
[156/257] Loss: 1.2099
[208/257] Loss: 1.1960
Average loss in epoch 333: 1.2021
Epoch: 334
[0/257] Loss: 1.2063
[52/257] Loss: 1.1631
[104/257] Loss: 1.1986
[156/257] Loss: 1.1989
[208/257] Loss: 1.1970
Average loss in epoch 334: 1.2003
Epoch: 335
[0/257] Loss: 1.1822
[52/257] Loss: 1.1890
[104/257] Loss: 1.1749
[156/257] Loss: 1.2024
[208/257] Loss: 1.2130
Average loss in epoch 335: 1.2007
Epoch: 336
[0/257] Loss: 1.1828
[52/257] Loss: 1.1845
[104/257] Loss: 1.1755
[156/257] Loss: 1.1975
[208/257] Loss: 1.2047
Average loss in epoch 336: 1.2002
Epoch: 337
[0/257] Loss: 1.2022
[52/257] Loss: 1.2223
[104/257] Loss: 1.1459
[156/257] Loss: 1.1925
[208/257] Loss: 1.1744
Average loss in epoch 337: 1.2002
Epoch: 338
[0/257] Loss: 1.2108
[52/257] Loss: 1.1781
[104/257] Loss: 1.2124
[156/257] Loss: 1.1729
[208/257] Loss: 1.2178
Average loss in epoch 338: 1.2009
Epoch: 339
[0/257] Loss: 1.2269
[52/257] Loss: 1.1791
[104/257] Loss: 1.1984
[156/257] Loss: 1.1995
[208/257] Loss: 1.2052
Average loss in epoch 339: 1.2001
Epoch: 340
[0/257] Loss: 1.2077
[52/257] Loss: 1.1860
[104/257] Loss: 1.1680
[156/257] Loss: 1.1992
[208/257] Loss: 1.1706
Average loss in epoch 340: 1.2009
start predicting:  2026-08-27 11:50:32.559729
Epoch: 341
[0/257] Loss: 1.2243
[52/257] Loss: 1.1791
[104/257] Loss: 1.1911
[156/257] Loss: 1.1940
[208/257] Loss: 1.2358
Average loss in epoch 341: 1.2019
Epoch: 342
[0/257] Loss: 1.1825
[52/257] Loss: 1.1737
[104/257] Loss: 1.2147
[156/257] Loss: 1.2099
[208/257] Loss: 1.2262
Average loss in epoch 342: 1.2009
Epoch: 343
[0/257] Loss: 1.2220
[52/257] Loss: 1.1944
[104/257] Loss: 1.1875
[156/257] Loss: 1.2508
[208/257] Loss: 1.2052
Average loss in epoch 343: 1.2011
Epoch: 344
[0/257] Loss: 1.1828
[52/257] Loss: 1.1949
[104/257] Loss: 1.1877
[156/257] Loss: 1.2065
[208/257] Loss: 1.1922
Average loss in epoch 344: 1.2005
Epoch: 345
[0/257] Loss: 1.1924
[52/257] Loss: 1.2025
[104/257] Loss: 1.2180
[156/257] Loss: 1.1717
[208/257] Loss: 1.1924
Average loss in epoch 345: 1.2008
Epoch: 346
[0/257] Loss: 1.2246
[52/257] Loss: 1.2223
[104/257] Loss: 1.2053
[156/257] Loss: 1.2025
[208/257] Loss: 1.1941
Average loss in epoch 346: 1.2009
Epoch: 347
[0/257] Loss: 1.1799
[52/257] Loss: 1.1991
[104/257] Loss: 1.1944
[156/257] Loss: 1.1983
[208/257] Loss: 1.1806
Average loss in epoch 347: 1.2005
Epoch: 348
[0/257] Loss: 1.2087
[52/257] Loss: 1.2113
[104/257] Loss: 1.1902
[156/257] Loss: 1.2342
[208/257] Loss: 1.2144
Average loss in epoch 348: 1.2015
Epoch: 349
[0/257] Loss: 1.2192
[52/257] Loss: 1.1714
[104/257] Loss: 1.2177
[156/257] Loss: 1.2194
[208/257] Loss: 1.2184
Average loss in epoch 349: 1.2004
Epoch: 350
[0/257] Loss: 1.2046
[52/257] Loss: 1.1953
[104/257] Loss: 1.2060
[156/257] Loss: 1.1895
[208/257] Loss: 1.2296
Average loss in epoch 350: 1.2023
Epoch: 351
[0/257] Loss: 1.2415
[52/257] Loss: 1.2178
[104/257] Loss: 1.2052
[156/257] Loss: 1.2090
[208/257] Loss: 1.1787
Average loss in epoch 351: 1.2011
Epoch: 352
[0/257] Loss: 1.2205
[52/257] Loss: 1.1985
[104/257] Loss: 1.1920
[156/257] Loss: 1.2315
[208/257] Loss: 1.1867
Average loss in epoch 352: 1.2001
Epoch: 353
[0/257] Loss: 1.1917
[52/257] Loss: 1.2033
[104/257] Loss: 1.2006
[156/257] Loss: 1.2183
[208/257] Loss: 1.1813
Average loss in epoch 353: 1.1996
Epoch: 354
[0/257] Loss: 1.2002
[52/257] Loss: 1.1973
[104/257] Loss: 1.1843
[156/257] Loss: 1.2077
[208/257] Loss: 1.2073
Average loss in epoch 354: 1.2005
Epoch: 355
[0/257] Loss: 1.2051
[52/257] Loss: 1.1923
[104/257] Loss: 1.2185
[156/257] Loss: 1.1915
[208/257] Loss: 1.1928
Average loss in epoch 355: 1.2001
Epoch: 356
[0/257] Loss: 1.2081
[52/257] Loss: 1.2149
[104/257] Loss: 1.1808
[156/257] Loss: 1.1920
[208/257] Loss: 1.1760
Average loss in epoch 356: 1.2005
Epoch: 357
[0/257] Loss: 1.2104
[52/257] Loss: 1.2242
[104/257] Loss: 1.2360
[156/257] Loss: 1.2044
[208/257] Loss: 1.1997
Average loss in epoch 357: 1.2006
Epoch: 358
[0/257] Loss: 1.2112
[52/257] Loss: 1.2189
[104/257] Loss: 1.1518
[156/257] Loss: 1.2068
[208/257] Loss: 1.2107
Average loss in epoch 358: 1.2014
Epoch: 359
[0/257] Loss: 1.2075
[52/257] Loss: 1.2126
[104/257] Loss: 1.1846
[156/257] Loss: 1.2172
[208/257] Loss: 1.2487
Average loss in epoch 359: 1.2007
Epoch: 360
[0/257] Loss: 1.2093
[52/257] Loss: 1.1818
[104/257] Loss: 1.2131
[156/257] Loss: 1.2181
[208/257] Loss: 1.1957
Average loss in epoch 360: 1.2008
start predicting:  2026-08-27 12:03:39.605062
Epoch: 361
[0/257] Loss: 1.2001
[52/257] Loss: 1.1551
[104/257] Loss: 1.2387
[156/257] Loss: 1.2169
[208/257] Loss: 1.2336
Average loss in epoch 361: 1.2005
Epoch: 362
[0/257] Loss: 1.2041
[52/257] Loss: 1.2065
[104/257] Loss: 1.2176
[156/257] Loss: 1.1846
[208/257] Loss: 1.1715
Average loss in epoch 362: 1.2000
Epoch: 363
[0/257] Loss: 1.2173
[52/257] Loss: 1.1783
[104/257] Loss: 1.2154
[156/257] Loss: 1.1890
[208/257] Loss: 1.1983
Average loss in epoch 363: 1.2004
Epoch: 364
[0/257] Loss: 1.2381
[52/257] Loss: 1.1913
[104/257] Loss: 1.1915
[156/257] Loss: 1.2050
[208/257] Loss: 1.1847
Average loss in epoch 364: 1.2025
Epoch: 365
[0/257] Loss: 1.2044
[52/257] Loss: 1.2040
[104/257] Loss: 1.1876
[156/257] Loss: 1.1739
[208/257] Loss: 1.2232
Average loss in epoch 365: 1.2011
Epoch: 366
[0/257] Loss: 1.2519
[52/257] Loss: 1.1781
[104/257] Loss: 1.1898
[156/257] Loss: 1.2031
[208/257] Loss: 1.2008
Average loss in epoch 366: 1.2009
Epoch: 367
[0/257] Loss: 1.2236
[52/257] Loss: 1.2066
[104/257] Loss: 1.1741
[156/257] Loss: 1.1865
[208/257] Loss: 1.1856
Average loss in epoch 367: 1.2017
Epoch: 368
[0/257] Loss: 1.2152
[52/257] Loss: 1.2025
[104/257] Loss: 1.2192
[156/257] Loss: 1.2032
[208/257] Loss: 1.2474
Average loss in epoch 368: 1.2000
Epoch: 369
[0/257] Loss: 1.1766
[52/257] Loss: 1.2059
[104/257] Loss: 1.1883
[156/257] Loss: 1.1952
[208/257] Loss: 1.1893
Average loss in epoch 369: 1.2009
Epoch: 370
[0/257] Loss: 1.2151
[52/257] Loss: 1.1650
[104/257] Loss: 1.1992
[156/257] Loss: 1.1798
[208/257] Loss: 1.2212
Average loss in epoch 370: 1.2005
Epoch: 371
[0/257] Loss: 1.2061
[52/257] Loss: 1.1984
[104/257] Loss: 1.1758
[156/257] Loss: 1.1943
[208/257] Loss: 1.2204
Average loss in epoch 371: 1.2008
Epoch: 372
[0/257] Loss: 1.1827
[52/257] Loss: 1.1804
[104/257] Loss: 1.2238
[156/257] Loss: 1.2028
[208/257] Loss: 1.2181
Average loss in epoch 372: 1.1998
Epoch: 373
[0/257] Loss: 1.2344
[52/257] Loss: 1.2184
[104/257] Loss: 1.2392
[156/257] Loss: 1.1985
[208/257] Loss: 1.1761
Average loss in epoch 373: 1.1995
Epoch: 374
[0/257] Loss: 1.1898
[52/257] Loss: 1.1928
[104/257] Loss: 1.1812
[156/257] Loss: 1.2113
[208/257] Loss: 1.1879
Average loss in epoch 374: 1.2009
Epoch: 375
[0/257] Loss: 1.1821
[52/257] Loss: 1.1594
[104/257] Loss: 1.1670
[156/257] Loss: 1.2064
[208/257] Loss: 1.1953
Average loss in epoch 375: 1.2019
Epoch: 376
[0/257] Loss: 1.2152
[52/257] Loss: 1.2072
[104/257] Loss: 1.2201
[156/257] Loss: 1.1779
[208/257] Loss: 1.2210
Average loss in epoch 376: 1.2009
Epoch: 377
[0/257] Loss: 1.1932
[52/257] Loss: 1.2152
[104/257] Loss: 1.1788
[156/257] Loss: 1.2019
[208/257] Loss: 1.2206
Average loss in epoch 377: 1.2009
Epoch: 378
[0/257] Loss: 1.2175
[52/257] Loss: 1.2052
[104/257] Loss: 1.2194
[156/257] Loss: 1.1900
[208/257] Loss: 1.2085
Average loss in epoch 378: 1.2021
Epoch: 379
[0/257] Loss: 1.2116
[52/257] Loss: 1.2121
[104/257] Loss: 1.2036
[156/257] Loss: 1.1890
[208/257] Loss: 1.2371
Average loss in epoch 379: 1.2009
Epoch: 380
[0/257] Loss: 1.2266
[52/257] Loss: 1.1956
[104/257] Loss: 1.2154
[156/257] Loss: 1.1731
[208/257] Loss: 1.1733
Average loss in epoch 380: 1.2008
start predicting:  2026-08-27 12:16:28.434297
{'Best_HR@5': np.float64(7.7582), 'Best_HR@10': np.float64(10.8509), 'Best_HR@20': np.float64(14.8606), 'Best_NDCG@5': np.float64(5.3825), 'Best_NDCG@10': np.float64(6.3739), 'Best_NDCG@20': np.float64(7.3801)}
{'Best_epoch_HR@5': 380, 'Best_epoch_HR@10': 140, 'Best_epoch_HR@20': 100, 'Best_epoch_NDCG@5': 380, 'Best_epoch_NDCG@10': 140, 'Best_epoch_NDCG@20': 100}
Epoch: 381
[0/257] Loss: 1.2276
[52/257] Loss: 1.1809
[104/257] Loss: 1.2032
[156/257] Loss: 1.1819
[208/257] Loss: 1.2263
Average loss in epoch 381: 1.2007
Epoch: 382
[0/257] Loss: 1.2132
[52/257] Loss: 1.2007
[104/257] Loss: 1.1984
[156/257] Loss: 1.2181
[208/257] Loss: 1.2274
Average loss in epoch 382: 1.2002
Epoch: 383
[0/257] Loss: 1.1983
[52/257] Loss: 1.1902
[104/257] Loss: 1.1993
[156/257] Loss: 1.1689
[208/257] Loss: 1.1935
Average loss in epoch 383: 1.2005
Epoch: 384
[0/257] Loss: 1.2395
[52/257] Loss: 1.2588
[104/257] Loss: 1.2185
[156/257] Loss: 1.1631
[208/257] Loss: 1.1867
Average loss in epoch 384: 1.2008
Epoch: 385
[0/257] Loss: 1.1836
[52/257] Loss: 1.1969
[104/257] Loss: 1.1945
[156/257] Loss: 1.1972
[208/257] Loss: 1.2264
Average loss in epoch 385: 1.2012
Epoch: 386
[0/257] Loss: 1.1647
[52/257] Loss: 1.1922
[104/257] Loss: 1.2091
[156/257] Loss: 1.1894
[208/257] Loss: 1.2031
Average loss in epoch 386: 1.1997
Epoch: 387
[0/257] Loss: 1.2054
[52/257] Loss: 1.2051
[104/257] Loss: 1.1974
[156/257] Loss: 1.2109
[208/257] Loss: 1.1877
Average loss in epoch 387: 1.2009
Epoch: 388
[0/257] Loss: 1.2244
[52/257] Loss: 1.2074
[104/257] Loss: 1.2308
[156/257] Loss: 1.2118
[208/257] Loss: 1.2274
Average loss in epoch 388: 1.1998
Epoch: 389
[0/257] Loss: 1.2398
[52/257] Loss: 1.2252
[104/257] Loss: 1.2353
[156/257] Loss: 1.1759
[208/257] Loss: 1.2116
Average loss in epoch 389: 1.2017
Epoch: 390
[0/257] Loss: 1.2288
[52/257] Loss: 1.1951
[104/257] Loss: 1.1927
[156/257] Loss: 1.1998
[208/257] Loss: 1.1837
Average loss in epoch 390: 1.1998
Epoch: 391
[0/257] Loss: 1.2236
[52/257] Loss: 1.1841
[104/257] Loss: 1.2260
[156/257] Loss: 1.2181
[208/257] Loss: 1.1957
Average loss in epoch 391: 1.2000
Epoch: 392
[0/257] Loss: 1.1728
[52/257] Loss: 1.1807
[104/257] Loss: 1.1869
[156/257] Loss: 1.1800
[208/257] Loss: 1.1675
Average loss in epoch 392: 1.2010
Epoch: 393
[0/257] Loss: 1.1749
[52/257] Loss: 1.2249
[104/257] Loss: 1.2131
[156/257] Loss: 1.1985
[208/257] Loss: 1.1982
Average loss in epoch 393: 1.2011
Epoch: 394
[0/257] Loss: 1.2167
[52/257] Loss: 1.2042
[104/257] Loss: 1.1805
[156/257] Loss: 1.2006
[208/257] Loss: 1.2067
Average loss in epoch 394: 1.2011
Epoch: 395
[0/257] Loss: 1.2089
[52/257] Loss: 1.1850
[104/257] Loss: 1.1839
[156/257] Loss: 1.2154
[208/257] Loss: 1.1998
Average loss in epoch 395: 1.2007
Epoch: 396
[0/257] Loss: 1.1931
[52/257] Loss: 1.1996
[104/257] Loss: 1.2072
[156/257] Loss: 1.2112
[208/257] Loss: 1.2510
Average loss in epoch 396: 1.2004
Epoch: 397
[0/257] Loss: 1.2004
[52/257] Loss: 1.1855
[104/257] Loss: 1.2132
[156/257] Loss: 1.2010
[208/257] Loss: 1.2209
Average loss in epoch 397: 1.2007
Epoch: 398
[0/257] Loss: 1.2305
[52/257] Loss: 1.2245
[104/257] Loss: 1.1993
[156/257] Loss: 1.1999
[208/257] Loss: 1.2025
Average loss in epoch 398: 1.2002
Epoch: 399
[0/257] Loss: 1.2103
[52/257] Loss: 1.1936
[104/257] Loss: 1.1753
[156/257] Loss: 1.2086
[208/257] Loss: 1.2374
Average loss in epoch 399: 1.2003
Epoch: 400
[0/257] Loss: 1.1707
[52/257] Loss: 1.1922
[104/257] Loss: 1.1905
[156/257] Loss: 1.1998
[208/257] Loss: 1.2157
Average loss in epoch 400: 1.1996
start predicting:  2026-08-27 12:29:20.313552
Epoch: 401
[0/257] Loss: 1.2156
[52/257] Loss: 1.1953
[104/257] Loss: 1.1730
[156/257] Loss: 1.2124
[208/257] Loss: 1.1895
Average loss in epoch 401: 1.2006
Epoch: 402
[0/257] Loss: 1.2284
[52/257] Loss: 1.1911
[104/257] Loss: 1.2157
[156/257] Loss: 1.1736
[208/257] Loss: 1.1562
Average loss in epoch 402: 1.2013
Epoch: 403
[0/257] Loss: 1.1767
[52/257] Loss: 1.1685
[104/257] Loss: 1.1887
[156/257] Loss: 1.2044
[208/257] Loss: 1.1631
Average loss in epoch 403: 1.2009
Epoch: 404
[0/257] Loss: 1.1890
[52/257] Loss: 1.2013
[104/257] Loss: 1.2147
[156/257] Loss: 1.2011
[208/257] Loss: 1.2072
Average loss in epoch 404: 1.2003
Epoch: 405
[0/257] Loss: 1.2184
[52/257] Loss: 1.2225
[104/257] Loss: 1.2045
[156/257] Loss: 1.2304
[208/257] Loss: 1.1983
Average loss in epoch 405: 1.2009
Epoch: 406
[0/257] Loss: 1.1870
[52/257] Loss: 1.1892
[104/257] Loss: 1.1720
[156/257] Loss: 1.2339
[208/257] Loss: 1.2034
Average loss in epoch 406: 1.2008
Epoch: 407
[0/257] Loss: 1.1872
[52/257] Loss: 1.2011
[104/257] Loss: 1.1848
[156/257] Loss: 1.2069
[208/257] Loss: 1.2204
Average loss in epoch 407: 1.2006
Epoch: 408
[0/257] Loss: 1.1898
[52/257] Loss: 1.1668
[104/257] Loss: 1.1918
[156/257] Loss: 1.1934
[208/257] Loss: 1.1994
Average loss in epoch 408: 1.1998
Epoch: 409
[0/257] Loss: 1.2457
[52/257] Loss: 1.2158
[104/257] Loss: 1.1909
[156/257] Loss: 1.1946
[208/257] Loss: 1.2068
Average loss in epoch 409: 1.2009
Epoch: 410
[0/257] Loss: 1.2081
[52/257] Loss: 1.2115
[104/257] Loss: 1.2281
[156/257] Loss: 1.2322
[208/257] Loss: 1.1991
Average loss in epoch 410: 1.2007
Epoch: 411
[0/257] Loss: 1.2522
[52/257] Loss: 1.1977
[104/257] Loss: 1.2258
[156/257] Loss: 1.2204
[208/257] Loss: 1.2212
Average loss in epoch 411: 1.1995
Epoch: 412
[0/257] Loss: 1.1975
[52/257] Loss: 1.2326
[104/257] Loss: 1.2490
[156/257] Loss: 1.1657
[208/257] Loss: 1.1959
Average loss in epoch 412: 1.2012
Epoch: 413
[0/257] Loss: 1.2060
[52/257] Loss: 1.2023
[104/257] Loss: 1.2036
[156/257] Loss: 1.1947
[208/257] Loss: 1.2071
Average loss in epoch 413: 1.2008
Epoch: 414
[0/257] Loss: 1.1449
[52/257] Loss: 1.1683
[104/257] Loss: 1.2001
[156/257] Loss: 1.1734
[208/257] Loss: 1.1942
Average loss in epoch 414: 1.2007
Epoch: 415
[0/257] Loss: 1.2192
[52/257] Loss: 1.2507
[104/257] Loss: 1.2080
[156/257] Loss: 1.1922
[208/257] Loss: 1.1614
Average loss in epoch 415: 1.2003
Epoch: 416
[0/257] Loss: 1.1942
[52/257] Loss: 1.1953
[104/257] Loss: 1.2542
[156/257] Loss: 1.1895
[208/257] Loss: 1.2095
Average loss in epoch 416: 1.2006
Epoch: 417
[0/257] Loss: 1.2091
[52/257] Loss: 1.1882
[104/257] Loss: 1.2559
[156/257] Loss: 1.2208
[208/257] Loss: 1.1978
Average loss in epoch 417: 1.2011
Epoch: 418
[0/257] Loss: 1.1856
[52/257] Loss: 1.1851
[104/257] Loss: 1.2348
[156/257] Loss: 1.1925
[208/257] Loss: 1.1975
Average loss in epoch 418: 1.2003
Epoch: 419
[0/257] Loss: 1.1932
[52/257] Loss: 1.1835
[104/257] Loss: 1.2291
[156/257] Loss: 1.2024
[208/257] Loss: 1.1965
Average loss in epoch 419: 1.1996
Epoch: 420
[0/257] Loss: 1.2080
[52/257] Loss: 1.1710
[104/257] Loss: 1.1964
[156/257] Loss: 1.2052
[208/257] Loss: 1.1502
Average loss in epoch 420: 1.2005
start predicting:  2026-08-27 12:42:15.791619
Epoch: 421
[0/257] Loss: 1.2121
[52/257] Loss: 1.1945
[104/257] Loss: 1.1575
[156/257] Loss: 1.2057
[208/257] Loss: 1.2357
Average loss in epoch 421: 1.2005
Epoch: 422
[0/257] Loss: 1.1980
[52/257] Loss: 1.1957
[104/257] Loss: 1.1337
[156/257] Loss: 1.2268
[208/257] Loss: 1.2120
Average loss in epoch 422: 1.2008
Epoch: 423
[0/257] Loss: 1.1928
[52/257] Loss: 1.2272
[104/257] Loss: 1.1952
[156/257] Loss: 1.2165
[208/257] Loss: 1.1824
Average loss in epoch 423: 1.2014
Epoch: 424
[0/257] Loss: 1.1694
[52/257] Loss: 1.2018
[104/257] Loss: 1.1948
[156/257] Loss: 1.1833
[208/257] Loss: 1.1966
Average loss in epoch 424: 1.2011
Epoch: 425
[0/257] Loss: 1.2136
[52/257] Loss: 1.2096
[104/257] Loss: 1.2172
[156/257] Loss: 1.1833
[208/257] Loss: 1.1881
Average loss in epoch 425: 1.2003
Epoch: 426
[0/257] Loss: 1.1692
[52/257] Loss: 1.2377
[104/257] Loss: 1.2203
[156/257] Loss: 1.2094
[208/257] Loss: 1.1956
Average loss in epoch 426: 1.2000
Epoch: 427
[0/257] Loss: 1.2189
[52/257] Loss: 1.1525
[104/257] Loss: 1.1843
[156/257] Loss: 1.1829
[208/257] Loss: 1.1946
Average loss in epoch 427: 1.2003
Epoch: 428
[0/257] Loss: 1.2006
[52/257] Loss: 1.2199
[104/257] Loss: 1.2364
[156/257] Loss: 1.1999
[208/257] Loss: 1.2007
Average loss in epoch 428: 1.1998
Epoch: 429
[0/257] Loss: 1.1887
[52/257] Loss: 1.1823
[104/257] Loss: 1.1852
[156/257] Loss: 1.1883
[208/257] Loss: 1.2118
Average loss in epoch 429: 1.2012
Epoch: 430
[0/257] Loss: 1.2168
[52/257] Loss: 1.1820
[104/257] Loss: 1.1488
[156/257] Loss: 1.1986
[208/257] Loss: 1.2045
Average loss in epoch 430: 1.2005
Epoch: 431
[0/257] Loss: 1.1993
[52/257] Loss: 1.2126
[104/257] Loss: 1.1863
[156/257] Loss: 1.1816
[208/257] Loss: 1.2157
Average loss in epoch 431: 1.2004
Epoch: 432
[0/257] Loss: 1.2091
[52/257] Loss: 1.2070
[104/257] Loss: 1.2194
[156/257] Loss: 1.2116
[208/257] Loss: 1.2180
Average loss in epoch 432: 1.1999
Epoch: 433
[0/257] Loss: 1.1863
[52/257] Loss: 1.1855
[104/257] Loss: 1.2060
[156/257] Loss: 1.1786
[208/257] Loss: 1.2301
Average loss in epoch 433: 1.2004
Epoch: 434
[0/257] Loss: 1.1933
[52/257] Loss: 1.1901
[104/257] Loss: 1.1985
[156/257] Loss: 1.2356
[208/257] Loss: 1.2508
Average loss in epoch 434: 1.2008
Epoch: 435
[0/257] Loss: 1.1814
[52/257] Loss: 1.2196
[104/257] Loss: 1.2070
[156/257] Loss: 1.2329
[208/257] Loss: 1.2086
Average loss in epoch 435: 1.2009
Epoch: 436
[0/257] Loss: 1.1898
[52/257] Loss: 1.2506
[104/257] Loss: 1.1915
[156/257] Loss: 1.1969
[208/257] Loss: 1.1991
Average loss in epoch 436: 1.1997
Epoch: 437
[0/257] Loss: 1.2164
[52/257] Loss: 1.2046
[104/257] Loss: 1.2042
[156/257] Loss: 1.1711
[208/257] Loss: 1.1998
Average loss in epoch 437: 1.2007
Epoch: 438
[0/257] Loss: 1.2257
[52/257] Loss: 1.1744
[104/257] Loss: 1.1928
[156/257] Loss: 1.1791
[208/257] Loss: 1.1662
Average loss in epoch 438: 1.2006
Epoch: 439
[0/257] Loss: 1.2082
[52/257] Loss: 1.1950
[104/257] Loss: 1.1867
[156/257] Loss: 1.2348
[208/257] Loss: 1.1959
Average loss in epoch 439: 1.2008
Epoch: 440
[0/257] Loss: 1.2112
[52/257] Loss: 1.1606
[104/257] Loss: 1.1788
[156/257] Loss: 1.1644
[208/257] Loss: 1.1895
Average loss in epoch 440: 1.2000
start predicting:  2026-08-27 12:54:46.105412
Epoch: 441
[0/257] Loss: 1.1969
[52/257] Loss: 1.2238
[104/257] Loss: 1.2050
[156/257] Loss: 1.2069
[208/257] Loss: 1.1981
Average loss in epoch 441: 1.2011
Epoch: 442
[0/257] Loss: 1.2172
[52/257] Loss: 1.1903
[104/257] Loss: 1.2032
[156/257] Loss: 1.1833
[208/257] Loss: 1.1927
Average loss in epoch 442: 1.2010
Epoch: 443
[0/257] Loss: 1.2148
[52/257] Loss: 1.2187
[104/257] Loss: 1.2059
[156/257] Loss: 1.2239
[208/257] Loss: 1.2001
Average loss in epoch 443: 1.2001
Epoch: 444
[0/257] Loss: 1.1792
[52/257] Loss: 1.2220
[104/257] Loss: 1.1781
[156/257] Loss: 1.1608
[208/257] Loss: 1.1882
Average loss in epoch 444: 1.2004
Epoch: 445
[0/257] Loss: 1.1978
[52/257] Loss: 1.1935
[104/257] Loss: 1.2129
[156/257] Loss: 1.1790
[208/257] Loss: 1.2279
Average loss in epoch 445: 1.2001
Epoch: 446
[0/257] Loss: 1.2118
[52/257] Loss: 1.2183
[104/257] Loss: 1.2111
[156/257] Loss: 1.2052
[208/257] Loss: 1.1824
Average loss in epoch 446: 1.2017
Epoch: 447
[0/257] Loss: 1.2120
[52/257] Loss: 1.1879
[104/257] Loss: 1.1923
[156/257] Loss: 1.2165
[208/257] Loss: 1.1679
Average loss in epoch 447: 1.2014
Epoch: 448
[0/257] Loss: 1.1895
[52/257] Loss: 1.2348
[104/257] Loss: 1.2137
[156/257] Loss: 1.1746
[208/257] Loss: 1.1904
Average loss in epoch 448: 1.2006
Epoch: 449
[0/257] Loss: 1.1722
[52/257] Loss: 1.1979
[104/257] Loss: 1.2101
[156/257] Loss: 1.2136
[208/257] Loss: 1.2258
Average loss in epoch 449: 1.2005
Epoch: 450
[0/257] Loss: 1.2015
[52/257] Loss: 1.2212
[104/257] Loss: 1.2082
[156/257] Loss: 1.1597
[208/257] Loss: 1.1918
Average loss in epoch 450: 1.2005
Epoch: 451
[0/257] Loss: 1.2079
[52/257] Loss: 1.1992
[104/257] Loss: 1.2224
[156/257] Loss: 1.2088
[208/257] Loss: 1.1733
Average loss in epoch 451: 1.1993
Epoch: 452
[0/257] Loss: 1.1851
[52/257] Loss: 1.2038
[104/257] Loss: 1.2061
[156/257] Loss: 1.1808
[208/257] Loss: 1.2324
Average loss in epoch 452: 1.1993
Epoch: 453
[0/257] Loss: 1.2076
[52/257] Loss: 1.2183
[104/257] Loss: 1.2133
[156/257] Loss: 1.1759
[208/257] Loss: 1.1997
Average loss in epoch 453: 1.1996
Epoch: 454
[0/257] Loss: 1.2162
[52/257] Loss: 1.1761
[104/257] Loss: 1.2010
[156/257] Loss: 1.1977
[208/257] Loss: 1.2397
Average loss in epoch 454: 1.1999
Epoch: 455
[0/257] Loss: 1.2100
[52/257] Loss: 1.2193
[104/257] Loss: 1.2183
[156/257] Loss: 1.1847
[208/257] Loss: 1.1970
Average loss in epoch 455: 1.1995
Epoch: 456
[0/257] Loss: 1.2008
[52/257] Loss: 1.2112
[104/257] Loss: 1.1822
[156/257] Loss: 1.2193
[208/257] Loss: 1.1964
Average loss in epoch 456: 1.2003
Epoch: 457
[0/257] Loss: 1.2287
[52/257] Loss: 1.2007
[104/257] Loss: 1.1838
[156/257] Loss: 1.1960
[208/257] Loss: 1.1974
Average loss in epoch 457: 1.2000
Epoch: 458
[0/257] Loss: 1.1670
[52/257] Loss: 1.1977
[104/257] Loss: 1.2107
[156/257] Loss: 1.1834
[208/257] Loss: 1.2048
Average loss in epoch 458: 1.2003
Epoch: 459
[0/257] Loss: 1.2084
[52/257] Loss: 1.1784
[104/257] Loss: 1.2060
[156/257] Loss: 1.1948
[208/257] Loss: 1.1983
Average loss in epoch 459: 1.2000
Epoch: 460
[0/257] Loss: 1.2354
[52/257] Loss: 1.2008
[104/257] Loss: 1.1617
[156/257] Loss: 1.1756
[208/257] Loss: 1.1801
Average loss in epoch 460: 1.1996
start predicting:  2026-08-27 13:07:11.160415
Epoch: 461
[0/257] Loss: 1.1648
[52/257] Loss: 1.1794
[104/257] Loss: 1.1874
[156/257] Loss: 1.2224
[208/257] Loss: 1.1576
Average loss in epoch 461: 1.2018
Epoch: 462
[0/257] Loss: 1.2034
[52/257] Loss: 1.2028
[104/257] Loss: 1.2228
[156/257] Loss: 1.1874
[208/257] Loss: 1.1882
Average loss in epoch 462: 1.2004
Epoch: 463
[0/257] Loss: 1.2064
[52/257] Loss: 1.1902
[104/257] Loss: 1.2102
[156/257] Loss: 1.2048
[208/257] Loss: 1.1954
Average loss in epoch 463: 1.2016
Epoch: 464
[0/257] Loss: 1.1912
[52/257] Loss: 1.2200
[104/257] Loss: 1.1620
[156/257] Loss: 1.2353
[208/257] Loss: 1.1997
Average loss in epoch 464: 1.2012
Epoch: 465
[0/257] Loss: 1.2090
[52/257] Loss: 1.2239
[104/257] Loss: 1.1979
[156/257] Loss: 1.1776
[208/257] Loss: 1.1831
Average loss in epoch 465: 1.1997
Epoch: 466
[0/257] Loss: 1.2147
[52/257] Loss: 1.1847
[104/257] Loss: 1.2134
[156/257] Loss: 1.2328
[208/257] Loss: 1.1950
Average loss in epoch 466: 1.2010
Epoch: 467
[0/257] Loss: 1.2366
[52/257] Loss: 1.1650
[104/257] Loss: 1.2036
[156/257] Loss: 1.2243
[208/257] Loss: 1.1824
Average loss in epoch 467: 1.2000
Epoch: 468
[0/257] Loss: 1.1982
[52/257] Loss: 1.2051
[104/257] Loss: 1.1888
[156/257] Loss: 1.1791
[208/257] Loss: 1.1838
Average loss in epoch 468: 1.2008
Epoch: 469
[0/257] Loss: 1.2012
[52/257] Loss: 1.2120
[104/257] Loss: 1.2008
[156/257] Loss: 1.1890
[208/257] Loss: 1.1812
Average loss in epoch 469: 1.2012
Epoch: 470
[0/257] Loss: 1.2320
[52/257] Loss: 1.2024
[104/257] Loss: 1.2305
[156/257] Loss: 1.2291
[208/257] Loss: 1.1900
Average loss in epoch 470: 1.2000
Epoch: 471
[0/257] Loss: 1.1966
[52/257] Loss: 1.1872
[104/257] Loss: 1.2121
[156/257] Loss: 1.2019
[208/257] Loss: 1.2366
Average loss in epoch 471: 1.2005
Epoch: 472
[0/257] Loss: 1.1918
[52/257] Loss: 1.1799
[104/257] Loss: 1.1750
[156/257] Loss: 1.1960
[208/257] Loss: 1.2023
Average loss in epoch 472: 1.2000
Epoch: 473
[0/257] Loss: 1.1960
[52/257] Loss: 1.1800
[104/257] Loss: 1.1729
[156/257] Loss: 1.1705
[208/257] Loss: 1.1987
Average loss in epoch 473: 1.1997
Epoch: 474
[0/257] Loss: 1.1978
[52/257] Loss: 1.1712
[104/257] Loss: 1.2517
[156/257] Loss: 1.2184
[208/257] Loss: 1.2180
Average loss in epoch 474: 1.1998
Epoch: 475
[0/257] Loss: 1.2250
[52/257] Loss: 1.2158
[104/257] Loss: 1.1739
[156/257] Loss: 1.2244
[208/257] Loss: 1.2495
Average loss in epoch 475: 1.1998
Epoch: 476
[0/257] Loss: 1.1883
[52/257] Loss: 1.1851
[104/257] Loss: 1.2027
[156/257] Loss: 1.2157
[208/257] Loss: 1.2219
Average loss in epoch 476: 1.2012
Epoch: 477
[0/257] Loss: 1.1847
[52/257] Loss: 1.2070
[104/257] Loss: 1.2047
[156/257] Loss: 1.2168
[208/257] Loss: 1.1640
Average loss in epoch 477: 1.2016
Epoch: 478
[0/257] Loss: 1.2120
[52/257] Loss: 1.1902
[104/257] Loss: 1.2039
[156/257] Loss: 1.1935
[208/257] Loss: 1.2152
Average loss in epoch 478: 1.2011
Epoch: 479
[0/257] Loss: 1.1931
[52/257] Loss: 1.2001
[104/257] Loss: 1.1921
[156/257] Loss: 1.1911
[208/257] Loss: 1.2058
Average loss in epoch 479: 1.2010
Epoch: 480
[0/257] Loss: 1.2389
[52/257] Loss: 1.1838
[104/257] Loss: 1.2270
[156/257] Loss: 1.1597
[208/257] Loss: 1.2141
Average loss in epoch 480: 1.2003
start predicting:  2026-08-27 13:19:49.773706
Train------------------------------------------------------
{'HR@5': np.float64(48.3727), 'HR@10': np.float64(58.608), 'HR@20': np.float64(68.3334), 'NDCG@5': np.float64(37.2728), 'NDCG@10': np.float64(40.5897), 'NDCG@20': np.float64(43.0518)}
Test------------------------------------------------------
{'HR@5': np.float64(5.8039), 'HR@10': np.float64(8.183), 'HR@20': np.float64(11.4529), 'NDCG@5': np.float64(4.1275), 'NDCG@10': np.float64(4.8924), 'NDCG@20': np.float64(5.7126)}
Best Eval---------------------------------------------------------
{'Best_HR@5': np.float64(7.7582), 'Best_HR@10': np.float64(10.8509), 'Best_HR@20': np.float64(14.8606), 'Best_NDCG@5': np.float64(5.3825), 'Best_NDCG@10': np.float64(6.3739), 'Best_NDCG@20': np.float64(7.3801)}
{'Best_epoch_HR@5': 380, 'Best_epoch_HR@10': 140, 'Best_epoch_HR@20': 100, 'Best_epoch_NDCG@5': 380, 'Best_epoch_NDCG@10': 140, 'Best_epoch_NDCG@20': 100}
Namespace(dataset='amazon_beauty', log_file='log/', random_seed=1997, max_len=50, device='cuda', num_gpu=1, batch_size=512, hidden_size=128, dropout=0.1, emb_dropout=0.3, hidden_act='gelu', num_blocks=4, epochs=500, decay_step=100, gamma=0.1, metric_ks=[5, 10, 20], optimizer='Adam', lr=0.001, weight_decay=0, momentum=None, lambda_uncertainty=0.001, eval_interval=20, patience=5, eps=0.001, sample_N=30, lambda_t=0.001, dropout_c=0.1, eps_reverse=0.001, m_logNorm=1.0, s_logNorm=0.6, s_modsamp=1.0, last=2, mask_ratio=1.0, sampling_method='mode', Loss_Alpha=0.2, Loss_Beta=0.4, item_num=12102, user_num=22364)
